           <...>-6666    [024] dns..   389.943619: sched_update_nr_running: cpu=24 change=1 nr_running=11
           <...>-6666    [024] dns..   389.943623: sched_update_nr_running: cpu=24 change=1 nr_running=12
           <...>-6666    [024] dns..   389.943626: sched_update_nr_running: cpu=24 change=1 nr_running=13
           <...>-6686    [000] dns..   389.973572: sched_update_nr_running: cpu=0 change=1 nr_running=4
           <...>-6658    [039] dns..   389.973572: sched_update_nr_running: cpu=39 change=1 nr_running=7
           <...>-6659    [049] dns..   389.973575: sched_update_nr_running: cpu=54 change=-1 nr_running=2
           <...>-6754    [028] dns..   389.973576: sched_update_nr_running: cpu=24 change=-1 nr_running=12
           <...>-6659    [049] dns..   389.973580: sched_update_nr_running: cpu=49 change=1 nr_running=3
    xfsaild/dm-0-1121    [039] d....   389.973580: sched_update_nr_running: cpu=39 change=-1 nr_running=6
           <...>-6754    [028] dns..   389.973581: sched_update_nr_running: cpu=24 change=-1 nr_running=11
           <...>-6686    [000] dns..   389.973583: sched_update_nr_running: cpu=2 change=-1 nr_running=5
           <...>-6754    [028] dns..   389.973586: sched_update_nr_running: cpu=28 change=1 nr_running=8
           <...>-6686    [000] dns..   389.973587: sched_update_nr_running: cpu=0 change=1 nr_running=5
           <...>-6754    [028] dns..   389.973590: sched_update_nr_running: cpu=28 change=1 nr_running=9
       rcu_sched-16      [000] d....   389.973599: sched_update_nr_running: cpu=0 change=-1 nr_running=4
           <...>-6660    [001] dns..   389.983577: sched_update_nr_running: cpu=3 change=-1 nr_running=4
      sched_test-6835    [013] dns..   389.983577: sched_update_nr_running: cpu=15 change=-1 nr_running=7
      sched_test-6828    [042] dns..   389.983578: sched_update_nr_running: cpu=44 change=-1 nr_running=1
      sched_test-6919    [020] dns..   389.983578: sched_update_nr_running: cpu=22 change=-1 nr_running=8
           <...>-6660    [001] dns..   389.983580: sched_update_nr_running: cpu=3 change=-1 nr_running=3
      sched_test-6835    [013] dns..   389.983581: sched_update_nr_running: cpu=13 change=1 nr_running=8
      sched_test-6828    [042] dns..   389.983582: sched_update_nr_running: cpu=42 change=1 nr_running=11
      sched_test-6919    [020] dns..   389.983582: sched_update_nr_running: cpu=20 change=1 nr_running=9
           <...>-6660    [001] dns..   389.983583: sched_update_nr_running: cpu=3 change=-1 nr_running=2
           <...>-6660    [001] dns..   389.983586: sched_update_nr_running: cpu=3 change=-1 nr_running=1
           <...>-6660    [001] dns..   389.983591: sched_update_nr_running: cpu=1 change=1 nr_running=6
           <...>-6660    [001] dns..   389.983595: sched_update_nr_running: cpu=1 change=1 nr_running=7
           <...>-6660    [001] dns..   389.983599: sched_update_nr_running: cpu=1 change=1 nr_running=8
           <...>-6660    [001] dns..   389.983602: sched_update_nr_running: cpu=1 change=1 nr_running=9
           <...>-6669    [100] d.s..   389.993575: sched_update_nr_running: cpu=102 change=-1 nr_running=1
           <...>-6724    [095] d.s..   389.993576: sched_update_nr_running: cpu=91 change=-1 nr_running=1
           <...>-6669    [100] d.s..   389.993580: sched_update_nr_running: cpu=100 change=1 nr_running=2
           <...>-6724    [095] d.s..   389.993580: sched_update_nr_running: cpu=95 change=1 nr_running=2
           <...>-6620    [080] d.s..   390.003573: sched_update_nr_running: cpu=80 change=1 nr_running=2
           <...>-6932    [000] dns..   390.003573: sched_update_nr_running: cpu=0 change=1 nr_running=5
      sched_test-6890    [041] dns..   390.003578: sched_update_nr_running: cpu=42 change=-1 nr_running=10
      sched_test-6890    [041] dns..   390.003582: sched_update_nr_running: cpu=42 change=-1 nr_running=9
      sched_test-6890    [041] dns..   390.003587: sched_update_nr_running: cpu=42 change=-1 nr_running=8
       rcu_sched-16      [000] d....   390.003592: sched_update_nr_running: cpu=0 change=-1 nr_running=4
      sched_test-6890    [041] dns..   390.003592: sched_update_nr_running: cpu=42 change=-1 nr_running=7
      sched_test-6890    [041] dns..   390.003595: sched_update_nr_running: cpu=42 change=-1 nr_running=6
      sched_test-6890    [041] dns..   390.003601: sched_update_nr_running: cpu=41 change=1 nr_running=9
      sched_test-6890    [041] dns..   390.003604: sched_update_nr_running: cpu=41 change=1 nr_running=10
      sched_test-6890    [041] dns..   390.003608: sched_update_nr_running: cpu=41 change=1 nr_running=11
      sched_test-6890    [041] dns..   390.003612: sched_update_nr_running: cpu=41 change=1 nr_running=12
      sched_test-6890    [041] dns..   390.003615: sched_update_nr_running: cpu=41 change=1 nr_running=13
           <...>-659     [080] d....   390.003671: sched_update_nr_running: cpu=80 change=-1 nr_running=1
           <...>-6820    [056] d.s..   390.013588: sched_update_nr_running: cpu=49 change=-1 nr_running=2
           <...>-6820    [056] d.s..   390.013593: sched_update_nr_running: cpu=56 change=1 nr_running=2
           <...>-6847    [000] dns..   390.023588: sched_update_nr_running: cpu=41 change=-1 nr_running=12
           <...>-6847    [000] dns..   390.023593: sched_update_nr_running: cpu=41 change=-1 nr_running=11
           <...>-6847    [000] dns..   390.023597: sched_update_nr_running: cpu=41 change=-1 nr_running=10
           <...>-6847    [000] dns..   390.023601: sched_update_nr_running: cpu=41 change=-1 nr_running=9
           <...>-6847    [000] dns..   390.023605: sched_update_nr_running: cpu=41 change=-1 nr_running=8
           <...>-6847    [000] dns..   390.023611: sched_update_nr_running: cpu=0 change=1 nr_running=5
           <...>-6847    [000] dns..   390.023615: sched_update_nr_running: cpu=0 change=1 nr_running=6
           <...>-6847    [000] dns..   390.023619: sched_update_nr_running: cpu=0 change=1 nr_running=7
           <...>-6847    [000] dns..   390.023623: sched_update_nr_running: cpu=0 change=1 nr_running=8
           <...>-6847    [000] dns..   390.023627: sched_update_nr_running: cpu=0 change=1 nr_running=9
           <...>-6731    [017] d.h..   390.027383: sched_update_nr_running: cpu=17 change=1 nr_running=10
           <...>-1473    [017] d....   390.027404: sched_update_nr_running: cpu=17 change=-1 nr_running=9
      sched_test-6753    [000] dns..   390.033575: sched_update_nr_running: cpu=0 change=1 nr_running=10
           <...>-6737    [103] d.s..   390.033579: sched_update_nr_running: cpu=101 change=-1 nr_running=1
           <...>-6836    [008] dns..   390.033580: sched_update_nr_running: cpu=12 change=-1 nr_running=7
      sched_test-6711    [026] dns..   390.033580: sched_update_nr_running: cpu=24 change=-1 nr_running=10
           <...>-6737    [103] d.s..   390.033584: sched_update_nr_running: cpu=103 change=1 nr_running=2
      sched_test-6711    [026] dns..   390.033584: sched_update_nr_running: cpu=24 change=-1 nr_running=9
           <...>-6836    [008] dns..   390.033585: sched_update_nr_running: cpu=8 change=1 nr_running=8
      sched_test-6711    [026] dns..   390.033589: sched_update_nr_running: cpu=26 change=1 nr_running=8
      sched_test-6711    [026] dns..   390.033593: sched_update_nr_running: cpu=26 change=1 nr_running=9
       rcu_sched-16      [000] d....   390.033597: sched_update_nr_running: cpu=0 change=-1 nr_running=9
           <...>-6932    [000] d.s..   390.041063: sched_update_nr_running: cpu=0 change=1 nr_running=10
  NetworkManager-1458    [000] d....   390.041157: sched_update_nr_running: cpu=0 change=-1 nr_running=9
      sched_test-6802    [039] dns..   390.043575: sched_update_nr_running: cpu=39 change=1 nr_running=7
           <...>-6722    [062] d.s..   390.043579: sched_update_nr_running: cpu=56 change=-1 nr_running=1
           <...>-6825    [042] dns..   390.043579: sched_update_nr_running: cpu=46 change=-1 nr_running=9
      sched_test-6590    [004] dns..   390.043580: sched_update_nr_running: cpu=0 change=-1 nr_running=8
           <...>-6795    [032] dns..   390.043580: sched_update_nr_running: cpu=34 change=-1 nr_running=5
           <...>-6593    [036] dns..   390.043580: sched_update_nr_running: cpu=38 change=-1 nr_running=5
           <...>-6917    [018] dns..   390.043581: sched_update_nr_running: cpu=20 change=-1 nr_running=8
           <...>-6725    [007] dns..   390.043581: sched_update_nr_running: cpu=1 change=-1 nr_running=8
           <...>-6638    [010] dns..   390.043581: sched_update_nr_running: cpu=8 change=-1 nr_running=7
           <...>-6885    [030] dns..   390.043581: sched_update_nr_running: cpu=26 change=-1 nr_running=8
           <...>-6825    [042] dns..   390.043583: sched_update_nr_running: cpu=46 change=-1 nr_running=8
    xfsaild/dm-0-1121    [039] d....   390.043583: sched_update_nr_running: cpu=39 change=-1 nr_running=6
           <...>-6722    [062] d.s..   390.043584: sched_update_nr_running: cpu=62 change=1 nr_running=2
           <...>-6593    [036] dns..   390.043584: sched_update_nr_running: cpu=36 change=1 nr_running=6
           <...>-6725    [007] dns..   390.043584: sched_update_nr_running: cpu=1 change=-1 nr_running=7
           <...>-6917    [018] dns..   390.043585: sched_update_nr_running: cpu=18 change=1 nr_running=9
           <...>-6795    [032] dns..   390.043585: sched_update_nr_running: cpu=32 change=1 nr_running=6
      sched_test-6844    [002] dns..   390.043585: sched_update_nr_running: cpu=0 change=-1 nr_running=7
      sched_test-6590    [004] dns..   390.043585: sched_update_nr_running: cpu=4 change=1 nr_running=6
           <...>-6638    [010] dns..   390.043585: sched_update_nr_running: cpu=10 change=1 nr_running=8
           <...>-6885    [030] dns..   390.043587: sched_update_nr_running: cpu=30 change=1 nr_running=9
           <...>-6825    [042] dns..   390.043587: sched_update_nr_running: cpu=42 change=1 nr_running=7
           <...>-6725    [007] dns..   390.043588: sched_update_nr_running: cpu=7 change=1 nr_running=6
           <...>-6723    [005] dns..   390.043588: sched_update_nr_running: cpu=1 change=-1 nr_running=6
           <...>-6611    [006] dns..   390.043589: sched_update_nr_running: cpu=0 change=-1 nr_running=6
      sched_test-6844    [002] dns..   390.043589: sched_update_nr_running: cpu=2 change=1 nr_running=6
           <...>-6825    [042] dns..   390.043591: sched_update_nr_running: cpu=42 change=1 nr_running=8
           <...>-6725    [007] dns..   390.043592: sched_update_nr_running: cpu=7 change=1 nr_running=7
           <...>-6723    [005] dns..   390.043592: sched_update_nr_running: cpu=1 change=-1 nr_running=5
           <...>-6611    [006] dns..   390.043593: sched_update_nr_running: cpu=6 change=1 nr_running=6
           <...>-6723    [005] dns..   390.043596: sched_update_nr_running: cpu=5 change=1 nr_running=5
           <...>-6723    [005] dns..   390.043600: sched_update_nr_running: cpu=5 change=1 nr_running=6
           <...>-6707    [098] d.s..   390.053579: sched_update_nr_running: cpu=100 change=-1 nr_running=1
           <...>-6707    [098] d.s..   390.053583: sched_update_nr_running: cpu=98 change=1 nr_running=2
           <...>-6609    [000] dns..   390.063576: sched_update_nr_running: cpu=0 change=1 nr_running=7
       rcu_sched-16      [000] d....   390.063589: sched_update_nr_running: cpu=0 change=-1 nr_running=6
           <...>-6815    [032] dns..   390.073589: sched_update_nr_running: cpu=17 change=-1 nr_running=8
           <...>-6815    [032] dns..   390.073594: sched_update_nr_running: cpu=17 change=-1 nr_running=7
           <...>-6815    [032] dns..   390.073598: sched_update_nr_running: cpu=17 change=-1 nr_running=6
           <...>-6815    [032] dns..   390.073602: sched_update_nr_running: cpu=17 change=-1 nr_running=5
           <...>-6815    [032] dns..   390.073606: sched_update_nr_running: cpu=17 change=-1 nr_running=4
           <...>-6815    [032] dns..   390.073610: sched_update_nr_running: cpu=17 change=-1 nr_running=3
           <...>-6815    [032] dns..   390.073614: sched_update_nr_running: cpu=17 change=-1 nr_running=2
           <...>-6815    [032] dns..   390.073618: sched_update_nr_running: cpu=32 change=1 nr_running=7
           <...>-6815    [032] dns..   390.073622: sched_update_nr_running: cpu=32 change=1 nr_running=8
           <...>-6815    [032] dns..   390.073625: sched_update_nr_running: cpu=32 change=1 nr_running=9
           <...>-6815    [032] dns..   390.073629: sched_update_nr_running: cpu=32 change=1 nr_running=10
           <...>-6815    [032] dns..   390.073632: sched_update_nr_running: cpu=32 change=1 nr_running=11
           <...>-6815    [032] dns..   390.073636: sched_update_nr_running: cpu=32 change=1 nr_running=12
           <...>-6815    [032] dns..   390.073639: sched_update_nr_running: cpu=32 change=1 nr_running=13
           <...>-6932    [000] dns..   390.093577: sched_update_nr_running: cpu=0 change=1 nr_running=7
           <...>-6685    [051] d.s..   390.093580: sched_update_nr_running: cpu=53 change=-1 nr_running=1
           <...>-6713    [038] dns..   390.093581: sched_update_nr_running: cpu=32 change=-1 nr_running=12
           <...>-6713    [038] dns..   390.093584: sched_update_nr_running: cpu=32 change=-1 nr_running=11
           <...>-6685    [051] d.s..   390.093585: sched_update_nr_running: cpu=51 change=1 nr_running=2
       rcu_sched-16      [000] d....   390.093587: sched_update_nr_running: cpu=0 change=-1 nr_running=6
           <...>-6713    [038] dns..   390.093589: sched_update_nr_running: cpu=38 change=1 nr_running=6
           <...>-6821    [034] dns..   390.093589: sched_update_nr_running: cpu=32 change=-1 nr_running=10
           <...>-6713    [038] dns..   390.093592: sched_update_nr_running: cpu=38 change=1 nr_running=7
           <...>-6821    [034] dns..   390.093592: sched_update_nr_running: cpu=32 change=-1 nr_running=9
           <...>-6821    [034] dns..   390.093597: sched_update_nr_running: cpu=34 change=1 nr_running=6
           <...>-6821    [034] dns..   390.093600: sched_update_nr_running: cpu=34 change=1 nr_running=7
           <...>-6593    [036] dns..   390.103581: sched_update_nr_running: cpu=32 change=-1 nr_running=8
           <...>-6826    [041] dns..   390.103582: sched_update_nr_running: cpu=45 change=-1 nr_running=8
           <...>-6654    [003] d.s..   390.103582: sched_update_nr_running: cpu=7 change=-1 nr_running=6
      sched_test-6804    [044] d.s..   390.103582: sched_update_nr_running: cpu=40 change=-1 nr_running=8
           <...>-6803    [011] dns..   390.103583: sched_update_nr_running: cpu=13 change=-1 nr_running=7
           <...>-6619    [022] dns..   390.103583: sched_update_nr_running: cpu=18 change=-1 nr_running=8
           <...>-6949    [017] dns..   390.103584: sched_update_nr_running: cpu=19 change=-1 nr_running=8
           <...>-6593    [036] dns..   390.103586: sched_update_nr_running: cpu=36 change=1 nr_running=7
           <...>-6826    [041] dns..   390.103587: sched_update_nr_running: cpu=41 change=1 nr_running=9
           <...>-6654    [003] d.s..   390.103587: sched_update_nr_running: cpu=7 change=-1 nr_running=5
      sched_test-6804    [044] d.s..   390.103587: sched_update_nr_running: cpu=40 change=-1 nr_running=7
           <...>-6619    [022] dns..   390.103588: sched_update_nr_running: cpu=22 change=1 nr_running=9
           <...>-6803    [011] dns..   390.103588: sched_update_nr_running: cpu=11 change=1 nr_running=8
           <...>-6949    [017] dns..   390.103588: sched_update_nr_running: cpu=19 change=-1 nr_running=7
           <...>-6609    [000] d.h..   390.103589: sched_update_nr_running: cpu=0 change=1 nr_running=7
      sched_test-6804    [044] d.s..   390.103591: sched_update_nr_running: cpu=40 change=-1 nr_running=6
           <...>-6654    [003] d.s..   390.103592: sched_update_nr_running: cpu=3 change=1 nr_running=2
           <...>-6949    [017] dns..   390.103594: sched_update_nr_running: cpu=17 change=1 nr_running=3
           <...>-6654    [003] dns..   390.103596: sched_update_nr_running: cpu=3 change=1 nr_running=3
      sched_test-6804    [044] d.s..   390.103596: sched_update_nr_running: cpu=44 change=1 nr_running=2
           <...>-6949    [017] dns..   390.103598: sched_update_nr_running: cpu=17 change=1 nr_running=4
      sched_test-6804    [044] dns..   390.103600: sched_update_nr_running: cpu=44 change=1 nr_running=3
      sched_test-6804    [044] dns..   390.103604: sched_update_nr_running: cpu=44 change=1 nr_running=4
       rcu_sched-16      [000] d....   390.103609: sched_update_nr_running: cpu=0 change=-1 nr_running=6
           <...>-6656    [039] dns..   390.113578: sched_update_nr_running: cpu=39 change=1 nr_running=7
           <...>-6571    [058] d.s..   390.113582: sched_update_nr_running: cpu=62 change=-1 nr_running=1
    xfsaild/dm-0-1121    [039] d....   390.113586: sched_update_nr_running: cpu=39 change=-1 nr_running=6
           <...>-6571    [058] d.s..   390.113587: sched_update_nr_running: cpu=58 change=1 nr_running=2
           <...>-6764    [000] dns..   390.123579: sched_update_nr_running: cpu=0 change=1 nr_running=7
       rcu_sched-16      [000] d....   390.123597: sched_update_nr_running: cpu=0 change=-1 nr_running=6
           <...>-6842    [040] dns..   390.133584: sched_update_nr_running: cpu=41 change=-1 nr_running=8
           <...>-6759    [033] dns..   390.133584: sched_update_nr_running: cpu=32 change=-1 nr_running=7
           <...>-6842    [040] dns..   390.133589: sched_update_nr_running: cpu=41 change=-1 nr_running=7
           <...>-6759    [033] dns..   390.133589: sched_update_nr_running: cpu=32 change=-1 nr_running=6
           <...>-6842    [040] dns..   390.133592: sched_update_nr_running: cpu=41 change=-1 nr_running=6
           <...>-6759    [033] dns..   390.133593: sched_update_nr_running: cpu=32 change=-1 nr_running=5
           <...>-6842    [040] dns..   390.133598: sched_update_nr_running: cpu=40 change=1 nr_running=7
           <...>-6759    [033] dns..   390.133598: sched_update_nr_running: cpu=33 change=1 nr_running=7
           <...>-6842    [040] dns..   390.133601: sched_update_nr_running: cpu=40 change=1 nr_running=8
           <...>-6759    [033] dns..   390.133602: sched_update_nr_running: cpu=33 change=1 nr_running=8
           <...>-6842    [040] dns..   390.133605: sched_update_nr_running: cpu=40 change=1 nr_running=9
           <...>-6759    [033] dns..   390.133606: sched_update_nr_running: cpu=33 change=1 nr_running=9
      sched_test-6863    [000] d.s..   390.142628: sched_update_nr_running: cpu=0 change=1 nr_running=7
  NetworkManager-1458    [000] d....   390.142739: sched_update_nr_running: cpu=0 change=-1 nr_running=6
           <...>-6715    [102] d.s..   390.143583: sched_update_nr_running: cpu=98 change=-1 nr_running=1
           <...>-6715    [102] d.s..   390.143588: sched_update_nr_running: cpu=102 change=1 nr_running=2
           <...>-6932    [000] dns..   390.153581: sched_update_nr_running: cpu=0 change=1 nr_running=7
           <...>-6791    [026] dns..   390.153585: sched_update_nr_running: cpu=24 change=-1 nr_running=8
      sched_test-6878    [008] dns..   390.153586: sched_update_nr_running: cpu=10 change=-1 nr_running=7
           <...>-6791    [026] dns..   390.153590: sched_update_nr_running: cpu=26 change=1 nr_running=9
      sched_test-6878    [008] dns..   390.153590: sched_update_nr_running: cpu=8 change=1 nr_running=8
       rcu_sched-16      [000] d....   390.153601: sched_update_nr_running: cpu=0 change=-1 nr_running=6
           <...>-6585    [015] dns..   390.163585: sched_update_nr_running: cpu=11 change=-1 nr_running=7
      sched_test-6804    [044] dns..   390.163585: sched_update_nr_running: cpu=40 change=-1 nr_running=8
           <...>-6654    [003] dns..   390.163585: sched_update_nr_running: cpu=5 change=-1 nr_running=5
      sched_test-6782    [017] dns..   390.163586: sched_update_nr_running: cpu=21 change=-1 nr_running=8
           <...>-6833    [012] dns..   390.163586: sched_update_nr_running: cpu=8 change=-1 nr_running=7
           <...>-6826    [041] dns..   390.163586: sched_update_nr_running: cpu=47 change=-1 nr_running=8
      sched_test-6804    [044] dns..   390.163588: sched_update_nr_running: cpu=40 change=-1 nr_running=7
           <...>-6585    [015] dns..   390.163589: sched_update_nr_running: cpu=15 change=1 nr_running=8
           <...>-6654    [003] dns..   390.163590: sched_update_nr_running: cpu=3 change=1 nr_running=4
           <...>-6826    [041] dns..   390.163590: sched_update_nr_running: cpu=47 change=-1 nr_running=7
      sched_test-6782    [017] dns..   390.163591: sched_update_nr_running: cpu=21 change=-1 nr_running=7
      sched_test-6804    [044] dns..   390.163591: sched_update_nr_running: cpu=40 change=-1 nr_running=6
           <...>-6833    [012] dns..   390.163591: sched_update_nr_running: cpu=12 change=1 nr_running=8
      sched_test-6804    [044] dns..   390.163594: sched_update_nr_running: cpu=44 change=1 nr_running=5
           <...>-6826    [041] dns..   390.163595: sched_update_nr_running: cpu=41 change=1 nr_running=7
      sched_test-6782    [017] dns..   390.163596: sched_update_nr_running: cpu=17 change=1 nr_running=5
      sched_test-6804    [044] dns..   390.163598: sched_update_nr_running: cpu=44 change=1 nr_running=6
           <...>-6826    [041] dns..   390.163598: sched_update_nr_running: cpu=41 change=1 nr_running=8
      sched_test-6782    [017] dns..   390.163600: sched_update_nr_running: cpu=17 change=1 nr_running=6
      sched_test-6804    [044] dns..   390.163602: sched_update_nr_running: cpu=44 change=1 nr_running=7
           <...>-6952    [054] dns..   390.173581: sched_update_nr_running: cpu=54 change=1 nr_running=3
           <...>-6601    [100] d.s..   390.173585: sched_update_nr_running: cpu=102 change=-1 nr_running=1
           <...>-6673    [037] dns..   390.173586: sched_update_nr_running: cpu=33 change=-1 nr_running=8
           <...>-6601    [100] d.s..   390.173589: sched_update_nr_running: cpu=100 change=1 nr_running=2
           <...>-6673    [037] dns..   390.173591: sched_update_nr_running: cpu=37 change=1 nr_running=7
           <...>-560     [054] d....   390.173595: sched_update_nr_running: cpu=54 change=-1 nr_running=2
           <...>-6874    [039] dns..   390.183582: sched_update_nr_running: cpu=39 change=1 nr_running=7
      sched_test-6863    [000] dns..   390.183582: sched_update_nr_running: cpu=0 change=1 nr_running=7
    xfsaild/dm-0-1121    [039] d....   390.183590: sched_update_nr_running: cpu=39 change=-1 nr_running=6
       rcu_sched-16      [000] d....   390.183593: sched_update_nr_running: cpu=0 change=-1 nr_running=6
      sched_test-6606    [000] dns..   390.199083: sched_update_nr_running: cpu=0 change=1 nr_running=7
            sshd-5428    [000] d....   390.199143: sched_update_nr_running: cpu=4 change=1 nr_running=7
  kworker/u321:0-534     [004] d....   390.199153: sched_update_nr_running: cpu=4 change=1 nr_running=8
            sshd-5428    [000] d....   390.199156: sched_update_nr_running: cpu=0 change=-1 nr_running=6
  kworker/u321:0-534     [004] d....   390.199156: sched_update_nr_running: cpu=4 change=-1 nr_running=7
           <...>-6659    [056] d.s..   390.213586: sched_update_nr_running: cpu=58 change=-1 nr_running=1
           <...>-6659    [056] d.s..   390.213590: sched_update_nr_running: cpu=56 change=1 nr_running=2
           <...>-6932    [000] dnH..   390.213593: sched_update_nr_running: cpu=0 change=1 nr_running=7
       rcu_sched-16      [000] d....   390.213614: sched_update_nr_running: cpu=0 change=-1 nr_running=6
      sched_test-6753    [000] d.s..   390.216532: sched_update_nr_running: cpu=0 change=1 nr_running=7
  NetworkManager-1458    [000] d....   390.216622: sched_update_nr_running: cpu=0 change=-1 nr_running=6
             zsh-5429    [004] d....   390.220307: sched_update_nr_running: cpu=4 change=1 nr_running=8
  kworker/u321:0-534     [004] d....   390.220323: sched_update_nr_running: cpu=4 change=1 nr_running=9
  kworker/u321:0-534     [004] d....   390.220326: sched_update_nr_running: cpu=4 change=-1 nr_running=8
            sshd-5428    [004] d....   390.220410: sched_update_nr_running: cpu=4 change=-1 nr_running=7
           <...>-6820    [062] d.s..   390.223588: sched_update_nr_running: cpu=56 change=-1 nr_running=1
      sched_test-6919    [020] dns..   390.223588: sched_update_nr_running: cpu=22 change=-1 nr_running=8
           <...>-6653    [013] dns..   390.223588: sched_update_nr_running: cpu=15 change=-1 nr_running=7
      sched_test-6782    [017] dns..   390.223588: sched_update_nr_running: cpu=23 change=-1 nr_running=7
      sched_test-6869    [003] dns..   390.223589: sched_update_nr_running: cpu=5 change=-1 nr_running=4
      sched_test-6844    [002] dns..   390.223589: sched_update_nr_running: cpu=4 change=-1 nr_running=6
           <...>-6625    [032] dns..   390.223589: sched_update_nr_running: cpu=34 change=-1 nr_running=6
           <...>-6611    [006] dns..   390.223590: sched_update_nr_running: cpu=0 change=-1 nr_running=5
           <...>-6653    [013] dns..   390.223592: sched_update_nr_running: cpu=13 change=1 nr_running=8
      sched_test-6919    [020] dns..   390.223592: sched_update_nr_running: cpu=20 change=1 nr_running=9
      sched_test-6782    [017] dns..   390.223593: sched_update_nr_running: cpu=17 change=1 nr_running=7
           <...>-6820    [062] d.s..   390.223593: sched_update_nr_running: cpu=62 change=1 nr_running=2
           <...>-6611    [006] dns..   390.223594: sched_update_nr_running: cpu=6 change=1 nr_running=7
      sched_test-6844    [002] dns..   390.223594: sched_update_nr_running: cpu=2 change=1 nr_running=7
      sched_test-6869    [003] dns..   390.223594: sched_update_nr_running: cpu=3 change=1 nr_running=5
           <...>-6625    [032] dns..   390.223594: sched_update_nr_running: cpu=32 change=1 nr_running=6
           <...>-6707    [098] d.s..   390.233586: sched_update_nr_running: cpu=100 change=-1 nr_running=1
           <...>-6684    [101] d.s..   390.233587: sched_update_nr_running: cpu=103 change=-1 nr_running=1
           <...>-6829    [001] dns..   390.233589: sched_update_nr_running: cpu=2 change=-1 nr_running=6
           <...>-6707    [098] d.s..   390.233591: sched_update_nr_running: cpu=98 change=1 nr_running=2
           <...>-6684    [101] d.s..   390.233591: sched_update_nr_running: cpu=101 change=1 nr_running=2
           <...>-6829    [001] dns..   390.233593: sched_update_nr_running: cpu=2 change=-1 nr_running=5
           <...>-6829    [001] dns..   390.233597: sched_update_nr_running: cpu=2 change=-1 nr_running=4
           <...>-6829    [001] dns..   390.233601: sched_update_nr_running: cpu=1 change=1 nr_running=6
           <...>-6829    [001] dns..   390.233604: sched_update_nr_running: cpu=1 change=1 nr_running=7
           <...>-6829    [001] dns..   390.233608: sched_update_nr_running: cpu=1 change=1 nr_running=8
           <...>-6764    [000] d.s..   390.241484: sched_update_nr_running: cpu=0 change=1 nr_running=6
  NetworkManager-1458    [000] d....   390.241601: sched_update_nr_running: cpu=0 change=-1 nr_running=5
           <...>-6873    [097] dns..   390.243585: sched_update_nr_running: cpu=97 change=1 nr_running=3
      sched_test-6606    [000] d.s..   390.243585: sched_update_nr_running: cpu=0 change=1 nr_running=6
      sched_test-6709    [053] d.s..   390.243588: sched_update_nr_running: cpu=55 change=-1 nr_running=1
      sched_test-6606    [000] dns..   390.243590: sched_update_nr_running: cpu=0 change=1 nr_running=7
      sched_test-6709    [053] d.s..   390.243593: sched_update_nr_running: cpu=53 change=1 nr_running=2
      kcompactd0-559     [000] d....   390.243599: sched_update_nr_running: cpu=0 change=-1 nr_running=6
       rcu_sched-16      [000] d....   390.243613: sched_update_nr_running: cpu=0 change=-1 nr_running=5
             zsh-5429    [002] dn...   390.247207: sched_update_nr_running: cpu=2 change=-1 nr_running=3
      sched_test-6661    [039] dns..   390.253585: sched_update_nr_running: cpu=39 change=1 nr_running=7
           <...>-6587    [035] dns..   390.253589: sched_update_nr_running: cpu=33 change=-1 nr_running=7
    xfsaild/dm-0-1121    [039] d....   390.253592: sched_update_nr_running: cpu=39 change=-1 nr_running=6
           <...>-6587    [035] dns..   390.253593: sched_update_nr_running: cpu=35 change=1 nr_running=7
           <...>-675     [097] d....   390.253659: sched_update_nr_running: cpu=97 change=-1 nr_running=2
      sched_test-6753    [000] dns..   390.273587: sched_update_nr_running: cpu=0 change=1 nr_running=6
           <...>-6726    [008] dns..   390.273591: sched_update_nr_running: cpu=12 change=-1 nr_running=7
           <...>-6726    [008] dns..   390.273595: sched_update_nr_running: cpu=8 change=1 nr_running=8
       rcu_sched-16      [000] d....   390.273607: sched_update_nr_running: cpu=0 change=-1 nr_running=5
      sched_test-6844    [002] dns..   390.283591: sched_update_nr_running: cpu=6 change=-1 nr_running=6
      sched_test-6802    [039] dns..   390.283591: sched_update_nr_running: cpu=35 change=-1 nr_running=6
           <...>-6591    [010] dns..   390.283591: sched_update_nr_running: cpu=8 change=-1 nr_running=7
      sched_test-6703    [040] dns..   390.283591: sched_update_nr_running: cpu=42 change=-1 nr_running=7
           <...>-6798    [047] dns..   390.283591: sched_update_nr_running: cpu=43 change=-1 nr_running=7
      sched_test-6852    [018] dns..   390.283592: sched_update_nr_running: cpu=20 change=-1 nr_running=8
      sched_test-6844    [002] dns..   390.283594: sched_update_nr_running: cpu=6 change=-1 nr_running=5
      sched_test-6802    [039] dns..   390.283596: sched_update_nr_running: cpu=39 change=1 nr_running=7
      sched_test-6852    [018] dns..   390.283596: sched_update_nr_running: cpu=18 change=1 nr_running=9
           <...>-6591    [010] dns..   390.283596: sched_update_nr_running: cpu=10 change=1 nr_running=8
           <...>-6798    [047] dns..   390.283596: sched_update_nr_running: cpu=47 change=1 nr_running=8
      sched_test-6703    [040] dns..   390.283596: sched_update_nr_running: cpu=40 change=1 nr_running=7
      sched_test-6844    [002] dns..   390.283598: sched_update_nr_running: cpu=2 change=1 nr_running=4
      sched_test-6844    [002] dns..   390.283602: sched_update_nr_running: cpu=2 change=1 nr_running=5
           <...>-6761    [101] dns..   390.293590: sched_update_nr_running: cpu=97 change=-1 nr_running=1
           <...>-6761    [101] dns..   390.293594: sched_update_nr_running: cpu=101 change=1 nr_running=3
      sched_test-6606    [000] dns..   390.303588: sched_update_nr_running: cpu=0 change=1 nr_running=6
           <...>-6736    [099] dns..   390.303591: sched_update_nr_running: cpu=101 change=-1 nr_running=2
           <...>-6736    [099] dns..   390.303595: sched_update_nr_running: cpu=101 change=-1 nr_running=1
           <...>-6736    [099] dns..   390.303599: sched_update_nr_running: cpu=99 change=1 nr_running=3
           <...>-6736    [099] dns..   390.303603: sched_update_nr_running: cpu=99 change=1 nr_running=4
       rcu_sched-16      [000] d....   390.303607: sched_update_nr_running: cpu=0 change=-1 nr_running=5
           <...>-6587    [035] dns..   390.313591: sched_update_nr_running: cpu=39 change=-1 nr_running=6
           <...>-6587    [035] dns..   390.313596: sched_update_nr_running: cpu=35 change=1 nr_running=7
      sched_test-6753    [000] dns..   390.323589: sched_update_nr_running: cpu=0 change=1 nr_running=6
      sched_test-6661    [039] dns..   390.323589: sched_update_nr_running: cpu=39 change=1 nr_running=7
           <...>-6669    [102] d.s..   390.323592: sched_update_nr_running: cpu=96 change=-1 nr_running=1
      sched_test-6753    [000] dns..   390.323594: sched_update_nr_running: cpu=0 change=1 nr_running=7
           <...>-6669    [102] d.s..   390.323596: sched_update_nr_running: cpu=102 change=1 nr_running=2
    xfsaild/dm-0-1121    [039] d....   390.323597: sched_update_nr_running: cpu=39 change=-1 nr_running=6
           <...>-9       [000] d....   390.323612: sched_update_nr_running: cpu=2 change=1 nr_running=6
           <...>-9       [000] d....   390.323617: sched_update_nr_running: cpu=4 change=1 nr_running=7
           <...>-588     [002] d....   390.323626: sched_update_nr_running: cpu=2 change=-1 nr_running=5
           <...>-589     [004] d....   390.323628: sched_update_nr_running: cpu=4 change=-1 nr_running=6
      sched_test-6893    [044] d.h..   390.323649: sched_update_nr_running: cpu=44 change=1 nr_running=8
           <...>-627     [044] d....   390.323663: sched_update_nr_running: cpu=44 change=-1 nr_running=7
           <...>-6845    [059] d.h..   390.323663: sched_update_nr_running: cpu=59 change=1 nr_running=2
           <...>-6846    [065] d.h..   390.323671: sched_update_nr_running: cpu=65 change=1 nr_running=2
           <...>-641     [059] d....   390.323682: sched_update_nr_running: cpu=59 change=-1 nr_running=1
           <...>-6624    [084] d.h..   390.323684: sched_update_nr_running: cpu=84 change=1 nr_running=2
           <...>-9       [000] d....   390.323689: sched_update_nr_running: cpu=0 change=-1 nr_running=6
           <...>-642     [065] d....   390.323689: sched_update_nr_running: cpu=65 change=-1 nr_running=1
    kworker/84:1-668     [084] d....   390.323700: sched_update_nr_running: cpu=84 change=-1 nr_running=1
       rcu_sched-16      [000] d....   390.323706: sched_update_nr_running: cpu=0 change=-1 nr_running=5
           <...>-6658    [039] d.h..   390.324598: sched_update_nr_running: cpu=39 change=1 nr_running=7
           <...>-6821    [034] dns..   390.333593: sched_update_nr_running: cpu=36 change=-1 nr_running=6
           <...>-6199    [039] d....   390.333597: sched_update_nr_running: cpu=39 change=-1 nr_running=6
           <...>-6821    [034] dns..   390.333598: sched_update_nr_running: cpu=34 change=1 nr_running=7
           <...>-6609    [000] d.s..   390.341347: sched_update_nr_running: cpu=0 change=1 nr_running=6
  NetworkManager-1458    [000] d....   390.341446: sched_update_nr_running: cpu=0 change=-1 nr_running=5
      sched_test-6606    [000] d.s..   390.341990: sched_update_nr_running: cpu=0 change=1 nr_running=6
  NetworkManager-1458    [000] d....   390.342082: sched_update_nr_running: cpu=0 change=-1 nr_running=5
      sched_test-6606    [000] d.s..   390.342292: sched_update_nr_running: cpu=0 change=1 nr_running=6
  NetworkManager-1458    [000] d....   390.342382: sched_update_nr_running: cpu=0 change=-1 nr_running=5
           <...>-6625    [032] dns..   390.343594: sched_update_nr_running: cpu=34 change=-1 nr_running=6
           <...>-6611    [002] dns..   390.343594: sched_update_nr_running: cpu=0 change=-1 nr_running=4
           <...>-6813    [011] dns..   390.343595: sched_update_nr_running: cpu=13 change=-1 nr_running=7
           <...>-6912    [022] dns..   390.343595: sched_update_nr_running: cpu=18 change=-1 nr_running=8
      sched_test-6595    [005] dns..   390.343595: sched_update_nr_running: cpu=1 change=-1 nr_running=7
      sched_test-6595    [005] dns..   390.343598: sched_update_nr_running: cpu=1 change=-1 nr_running=6
           <...>-6625    [032] dns..   390.343599: sched_update_nr_running: cpu=32 change=1 nr_running=7
           <...>-6611    [002] dns..   390.343599: sched_update_nr_running: cpu=2 change=1 nr_running=6
           <...>-6912    [022] dns..   390.343599: sched_update_nr_running: cpu=22 change=1 nr_running=9
           <...>-6813    [011] dns..   390.343599: sched_update_nr_running: cpu=11 change=1 nr_running=8
      sched_test-6595    [005] dns..   390.343602: sched_update_nr_running: cpu=5 change=1 nr_running=5
           <...>-6660    [003] dns..   390.343603: sched_update_nr_running: cpu=1 change=-1 nr_running=5
           <...>-6692    [072] d.s..   390.343604: sched_update_nr_running: cpu=99 change=-1 nr_running=3
      sched_test-6595    [005] dns..   390.343606: sched_update_nr_running: cpu=5 change=1 nr_running=6
           <...>-6660    [003] dns..   390.343607: sched_update_nr_running: cpu=3 change=1 nr_running=6
           <...>-6692    [072] d.s..   390.343608: sched_update_nr_running: cpu=99 change=-1 nr_running=2
           <...>-6692    [072] d.s..   390.343613: sched_update_nr_running: cpu=72 change=1 nr_running=2
           <...>-6692    [072] d.s..   390.343617: sched_update_nr_running: cpu=72 change=1 nr_running=3
      sched_test-6606    [000] dns..   390.353591: sched_update_nr_running: cpu=0 change=1 nr_running=5
           <...>-6715    [100] d.s..   390.353592: sched_update_nr_running: cpu=102 change=-1 nr_running=1
      sched_test-6678    [055] d.s..   390.353593: sched_update_nr_running: cpu=49 change=-1 nr_running=1
           <...>-6715    [100] d.s..   390.353597: sched_update_nr_running: cpu=100 change=1 nr_running=2
      sched_test-6678    [055] d.s..   390.353598: sched_update_nr_running: cpu=55 change=1 nr_running=2
       rcu_sched-16      [000] d....   390.353605: sched_update_nr_running: cpu=0 change=-1 nr_running=4
           <...>-6764    [000] dns..   390.383591: sched_update_nr_running: cpu=0 change=1 nr_running=5
       rcu_sched-16      [000] d....   390.383602: sched_update_nr_running: cpu=0 change=-1 nr_running=4
           <...>-6658    [039] dns..   390.393592: sched_update_nr_running: cpu=39 change=1 nr_running=7
           <...>-6898    [074] d.s..   390.393595: sched_update_nr_running: cpu=72 change=-1 nr_running=2
           <...>-6737    [103] d.s..   390.393595: sched_update_nr_running: cpu=99 change=-1 nr_running=1
           <...>-6832    [008] dns..   390.393596: sched_update_nr_running: cpu=10 change=-1 nr_running=7
           <...>-6737    [103] d.s..   390.393600: sched_update_nr_running: cpu=103 change=1 nr_running=2
           <...>-6898    [074] d.s..   390.393600: sched_update_nr_running: cpu=74 change=1 nr_running=2
    xfsaild/dm-0-1121    [039] d....   390.393600: sched_update_nr_running: cpu=39 change=-1 nr_running=6
           <...>-6832    [008] dns..   390.393601: sched_update_nr_running: cpu=8 change=1 nr_running=8
           <...>-6609    [000] d.h..   390.393604: sched_update_nr_running: cpu=0 change=1 nr_running=5
       rcu_sched-16      [000] d....   390.393625: sched_update_nr_running: cpu=0 change=-1 nr_running=4
           <...>-6873    [097] d.s..   390.403592: sched_update_nr_running: cpu=97 change=1 nr_running=2
      sched_test-6590    [004] dns..   390.403593: sched_update_nr_running: cpu=4 change=1 nr_running=7
      sched_test-6851    [015] dns..   390.403597: sched_update_nr_running: cpu=11 change=-1 nr_running=7
           <...>-6706    [007] dns..   390.403597: sched_update_nr_running: cpu=3 change=-1 nr_running=5
      sched_test-6802    [039] dns..   390.403597: sched_update_nr_running: cpu=33 change=-1 nr_running=6
           <...>-6836    [012] dns..   390.403597: sched_update_nr_running: cpu=8 change=-1 nr_running=7
      sched_test-6590    [004] dns..   390.403599: sched_update_nr_running: cpu=4 change=1 nr_running=8
           <...>-6611    [002] dns..   390.403599: sched_update_nr_running: cpu=2 change=1 nr_running=7
      sched_test-6851    [015] dns..   390.403601: sched_update_nr_running: cpu=15 change=1 nr_running=8
      sched_test-6802    [039] dns..   390.403601: sched_update_nr_running: cpu=39 change=1 nr_running=7
           <...>-6706    [007] dns..   390.403601: sched_update_nr_running: cpu=7 change=1 nr_running=6
           <...>-6836    [012] dns..   390.403602: sched_update_nr_running: cpu=12 change=1 nr_running=8
           <...>-675     [097] d....   390.403604: sched_update_nr_running: cpu=97 change=-1 nr_running=1
           <...>-26      [002] d....   390.403618: sched_update_nr_running: cpu=2 change=-1 nr_running=6
  kworker/u321:0-534     [004] d....   390.404510: sched_update_nr_running: cpu=4 change=-1 nr_running=7
           <...>-589     [004] d....   390.404610: sched_update_nr_running: cpu=4 change=-1 nr_running=6
      sched_test-6753    [000] dns..   390.413595: sched_update_nr_running: cpu=0 change=1 nr_running=5
           <...>-6727    [078] d.s..   390.413601: sched_update_nr_running: cpu=74 change=-1 nr_running=1
           <...>-6727    [078] d.s..   390.413606: sched_update_nr_running: cpu=78 change=1 nr_running=2
       rcu_sched-16      [000] d....   390.413614: sched_update_nr_running: cpu=0 change=-1 nr_running=4
           <...>-6710    [004] dns..   390.423596: sched_update_nr_running: cpu=4 change=1 nr_running=7
           <...>-36      [004] d....   390.423623: sched_update_nr_running: cpu=4 change=-1 nr_running=6
           <...>-6609    [000] dns..   390.443593: sched_update_nr_running: cpu=0 change=1 nr_running=5
       rcu_sched-16      [000] d....   390.443605: sched_update_nr_running: cpu=0 change=-1 nr_running=4
      sched_test-6753    [000] d.s..   390.444056: sched_update_nr_running: cpu=0 change=1 nr_running=5
  NetworkManager-1458    [000] d....   390.444155: sched_update_nr_running: cpu=0 change=-1 nr_running=4
      sched_test-6753    [000] d.s..   390.444303: sched_update_nr_running: cpu=0 change=1 nr_running=5
  NetworkManager-1458    [000] d....   390.444513: sched_update_nr_running: cpu=0 change=-1 nr_running=4
      sched_test-6753    [000] d.s..   390.444603: sched_update_nr_running: cpu=0 change=1 nr_running=5
  NetworkManager-1458    [000] d....   390.444693: sched_update_nr_running: cpu=0 change=-1 nr_running=4
      sched_test-6753    [000] d.s..   390.444806: sched_update_nr_running: cpu=0 change=1 nr_running=5
  NetworkManager-1458    [000] d....   390.444894: sched_update_nr_running: cpu=0 change=-1 nr_running=4
           <...>-6898    [074] d.s..   390.453597: sched_update_nr_running: cpu=78 change=-1 nr_running=1
           <...>-6821    [034] dns..   390.453601: sched_update_nr_running: cpu=38 change=-1 nr_running=6
           <...>-6898    [074] d.s..   390.453602: sched_update_nr_running: cpu=74 change=1 nr_running=2
           <...>-6821    [034] dns..   390.453606: sched_update_nr_running: cpu=34 change=1 nr_running=7
           <...>-6658    [039] dns..   390.463595: sched_update_nr_running: cpu=39 change=1 nr_running=8
      sched_test-6946    [013] dns..   390.463598: sched_update_nr_running: cpu=15 change=-1 nr_running=7
           <...>-6670    [036] dns..   390.463599: sched_update_nr_running: cpu=34 change=-1 nr_running=6
      sched_test-6919    [020] dns..   390.463599: sched_update_nr_running: cpu=22 change=-1 nr_running=8
           <...>-6583    [049] d.s..   390.463599: sched_update_nr_running: cpu=55 change=-1 nr_running=1
           <...>-6759    [033] dns..   390.463599: sched_update_nr_running: cpu=39 change=-1 nr_running=7
      sched_test-6812    [001] dns..   390.463600: sched_update_nr_running: cpu=7 change=-1 nr_running=5
           <...>-6766    [006] dns..   390.463600: sched_update_nr_running: cpu=4 change=-1 nr_running=5
      sched_test-6946    [013] dns..   390.463602: sched_update_nr_running: cpu=13 change=1 nr_running=8
           <...>-6759    [033] dns..   390.463603: sched_update_nr_running: cpu=33 change=1 nr_running=7
           <...>-6670    [036] dns..   390.463603: sched_update_nr_running: cpu=36 change=1 nr_running=7
      sched_test-6919    [020] dns..   390.463603: sched_update_nr_running: cpu=20 change=1 nr_running=9
           <...>-6583    [049] d.s..   390.463604: sched_update_nr_running: cpu=49 change=1 nr_running=2
           <...>-6766    [006] dns..   390.463605: sched_update_nr_running: cpu=4 change=-1 nr_running=4
      sched_test-6812    [001] dns..   390.463605: sched_update_nr_running: cpu=1 change=1 nr_running=6
    xfsaild/dm-0-1121    [039] d....   390.463608: sched_update_nr_running: cpu=39 change=-1 nr_running=6
           <...>-6766    [006] dns..   390.463609: sched_update_nr_running: cpu=4 change=-1 nr_running=3
           <...>-6766    [006] dns..   390.463612: sched_update_nr_running: cpu=4 change=-1 nr_running=2
           <...>-6766    [006] dns..   390.463617: sched_update_nr_running: cpu=6 change=1 nr_running=6
           <...>-6766    [006] dns..   390.463621: sched_update_nr_running: cpu=6 change=1 nr_running=7
           <...>-6766    [006] dns..   390.463625: sched_update_nr_running: cpu=6 change=1 nr_running=8
           <...>-6766    [006] dns..   390.463629: sched_update_nr_running: cpu=6 change=1 nr_running=9
      sched_test-6606    [000] dns..   390.473595: sched_update_nr_running: cpu=0 change=1 nr_running=5
           <...>-6761    [101] d.s..   390.473597: sched_update_nr_running: cpu=103 change=-1 nr_running=1
           <...>-6783    [096] d.s..   390.473597: sched_update_nr_running: cpu=100 change=-1 nr_running=1
           <...>-6783    [096] d.s..   390.473601: sched_update_nr_running: cpu=96 change=1 nr_running=2
           <...>-6761    [101] d.s..   390.473602: sched_update_nr_running: cpu=101 change=1 nr_running=2
       rcu_sched-16      [000] d....   390.473606: sched_update_nr_running: cpu=0 change=-1 nr_running=4
      sched_test-6753    [000] d.s..   390.477765: sched_update_nr_running: cpu=0 change=1 nr_running=5
  NetworkManager-1458    [000] d....   390.477858: sched_update_nr_running: cpu=0 change=-1 nr_running=4
           <...>-6829    [001] dns..   390.483597: sched_update_nr_running: cpu=1 change=1 nr_running=7
           <...>-6949    [017] dns..   390.483598: sched_update_nr_running: cpu=17 change=1 nr_running=8
           <...>-6684    [099] d.s..   390.483599: sched_update_nr_running: cpu=101 change=-1 nr_running=1
           <...>-6684    [099] d.s..   390.483603: sched_update_nr_running: cpu=99 change=1 nr_running=2
       rcu_sched-16      [017] d....   390.483613: sched_update_nr_running: cpu=17 change=-1 nr_running=7
           <...>-553     [001] d....   390.483652: sched_update_nr_running: cpu=1 change=-1 nr_running=6
           <...>-6764    [000] dns..   390.493599: sched_update_nr_running: cpu=0 change=1 nr_running=5
       rcu_sched-16      [000] d....   390.493612: sched_update_nr_running: cpu=0 change=-1 nr_running=4
           <...>-6717    [102] d.s..   390.503600: sched_update_nr_running: cpu=96 change=-1 nr_running=1
           <...>-6717    [102] d.s..   390.503604: sched_update_nr_running: cpu=102 change=1 nr_running=2
           <...>-6875    [008] dns..   390.513603: sched_update_nr_running: cpu=12 change=-1 nr_running=7
      sched_test-6782    [017] dns..   390.513604: sched_update_nr_running: cpu=20 change=-1 nr_running=8
           <...>-6875    [008] dns..   390.513608: sched_update_nr_running: cpu=8 change=1 nr_running=8
      sched_test-6782    [017] dns..   390.513608: sched_update_nr_running: cpu=20 change=-1 nr_running=7
      sched_test-6782    [017] dns..   390.513612: sched_update_nr_running: cpu=17 change=1 nr_running=8
      sched_test-6782    [017] dns..   390.513616: sched_update_nr_running: cpu=17 change=1 nr_running=9
      sched_test-6606    [000] dns..   390.523598: sched_update_nr_running: cpu=0 change=1 nr_running=5
      sched_test-6882    [020] dns..   390.523603: sched_update_nr_running: cpu=16 change=-1 nr_running=8
      sched_test-6590    [004] dns..   390.523603: sched_update_nr_running: cpu=6 change=-1 nr_running=8
      sched_test-6878    [010] dns..   390.523604: sched_update_nr_running: cpu=8 change=-1 nr_running=7
      sched_test-6590    [004] dns..   390.523606: sched_update_nr_running: cpu=6 change=-1 nr_running=7
      sched_test-6882    [020] dns..   390.523607: sched_update_nr_running: cpu=20 change=1 nr_running=8
      sched_test-6878    [010] dns..   390.523609: sched_update_nr_running: cpu=10 change=1 nr_running=8
      sched_test-6590    [004] dns..   390.523610: sched_update_nr_running: cpu=4 change=1 nr_running=3
      sched_test-6590    [004] dns..   390.523613: sched_update_nr_running: cpu=4 change=1 nr_running=4
       rcu_sched-16      [000] d....   390.523615: sched_update_nr_running: cpu=0 change=-1 nr_running=4
           <...>-6732    [039] dns..   390.533600: sched_update_nr_running: cpu=39 change=1 nr_running=7
    xfsaild/dm-0-1121    [039] d....   390.533607: sched_update_nr_running: cpu=39 change=-1 nr_running=6
           <...>-6609    [000] d.s..   390.545273: sched_update_nr_running: cpu=0 change=1 nr_running=5
  NetworkManager-1458    [000] d....   390.545387: sched_update_nr_running: cpu=0 change=-1 nr_running=4
           <...>-6609    [000] dns..   390.553600: sched_update_nr_running: cpu=0 change=1 nr_running=5
       rcu_sched-16      [000] d....   390.553613: sched_update_nr_running: cpu=0 change=-1 nr_running=4
           <...>-6730    [032] d.h..   390.553907: sched_update_nr_running: cpu=32 change=1 nr_running=8
           <...>-1913    [032] d....   390.553958: sched_update_nr_running: cpu=32 change=-1 nr_running=7
           <...>-6894    [060] d.s..   390.563600: sched_update_nr_running: cpu=60 change=1 nr_running=2
      sched_test-6747    [001] dns..   390.563600: sched_update_nr_running: cpu=1 change=1 nr_running=7
           <...>-553     [001] d....   390.563676: sched_update_nr_running: cpu=1 change=-1 nr_running=6
           <...>-6737    [103] d.s..   390.573603: sched_update_nr_running: cpu=99 change=-1 nr_running=1
           <...>-6699    [038] dns..   390.573604: sched_update_nr_running: cpu=32 change=-1 nr_running=6
           <...>-6821    [034] dns..   390.573605: sched_update_nr_running: cpu=36 change=-1 nr_running=6
           <...>-6764    [000] dns..   390.573606: sched_update_nr_running: cpu=6 change=-1 nr_running=6
           <...>-644     [060] d....   390.573607: sched_update_nr_running: cpu=60 change=-1 nr_running=1
