           <...>-520     [101] d....   388.313503: sched_update_nr_running: cpu=101 change=-1 nr_running=2
           <...>-6199    [039] d....   388.313503: sched_update_nr_running: cpu=39 change=-1 nr_running=7
           <...>-485     [094] d....   388.313504: sched_update_nr_running: cpu=94 change=-1 nr_running=1
           <...>-6692    [100] dns..   388.313507: sched_update_nr_running: cpu=102 change=-1 nr_running=1
           <...>-6707    [098] dns..   388.313507: sched_update_nr_running: cpu=98 change=1 nr_running=3
           <...>-525     [102] d....   388.313508: sched_update_nr_running: cpu=102 change=-1 nr_running=0
           <...>-6692    [100] dns..   388.313510: sched_update_nr_running: cpu=100 change=1 nr_running=3
           <...>-525     [102] d....   388.313515: sched_update_nr_running: cpu=98 change=-1 nr_running=2
           <...>-515     [100] d....   388.313515: sched_update_nr_running: cpu=100 change=-1 nr_running=2
           <...>-505     [098] d....   388.313516: sched_update_nr_running: cpu=98 change=-1 nr_running=1
           <...>-525     [102] d....   388.313518: sched_update_nr_running: cpu=102 change=1 nr_running=1
      sched_test-6590    [000] dns..   388.323494: sched_update_nr_running: cpu=0 change=1 nr_running=4
           <...>-6847    [004] dns..   388.323495: sched_update_nr_running: cpu=4 change=1 nr_running=5
      sched_test-6928    [040] dns..   388.323496: sched_update_nr_running: cpu=40 change=1 nr_running=10
      sched_test-6590    [000] dns..   388.323498: sched_update_nr_running: cpu=0 change=1 nr_running=5
           <...>-6900    [066] d.h..   388.323548: sched_update_nr_running: cpu=66 change=1 nr_running=2
           <...>-6901    [068] d.h..   388.323552: sched_update_nr_running: cpu=68 change=1 nr_running=2
           <...>-6902    [070] d.h..   388.323557: sched_update_nr_running: cpu=70 change=1 nr_running=2
           <...>-650     [068] d....   388.323566: sched_update_nr_running: cpu=68 change=-1 nr_running=1
    kworker/66:1-645     [066] d....   388.323566: sched_update_nr_running: cpu=66 change=-1 nr_running=1
           <...>-6620    [080] d.h..   388.323569: sched_update_nr_running: cpu=80 change=1 nr_running=2
           <...>-653     [070] d....   388.323569: sched_update_nr_running: cpu=70 change=-1 nr_running=1
           <...>-6903    [087] d.h..   388.323577: sched_update_nr_running: cpu=87 change=1 nr_running=2
           <...>-9       [000] d....   388.323583: sched_update_nr_running: cpu=0 change=-1 nr_running=4
           <...>-6904    [092] d.h..   388.323585: sched_update_nr_running: cpu=92 change=1 nr_running=2
           <...>-659     [080] d....   388.323587: sched_update_nr_running: cpu=80 change=-1 nr_running=1
           <...>-671     [087] d....   388.323593: sched_update_nr_running: cpu=87 change=-1 nr_running=1
       rcu_sched-16      [000] d....   388.323594: sched_update_nr_running: cpu=0 change=-1 nr_running=3
           <...>-674     [092] d....   388.323602: sched_update_nr_running: cpu=92 change=-1 nr_running=1
           <...>-217     [040] d....   388.323612: sched_update_nr_running: cpu=40 change=-1 nr_running=9
  kworker/u321:0-534     [004] d....   388.334581: sched_update_nr_running: cpu=4 change=-1 nr_running=4
           <...>-6958    [038] d.s..   388.343501: sched_update_nr_running: cpu=32 change=-1 nr_running=9
           <...>-6669    [096] dns..   388.343503: sched_update_nr_running: cpu=97 change=-1 nr_running=2
           <...>-6958    [038] d.s..   388.343505: sched_update_nr_running: cpu=32 change=-1 nr_running=8
           <...>-6669    [096] dns..   388.343508: sched_update_nr_running: cpu=96 change=1 nr_running=3
           <...>-6958    [038] d.s..   388.343509: sched_update_nr_running: cpu=32 change=-1 nr_running=7
           <...>-6958    [038] d.s..   388.343513: sched_update_nr_running: cpu=32 change=-1 nr_running=6
           <...>-6958    [038] d.s..   388.343518: sched_update_nr_running: cpu=38 change=1 nr_running=2
           <...>-6958    [038] d.s..   388.343522: sched_update_nr_running: cpu=38 change=1 nr_running=3
           <...>-6958    [038] dns..   388.343526: sched_update_nr_running: cpu=38 change=1 nr_running=4
           <...>-6958    [038] dns..   388.343529: sched_update_nr_running: cpu=38 change=1 nr_running=5
      sched_test-6940    [011] dns..   388.363500: sched_update_nr_running: cpu=13 change=-1 nr_running=6
           <...>-6876    [010] dns..   388.363501: sched_update_nr_running: cpu=8 change=-1 nr_running=6
      sched_test-6647    [045] dns..   388.363501: sched_update_nr_running: cpu=47 change=-1 nr_running=8
      sched_test-6872    [002] dns..   388.363502: sched_update_nr_running: cpu=4 change=-1 nr_running=3
           <...>-6743    [036] d.s..   388.363502: sched_update_nr_running: cpu=34 change=-1 nr_running=9
      sched_test-6940    [011] dns..   388.363505: sched_update_nr_running: cpu=11 change=1 nr_running=7
      sched_test-6647    [045] dns..   388.363505: sched_update_nr_running: cpu=45 change=1 nr_running=9
           <...>-6876    [010] dns..   388.363505: sched_update_nr_running: cpu=10 change=1 nr_running=7
      sched_test-6872    [002] dns..   388.363506: sched_update_nr_running: cpu=4 change=-1 nr_running=2
           <...>-6743    [036] d.s..   388.363506: sched_update_nr_running: cpu=34 change=-1 nr_running=8
           <...>-6743    [036] d.s..   388.363510: sched_update_nr_running: cpu=34 change=-1 nr_running=7
      sched_test-6872    [002] dns..   388.363510: sched_update_nr_running: cpu=4 change=-1 nr_running=1
           <...>-6743    [036] d.s..   388.363515: sched_update_nr_running: cpu=36 change=1 nr_running=2
      sched_test-6872    [002] dns..   388.363515: sched_update_nr_running: cpu=2 change=1 nr_running=4
           <...>-6743    [036] dns..   388.363519: sched_update_nr_running: cpu=36 change=1 nr_running=3
      sched_test-6872    [002] dns..   388.363519: sched_update_nr_running: cpu=2 change=1 nr_running=5
           <...>-6743    [036] dns..   388.363523: sched_update_nr_running: cpu=36 change=1 nr_running=4
      sched_test-6872    [002] dns..   388.363523: sched_update_nr_running: cpu=2 change=1 nr_running=6
           <...>-6656    [039] dns..   388.373497: sched_update_nr_running: cpu=39 change=1 nr_running=8
           <...>-6723    [001] dns..   388.373502: sched_update_nr_running: cpu=2 change=-1 nr_running=5
    xfsaild/dm-0-1121    [039] d....   388.373504: sched_update_nr_running: cpu=39 change=-1 nr_running=7
           <...>-6723    [001] dns..   388.373506: sched_update_nr_running: cpu=2 change=-1 nr_running=4
           <...>-6723    [001] dns..   388.373510: sched_update_nr_running: cpu=2 change=-1 nr_running=3
           <...>-6723    [001] dns..   388.373514: sched_update_nr_running: cpu=2 change=-1 nr_running=2
           <...>-6723    [001] dns..   388.373518: sched_update_nr_running: cpu=1 change=1 nr_running=4
           <...>-6723    [001] dns..   388.373522: sched_update_nr_running: cpu=1 change=1 nr_running=5
           <...>-6723    [001] dns..   388.373525: sched_update_nr_running: cpu=1 change=1 nr_running=6
           <...>-6723    [001] dns..   388.373529: sched_update_nr_running: cpu=1 change=1 nr_running=7
           <...>-6736    [099] d.s..   388.383501: sched_update_nr_running: cpu=101 change=-1 nr_running=1
           <...>-6736    [099] d.s..   388.383505: sched_update_nr_running: cpu=99 change=1 nr_running=2
           <...>-6847    [004] d.s..   388.403499: sched_update_nr_running: cpu=4 change=1 nr_running=2
           <...>-589     [004] d....   388.413595: sched_update_nr_running: cpu=4 change=-1 nr_running=1
      sched_test-6747    [002] dns..   388.423503: sched_update_nr_running: cpu=6 change=-1 nr_running=2
           <...>-6905    [005] dns..   388.423503: sched_update_nr_running: cpu=1 change=-1 nr_running=6
           <...>-6651    [036] dns..   388.423504: sched_update_nr_running: cpu=34 change=-1 nr_running=6
      sched_test-6747    [002] dns..   388.423506: sched_update_nr_running: cpu=6 change=-1 nr_running=1
           <...>-6905    [005] dns..   388.423508: sched_update_nr_running: cpu=5 change=1 nr_running=4
           <...>-6933    [043] dns..   388.423509: sched_update_nr_running: cpu=45 change=-1 nr_running=8
           <...>-6651    [036] dns..   388.423509: sched_update_nr_running: cpu=36 change=1 nr_running=5
      sched_test-6747    [002] dns..   388.423510: sched_update_nr_running: cpu=2 change=1 nr_running=3
           <...>-6829    [003] dns..   388.423511: sched_update_nr_running: cpu=1 change=-1 nr_running=5
           <...>-6933    [043] dns..   388.423513: sched_update_nr_running: cpu=43 change=1 nr_running=9
      sched_test-6747    [002] dns..   388.423514: sched_update_nr_running: cpu=2 change=1 nr_running=4
           <...>-6829    [003] dns..   388.423515: sched_update_nr_running: cpu=3 change=1 nr_running=4
      sched_test-6590    [000] d.s..   388.436897: sched_update_nr_running: cpu=0 change=1 nr_running=4
  NetworkManager-1458    [000] d....   388.436995: sched_update_nr_running: cpu=0 change=-1 nr_running=3
           <...>-6656    [039] dns..   388.443500: sched_update_nr_running: cpu=39 change=1 nr_running=8
           <...>-6611    [000] dns..   388.443501: sched_update_nr_running: cpu=0 change=1 nr_running=4
    xfsaild/dm-0-1121    [039] d....   388.443507: sched_update_nr_running: cpu=39 change=-1 nr_running=7
       rcu_sched-16      [000] d....   388.443513: sched_update_nr_running: cpu=0 change=-1 nr_running=3
           <...>-6707    [102] d.s..   388.463506: sched_update_nr_running: cpu=96 change=-1 nr_running=2
           <...>-6707    [102] d.s..   388.463511: sched_update_nr_running: cpu=102 change=1 nr_running=2
           <...>-6611    [000] dns..   388.473502: sched_update_nr_running: cpu=0 change=1 nr_running=4
       rcu_sched-16      [000] d....   388.473519: sched_update_nr_running: cpu=0 change=-1 nr_running=3
      sched_test-6590    [000] d.s..   388.473997: sched_update_nr_running: cpu=0 change=1 nr_running=4
  NetworkManager-1458    [000] d....   388.474090: sched_update_nr_running: cpu=0 change=-1 nr_running=3
      sched_test-6872    [001] dns..   388.483503: sched_update_nr_running: cpu=1 change=1 nr_running=6
           <...>-6932    [032] dns..   388.483504: sched_update_nr_running: cpu=32 change=1 nr_running=7
           <...>-6702    [047] dns..   388.483509: sched_update_nr_running: cpu=41 change=-1 nr_running=8
           <...>-6725    [007] dns..   388.483510: sched_update_nr_running: cpu=1 change=-1 nr_running=5
           <...>-6702    [047] dns..   388.483513: sched_update_nr_running: cpu=47 change=1 nr_running=9
           <...>-6725    [007] dns..   388.483515: sched_update_nr_running: cpu=7 change=1 nr_running=5
           <...>-553     [001] d....   388.483563: sched_update_nr_running: cpu=1 change=-1 nr_running=4
           <...>-6783    [098] d.s..   388.493506: sched_update_nr_running: cpu=102 change=-1 nr_running=1
      sched_test-6844    [001] dns..   388.493508: sched_update_nr_running: cpu=2 change=-1 nr_running=3
           <...>-6783    [098] d.s..   388.493511: sched_update_nr_running: cpu=98 change=1 nr_running=2
      sched_test-6844    [001] dns..   388.493512: sched_update_nr_running: cpu=2 change=-1 nr_running=2
      sched_test-6844    [001] dns..   388.493516: sched_update_nr_running: cpu=1 change=1 nr_running=5
      sched_test-6844    [001] dns..   388.493520: sched_update_nr_running: cpu=1 change=1 nr_running=6
           <...>-611     [032] d....   388.493560: sched_update_nr_running: cpu=32 change=-1 nr_running=6
           <...>-6611    [000] dns..   388.503503: sched_update_nr_running: cpu=0 change=1 nr_running=4
           <...>-6611    [000] dns..   388.503522: sched_update_nr_running: cpu=32 change=-1 nr_running=5
           <...>-6611    [000] dns..   388.503526: sched_update_nr_running: cpu=32 change=-1 nr_running=4
           <...>-6611    [000] dns..   388.503530: sched_update_nr_running: cpu=32 change=-1 nr_running=3
           <...>-6611    [000] dns..   388.503534: sched_update_nr_running: cpu=32 change=-1 nr_running=2
           <...>-6611    [000] dns..   388.503538: sched_update_nr_running: cpu=0 change=1 nr_running=5
           <...>-6611    [000] dns..   388.503542: sched_update_nr_running: cpu=0 change=1 nr_running=6
           <...>-6611    [000] dns..   388.503545: sched_update_nr_running: cpu=0 change=1 nr_running=7
           <...>-6611    [000] dns..   388.503549: sched_update_nr_running: cpu=0 change=1 nr_running=8
       rcu_sched-16      [000] d....   388.503562: sched_update_nr_running: cpu=0 change=-1 nr_running=7
           <...>-6656    [039] dns..   388.513504: sched_update_nr_running: cpu=39 change=1 nr_running=8
    xfsaild/dm-0-1121    [039] d....   388.513513: sched_update_nr_running: cpu=39 change=-1 nr_running=7
           <...>-6713    [038] dns..   388.523507: sched_update_nr_running: cpu=32 change=-1 nr_running=1
           <...>-6713    [038] dns..   388.523510: sched_update_nr_running: cpu=38 change=1 nr_running=6
      sched_test-6590    [000] dns..   388.533505: sched_update_nr_running: cpu=0 change=1 nr_running=8
           <...>-6832    [008] dns..   388.533509: sched_update_nr_running: cpu=10 change=-1 nr_running=6
           <...>-6832    [008] dns..   388.533513: sched_update_nr_running: cpu=8 change=1 nr_running=7
       rcu_sched-16      [000] d....   388.533523: sched_update_nr_running: cpu=0 change=-1 nr_running=7
           <...>-6745    [006] d.s..   388.543509: sched_update_nr_running: cpu=0 change=-1 nr_running=6
           <...>-6794    [010] dns..   388.543509: sched_update_nr_running: cpu=8 change=-1 nr_running=6
           <...>-6567    [013] dns..   388.543509: sched_update_nr_running: cpu=15 change=-1 nr_running=6
           <...>-6567    [013] dns..   388.543514: sched_update_nr_running: cpu=13 change=1 nr_running=7
           <...>-6794    [010] dns..   388.543514: sched_update_nr_running: cpu=10 change=1 nr_running=7
           <...>-6745    [006] d.s..   388.543514: sched_update_nr_running: cpu=0 change=-1 nr_running=5
           <...>-6597    [008] dns..   388.543517: sched_update_nr_running: cpu=22 change=-1 nr_running=10
           <...>-6745    [006] d.s..   388.543518: sched_update_nr_running: cpu=0 change=-1 nr_running=4
           <...>-6597    [008] dns..   388.543522: sched_update_nr_running: cpu=22 change=-1 nr_running=9
           <...>-6745    [006] d.s..   388.543523: sched_update_nr_running: cpu=6 change=1 nr_running=2
           <...>-6597    [008] dns..   388.543526: sched_update_nr_running: cpu=22 change=-1 nr_running=8
           <...>-6745    [006] dns..   388.543527: sched_update_nr_running: cpu=6 change=1 nr_running=3
           <...>-6597    [008] dns..   388.543530: sched_update_nr_running: cpu=22 change=-1 nr_running=7
           <...>-6745    [006] dns..   388.543531: sched_update_nr_running: cpu=6 change=1 nr_running=4
           <...>-6597    [008] dns..   388.543534: sched_update_nr_running: cpu=22 change=-1 nr_running=6
           <...>-6597    [008] dns..   388.543538: sched_update_nr_running: cpu=22 change=-1 nr_running=5
           <...>-6597    [008] dns..   388.543542: sched_update_nr_running: cpu=22 change=-1 nr_running=4
           <...>-6597    [008] dns..   388.543547: sched_update_nr_running: cpu=8 change=1 nr_running=7
           <...>-6597    [008] dns..   388.543551: sched_update_nr_running: cpu=8 change=1 nr_running=8
           <...>-6597    [008] dns..   388.543554: sched_update_nr_running: cpu=8 change=1 nr_running=9
           <...>-6597    [008] dns..   388.543558: sched_update_nr_running: cpu=8 change=1 nr_running=10
           <...>-6597    [008] dns..   388.543561: sched_update_nr_running: cpu=8 change=1 nr_running=11
           <...>-6597    [008] dns..   388.543565: sched_update_nr_running: cpu=8 change=1 nr_running=12
           <...>-6597    [008] dns..   388.543568: sched_update_nr_running: cpu=8 change=1 nr_running=13
           <...>-6920    [008] dns..   388.553507: sched_update_nr_running: cpu=8 change=1 nr_running=14
           <...>-6646    [101] d.s..   388.553509: sched_update_nr_running: cpu=103 change=-1 nr_running=1
           <...>-6646    [101] d.s..   388.553514: sched_update_nr_running: cpu=101 change=1 nr_running=2
           <...>-57      [008] d....   388.553519: sched_update_nr_running: cpu=8 change=-1 nr_running=13
      sched_test-6849    [032] d.h..   388.553606: sched_update_nr_running: cpu=32 change=1 nr_running=2
           <...>-1913    [032] d....   388.553658: sched_update_nr_running: cpu=32 change=-1 nr_running=1
           <...>-6762    [000] dns..   388.563506: sched_update_nr_running: cpu=0 change=1 nr_running=5
           <...>-6677    [035] dns..   388.563507: sched_update_nr_running: cpu=35 change=1 nr_running=8
           <...>-6574    [029] dns..   388.563508: sched_update_nr_running: cpu=29 change=1 nr_running=11
           <...>-6892    [044] dns..   388.563508: sched_update_nr_running: cpu=44 change=1 nr_running=10
           <...>-1044    [044] d....   388.563520: sched_update_nr_running: cpu=44 change=-1 nr_running=9
       rcu_sched-16      [000] d....   388.563522: sched_update_nr_running: cpu=0 change=-1 nr_running=4
           <...>-1211    [029] d....   388.563558: sched_update_nr_running: cpu=29 change=-1 nr_running=10
           <...>-613     [035] d....   388.563585: sched_update_nr_running: cpu=35 change=-1 nr_running=7
      sched_test-6582    [045] dnh..   388.573507: sched_update_nr_running: cpu=45 change=1 nr_running=9
           <...>-6656    [039] dns..   388.583507: sched_update_nr_running: cpu=39 change=1 nr_running=8
           <...>-6694    [000] dns..   388.583513: sched_update_nr_running: cpu=1 change=-1 nr_running=5
    xfsaild/dm-0-1121    [039] d....   388.583515: sched_update_nr_running: cpu=39 change=-1 nr_running=7
           <...>-6694    [000] dns..   388.583517: sched_update_nr_running: cpu=1 change=-1 nr_running=4
           <...>-6694    [000] dns..   388.583521: sched_update_nr_running: cpu=0 change=1 nr_running=5
           <...>-6694    [000] dns..   388.583524: sched_update_nr_running: cpu=0 change=1 nr_running=6
      sched_test-6753    [000] d.s..   388.586459: sched_update_nr_running: cpu=0 change=1 nr_running=7
  NetworkManager-1458    [000] d....   388.586643: sched_update_nr_running: cpu=0 change=-1 nr_running=6
      sched_test-6753    [000] d.s..   388.587804: sched_update_nr_running: cpu=0 change=1 nr_running=7
  NetworkManager-1458    [000] d....   388.587913: sched_update_nr_running: cpu=0 change=-1 nr_running=6
           <...>-6976    [000] dns..   388.593508: sched_update_nr_running: cpu=0 change=1 nr_running=7
       rcu_sched-16      [000] d....   388.593520: sched_update_nr_running: cpu=0 change=-1 nr_running=6
           <...>-6800    [010] dns..   388.603512: sched_update_nr_running: cpu=8 change=-1 nr_running=12
           <...>-6847    [004] d.s..   388.603512: sched_update_nr_running: cpu=0 change=-1 nr_running=5
      sched_test-6852    [022] dns..   388.603513: sched_update_nr_running: cpu=16 change=-1 nr_running=9
           <...>-6563    [046] dns..   388.603513: sched_update_nr_running: cpu=44 change=-1 nr_running=8
           <...>-6800    [010] dns..   388.603516: sched_update_nr_running: cpu=8 change=-1 nr_running=11
           <...>-6847    [004] d.s..   388.603517: sched_update_nr_running: cpu=4 change=1 nr_running=2
      sched_test-6852    [022] dns..   388.603518: sched_update_nr_running: cpu=16 change=-1 nr_running=8
      sched_test-6747    [002] dns..   388.603518: sched_update_nr_running: cpu=0 change=-1 nr_running=4
           <...>-6563    [046] dns..   388.603519: sched_update_nr_running: cpu=46 change=1 nr_running=10
           <...>-6800    [010] dns..   388.603521: sched_update_nr_running: cpu=10 change=1 nr_running=8
      sched_test-6747    [002] dns..   388.603522: sched_update_nr_running: cpu=0 change=-1 nr_running=3
      sched_test-6852    [022] dns..   388.603522: sched_update_nr_running: cpu=22 change=1 nr_running=5
           <...>-6800    [010] dns..   388.603524: sched_update_nr_running: cpu=10 change=1 nr_running=9
      sched_test-6852    [022] dns..   388.603526: sched_update_nr_running: cpu=22 change=1 nr_running=6
      sched_test-6747    [002] dns..   388.603526: sched_update_nr_running: cpu=2 change=1 nr_running=3
      sched_test-6747    [002] dns..   388.603530: sched_update_nr_running: cpu=2 change=1 nr_running=4
           <...>-6634    [054] d.s..   388.613507: sched_update_nr_running: cpu=54 change=1 nr_running=2
           <...>-560     [054] d....   388.613520: sched_update_nr_running: cpu=54 change=-1 nr_running=1
           <...>-6694    [000] dns..   388.623509: sched_update_nr_running: cpu=0 change=1 nr_running=4
       rcu_sched-16      [000] d....   388.623519: sched_update_nr_running: cpu=0 change=-1 nr_running=3
           <...>-5500    [045] d....   388.623549: sched_update_nr_running: cpu=45 change=1 nr_running=10
           <...>-5500    [045] d....   388.623571: sched_update_nr_running: cpu=45 change=-1 nr_running=9
           <...>-6909    [009] dns..   388.633514: sched_update_nr_running: cpu=8 change=-1 nr_running=10
      sched_test-6844    [000] d.h..   388.633518: sched_update_nr_running: cpu=0 change=1 nr_running=4
           <...>-6909    [009] dns..   388.633519: sched_update_nr_running: cpu=8 change=-1 nr_running=9
           <...>-6909    [009] dns..   388.633523: sched_update_nr_running: cpu=8 change=-1 nr_running=8
           <...>-6909    [009] dns..   388.633528: sched_update_nr_running: cpu=9 change=1 nr_running=8
           <...>-6909    [009] dns..   388.633531: sched_update_nr_running: cpu=9 change=1 nr_running=9
           <...>-6909    [009] dns..   388.633535: sched_update_nr_running: cpu=9 change=1 nr_running=10
       rcu_sched-16      [000] d....   388.633537: sched_update_nr_running: cpu=0 change=-1 nr_running=3
             zsh-5429    [045] d....   388.634465: sched_update_nr_running: cpu=45 change=-1 nr_running=8
           <...>-6648    [034] dns..   388.643511: sched_update_nr_running: cpu=34 change=1 nr_running=7
           <...>-6707    [102] d.s..   388.643513: sched_update_nr_running: cpu=96 change=-1 nr_running=1
           <...>-6707    [102] d.s..   388.643517: sched_update_nr_running: cpu=102 change=1 nr_running=2
           <...>-1737    [034] d....   388.643527: sched_update_nr_running: cpu=34 change=-1 nr_running=6
           <...>-6656    [039] dns..   388.653510: sched_update_nr_running: cpu=39 change=1 nr_running=8
           <...>-6694    [000] dns..   388.653511: sched_update_nr_running: cpu=0 change=1 nr_running=4
           <...>-6761    [103] d.s..   388.653514: sched_update_nr_running: cpu=99 change=-1 nr_running=1
           <...>-6761    [103] d.s..   388.653518: sched_update_nr_running: cpu=103 change=1 nr_running=2
    xfsaild/dm-0-1121    [039] d....   388.653518: sched_update_nr_running: cpu=39 change=-1 nr_running=7
       rcu_sched-16      [000] d....   388.653530: sched_update_nr_running: cpu=0 change=-1 nr_running=3
      sched_test-6849    [032] d.s..   388.663517: sched_update_nr_running: cpu=34 change=-1 nr_running=5
           <...>-6807    [014] dns..   388.663518: sched_update_nr_running: cpu=10 change=-1 nr_running=8
      sched_test-6851    [015] dns..   388.663518: sched_update_nr_running: cpu=9 change=-1 nr_running=9
           <...>-6847    [004] dns..   388.663518: sched_update_nr_running: cpu=0 change=-1 nr_running=2
      sched_test-6890    [041] dns..   388.663518: sched_update_nr_running: cpu=43 change=-1 nr_running=8
           <...>-6918    [022] dns..   388.663519: sched_update_nr_running: cpu=18 change=-1 nr_running=9
           <...>-6807    [014] dns..   388.663522: sched_update_nr_running: cpu=14 change=1 nr_running=7
      sched_test-6849    [032] d.s..   388.663522: sched_update_nr_running: cpu=34 change=-1 nr_running=4
      sched_test-6851    [015] dns..   388.663523: sched_update_nr_running: cpu=9 change=-1 nr_running=8
           <...>-6918    [022] dns..   388.663523: sched_update_nr_running: cpu=18 change=-1 nr_running=8
           <...>-6847    [004] dns..   388.663523: sched_update_nr_running: cpu=4 change=1 nr_running=3
      sched_test-6890    [041] dns..   388.663524: sched_update_nr_running: cpu=41 change=1 nr_running=9
      sched_test-6849    [032] d.s..   388.663526: sched_update_nr_running: cpu=32 change=1 nr_running=2
      sched_test-6851    [015] dns..   388.663527: sched_update_nr_running: cpu=15 change=1 nr_running=7
           <...>-6918    [022] dns..   388.663528: sched_update_nr_running: cpu=22 change=1 nr_running=7
      sched_test-6849    [032] dns..   388.663530: sched_update_nr_running: cpu=32 change=1 nr_running=3
      sched_test-6851    [015] dns..   388.663531: sched_update_nr_running: cpu=15 change=1 nr_running=8
           <...>-6918    [022] dns..   388.663532: sched_update_nr_running: cpu=22 change=1 nr_running=8
           <...>-6762    [000] dns..   388.683511: sched_update_nr_running: cpu=0 change=1 nr_running=3
           <...>-6762    [000] dns..   388.683515: sched_update_nr_running: cpu=0 change=1 nr_running=4
      kcompactd0-559     [000] d....   388.683523: sched_update_nr_running: cpu=0 change=-1 nr_running=3
       rcu_sched-16      [000] d....   388.683534: sched_update_nr_running: cpu=0 change=-1 nr_running=2
      sched_test-6844    [000] dns..   388.713512: sched_update_nr_running: cpu=0 change=1 nr_running=3
       rcu_sched-16      [000] d....   388.713523: sched_update_nr_running: cpu=0 change=-1 nr_running=2
           <...>-6656    [039] dns..   388.723513: sched_update_nr_running: cpu=39 change=1 nr_running=8
           <...>-6651    [036] dns..   388.723513: sched_update_nr_running: cpu=36 change=1 nr_running=6
           <...>-6617    [088] d.s..   388.723514: sched_update_nr_running: cpu=88 change=1 nr_running=2
      sched_test-6940    [011] dns..   388.723517: sched_update_nr_running: cpu=15 change=-1 nr_running=7
      sched_test-6849    [032] dns..   388.723517: sched_update_nr_running: cpu=38 change=-1 nr_running=5
           <...>-6793    [012] dns..   388.723518: sched_update_nr_running: cpu=8 change=-1 nr_running=7
      sched_test-6914    [016] dns..   388.723518: sched_update_nr_running: cpu=20 change=-1 nr_running=9
      sched_test-6849    [032] dns..   388.723521: sched_update_nr_running: cpu=32 change=1 nr_running=4
    xfsaild/dm-0-1121    [039] d....   388.723521: sched_update_nr_running: cpu=39 change=-1 nr_running=7
      sched_test-6940    [011] dns..   388.723522: sched_update_nr_running: cpu=11 change=1 nr_running=8
      sched_test-6914    [016] dns..   388.723522: sched_update_nr_running: cpu=16 change=1 nr_running=9
           <...>-6793    [012] dns..   388.723522: sched_update_nr_running: cpu=12 change=1 nr_running=8
      sched_test-6844    [000] d.h..   388.723525: sched_update_nr_running: cpu=0 change=1 nr_running=3
       rcu_sched-16      [000] d....   388.723544: sched_update_nr_running: cpu=0 change=-1 nr_running=2
           <...>-621     [036] d....   388.723568: sched_update_nr_running: cpu=36 change=-1 nr_running=5
           <...>-6895    [090] d.s..   388.733519: sched_update_nr_running: cpu=88 change=-1 nr_running=1
           <...>-666     [088] d....   388.733521: sched_update_nr_running: cpu=88 change=-1 nr_running=0
           <...>-6895    [090] d.s..   388.733524: sched_update_nr_running: cpu=90 change=1 nr_running=2
           <...>-666     [088] d....   388.733529: sched_update_nr_running: cpu=90 change=-1 nr_running=1
           <...>-666     [088] d....   388.733533: sched_update_nr_running: cpu=88 change=1 nr_running=1
           <...>-6762    [000] dns..   388.743514: sched_update_nr_running: cpu=0 change=1 nr_running=3
       rcu_sched-16      [000] d....   388.743533: sched_update_nr_running: cpu=0 change=-1 nr_running=2
           <...>-6621    [009] d.h..   388.744526: sched_update_nr_running: cpu=9 change=1 nr_running=9
           <...>-6648    [034] dns..   388.763520: sched_update_nr_running: cpu=36 change=-1 nr_running=4
      sched_test-6849    [032] dns..   388.763520: sched_update_nr_running: cpu=35 change=-1 nr_running=6
           <...>-6762    [000] dns..   388.763523: sched_update_nr_running: cpu=2 change=-1 nr_running=3
      sched_test-6849    [032] dns..   388.763524: sched_update_nr_running: cpu=35 change=-1 nr_running=5
           <...>-6648    [034] dns..   388.763524: sched_update_nr_running: cpu=34 change=1 nr_running=5
           <...>-5502    [009] d....   388.763526: sched_update_nr_running: cpu=9 change=-1 nr_running=8
           <...>-6762    [000] dns..   388.763527: sched_update_nr_running: cpu=0 change=1 nr_running=3
      sched_test-6849    [032] dns..   388.763528: sched_update_nr_running: cpu=35 change=-1 nr_running=4
      sched_test-6849    [032] dns..   388.763532: sched_update_nr_running: cpu=35 change=-1 nr_running=3
      sched_test-6849    [032] dns..   388.763537: sched_update_nr_running: cpu=32 change=1 nr_running=5
      sched_test-6849    [032] dns..   388.763540: sched_update_nr_running: cpu=32 change=1 nr_running=6
      sched_test-6849    [032] dns..   388.763543: sched_update_nr_running: cpu=32 change=1 nr_running=7
      sched_test-6849    [032] dns..   388.763547: sched_update_nr_running: cpu=32 change=1 nr_running=8
      sched_test-6844    [000] dns..   388.773515: sched_update_nr_running: cpu=0 change=1 nr_running=4
       rcu_sched-16      [000] d....   388.773530: sched_update_nr_running: cpu=0 change=-1 nr_running=3
           <...>-6976    [002] dns..   388.783520: sched_update_nr_running: cpu=0 change=-1 nr_running=2
      sched_test-6931    [043] dns..   388.783521: sched_update_nr_running: cpu=47 change=-1 nr_running=8
           <...>-6911    [013] dns..   388.783522: sched_update_nr_running: cpu=9 change=-1 nr_running=7
      sched_test-6931    [043] dns..   388.783525: sched_update_nr_running: cpu=43 change=1 nr_running=9
           <...>-6704    [045] dns..   388.783525: sched_update_nr_running: cpu=47 change=-1 nr_running=7
           <...>-6976    [002] dns..   388.783525: sched_update_nr_running: cpu=2 change=1 nr_running=4
           <...>-6911    [013] dns..   388.783526: sched_update_nr_running: cpu=13 change=1 nr_running=8
           <...>-6704    [045] dns..   388.783529: sched_update_nr_running: cpu=45 change=1 nr_running=9
           <...>-6656    [039] dns..   388.793517: sched_update_nr_running: cpu=39 change=1 nr_running=8
           <...>-6669    [096] d.s..   388.793519: sched_update_nr_running: cpu=98 change=-1 nr_running=1
           <...>-6669    [096] d.s..   388.793523: sched_update_nr_running: cpu=96 change=1 nr_running=2
    xfsaild/dm-0-1121    [039] d....   388.793524: sched_update_nr_running: cpu=39 change=-1 nr_running=7
           <...>-6830    [000] dns..   388.803517: sched_update_nr_running: cpu=0 change=1 nr_running=3
           <...>-6696    [017] dns..   388.803517: sched_update_nr_running: cpu=17 change=1 nr_running=10
           <...>-6684    [099] d.s..   388.803520: sched_update_nr_running: cpu=101 change=-1 nr_running=1
           <...>-6684    [099] d.s..   388.803524: sched_update_nr_running: cpu=99 change=1 nr_running=2
       rcu_sched-16      [000] d....   388.803527: sched_update_nr_running: cpu=0 change=-1 nr_running=2
           <...>-868     [017] d....   388.803529: sched_update_nr_running: cpu=17 change=-1 nr_running=9
           <...>-6665    [035] dns..   388.813522: sched_update_nr_running: cpu=39 change=-1 nr_running=6
           <...>-6830    [000] d.h..   388.813525: sched_update_nr_running: cpu=0 change=1 nr_running=3
           <...>-6665    [035] dns..   388.813527: sched_update_nr_running: cpu=35 change=1 nr_running=4
       rcu_sched-16      [000] d....   388.813540: sched_update_nr_running: cpu=0 change=-1 nr_running=2
           <...>-6821    [038] dns..   388.823523: sched_update_nr_running: cpu=32 change=-1 nr_running=7
           <...>-6821    [038] dns..   388.823528: sched_update_nr_running: cpu=38 change=1 nr_running=6
           <...>-6628    [018] dns..   388.843523: sched_update_nr_running: cpu=20 change=-1 nr_running=8
           <...>-6743    [036] dns..   388.843523: sched_update_nr_running: cpu=32 change=-1 nr_running=6
           <...>-6847    [004] dns..   388.843524: sched_update_nr_running: cpu=2 change=-1 nr_running=3
           <...>-6628    [018] dns..   388.843527: sched_update_nr_running: cpu=18 change=1 nr_running=9
           <...>-6743    [036] dns..   388.843527: sched_update_nr_running: cpu=32 change=-1 nr_running=5
           <...>-6847    [004] dns..   388.843529: sched_update_nr_running: cpu=4 change=1 nr_running=4
           <...>-6743    [036] dns..   388.843531: sched_update_nr_running: cpu=36 change=1 nr_running=5
           <...>-6743    [036] dns..   388.843535: sched_update_nr_running: cpu=36 change=1 nr_running=6
           <...>-6874    [039] dns..   388.863520: sched_update_nr_running: cpu=39 change=1 nr_running=7
    xfsaild/dm-0-1121    [039] d....   388.863528: sched_update_nr_running: cpu=39 change=-1 nr_running=6
           <...>-6677    [035] dns..   388.873524: sched_update_nr_running: cpu=37 change=-1 nr_running=6
           <...>-6677    [035] dns..   388.873528: sched_update_nr_running: cpu=35 change=1 nr_running=5
           <...>-6830    [000] dns..   388.883525: sched_update_nr_running: cpu=4 change=-1 nr_running=3
           <...>-6830    [000] dns..   388.883529: sched_update_nr_running: cpu=0 change=1 nr_running=3
           <...>-6726    [008] dns..   388.893531: sched_update_nr_running: cpu=10 change=-1 nr_running=7
           <...>-6726    [008] dns..   388.893535: sched_update_nr_running: cpu=8 change=1 nr_running=8
           <...>-6694    [000] d.s..   388.893736: sched_update_nr_running: cpu=0 change=1 nr_running=4
  NetworkManager-1458    [000] d....   388.893830: sched_update_nr_running: cpu=0 change=-1 nr_running=3
           <...>-6694    [000] d.s..   388.893933: sched_update_nr_running: cpu=0 change=1 nr_running=4
  NetworkManager-1458    [000] d....   388.894024: sched_update_nr_running: cpu=0 change=-1 nr_running=3
           <...>-6694    [000] d.s..   388.894531: sched_update_nr_running: cpu=0 change=1 nr_running=4
  NetworkManager-1458    [000] d....   388.894620: sched_update_nr_running: cpu=0 change=-1 nr_running=3
           <...>-6694    [000] d.s..   388.894732: sched_update_nr_running: cpu=0 change=1 nr_running=4
  NetworkManager-1458    [000] d....   388.894823: sched_update_nr_running: cpu=0 change=-1 nr_running=3
           <...>-6694    [000] d.s..   388.894886: sched_update_nr_running: cpu=0 change=1 nr_running=4
  NetworkManager-1458    [000] d....   388.894975: sched_update_nr_running: cpu=0 change=-1 nr_running=3
           <...>-6694    [000] dns..   388.903523: sched_update_nr_running: cpu=0 change=1 nr_running=4
      sched_test-6824    [047] dns..   388.903526: sched_update_nr_running: cpu=41 change=-1 nr_running=8
           <...>-6966    [022] dns..   388.903526: sched_update_nr_running: cpu=18 change=-1 nr_running=8
           <...>-6792    [014] dns..   388.903526: sched_update_nr_running: cpu=8 change=-1 nr_running=7
      sched_test-6946    [015] dns..   388.903527: sched_update_nr_running: cpu=11 change=-1 nr_running=7
           <...>-6745    [006] dns..   388.903528: sched_update_nr_running: cpu=0 change=-1 nr_running=3
      sched_test-6824    [047] dns..   388.903530: sched_update_nr_running: cpu=47 change=1 nr_running=8
           <...>-6597    [009] dns..   388.903530: sched_update_nr_running: cpu=11 change=-1 nr_running=6
      sched_test-6946    [015] dns..   388.903530: sched_update_nr_running: cpu=15 change=1 nr_running=8
           <...>-6966    [022] dns..   388.903531: sched_update_nr_running: cpu=22 change=1 nr_running=9
           <...>-6792    [014] dns..   388.903531: sched_update_nr_running: cpu=14 change=1 nr_running=8
      sched_test-6590    [004] dns..   388.903532: sched_update_nr_running: cpu=0 change=-1 nr_running=2
           <...>-6745    [006] dns..   388.903532: sched_update_nr_running: cpu=6 change=1 nr_running=5
      sched_test-6590    [004] dns..   388.903534: sched_update_nr_running: cpu=0 change=-1 nr_running=1
           <...>-6597    [009] dns..   388.903534: sched_update_nr_running: cpu=9 change=1 nr_running=8
      sched_test-6590    [004] dns..   388.903536: sched_update_nr_running: cpu=4 change=1 nr_running=4
      sched_test-6590    [004] dns..   388.903540: sched_update_nr_running: cpu=4 change=1 nr_running=5
       rcu_sched-16      [004] d....   388.903552: sched_update_nr_running: cpu=4 change=-1 nr_running=4
           <...>-6717    [098] d.s..   388.913526: sched_update_nr_running: cpu=100 change=-1 nr_running=1
           <...>-6717    [098] d.s..   388.913530: sched_update_nr_running: cpu=98 change=1 nr_running=2
           <...>-6762    [004] dns..   388.933524: sched_update_nr_running: cpu=4 change=1 nr_running=5
      sched_test-6661    [039] dns..   388.933525: sched_update_nr_running: cpu=39 change=1 nr_running=7
    xfsaild/dm-0-1121    [039] d....   388.933532: sched_update_nr_running: cpu=39 change=-1 nr_running=6
       rcu_sched-16      [004] d....   388.933540: sched_update_nr_running: cpu=4 change=-1 nr_running=4
      sched_test-6753    [004] dns..   388.963525: sched_update_nr_running: cpu=4 change=1 nr_running=5
           <...>-6681    [032] dns..   388.963530: sched_update_nr_running: cpu=36 change=-1 nr_running=5
           <...>-6907    [010] dns..   388.963530: sched_update_nr_running: cpu=12 change=-1 nr_running=7
           <...>-6681    [032] dns..   388.963535: sched_update_nr_running: cpu=32 change=1 nr_running=6
           <...>-6907    [010] dns..   388.963535: sched_update_nr_running: cpu=10 change=1 nr_running=8
       rcu_sched-16      [004] d....   388.963542: sched_update_nr_running: cpu=4 change=-1 nr_running=4
           <...>-6569    [101] d.s..   388.973528: sched_update_nr_running: cpu=103 change=-1 nr_running=1
           <...>-6569    [101] d.s..   388.973532: sched_update_nr_running: cpu=101 change=1 nr_running=2
           <...>-6847    [004] dns..   388.993526: sched_update_nr_running: cpu=4 change=1 nr_running=5
           <...>-6587    [035] dns..   388.993530: sched_update_nr_running: cpu=33 change=-1 nr_running=6
           <...>-6587    [035] dns..   388.993534: sched_update_nr_running: cpu=35 change=1 nr_running=6
       rcu_sched-16      [004] d....   388.993536: sched_update_nr_running: cpu=4 change=-1 nr_running=4
           <...>-6689    [039] dns..   389.003527: sched_update_nr_running: cpu=39 change=1 nr_running=7
           <...>-6699    [034] dns..   389.003530: sched_update_nr_running: cpu=32 change=-1 nr_running=5
    xfsaild/dm-0-1121    [039] d....   389.003534: sched_update_nr_running: cpu=39 change=-1 nr_running=6
           <...>-6699    [034] dns..   389.003535: sched_update_nr_running: cpu=34 change=1 nr_running=6
           <...>-6770    [008] dns..   389.013533: sched_update_nr_running: cpu=10 change=-1 nr_running=7
           <...>-6770    [008] dns..   389.013537: sched_update_nr_running: cpu=8 change=1 nr_running=8
      sched_test-6590    [004] d.h..   389.013538: sched_update_nr_running: cpu=4 change=1 nr_running=5
       rcu_sched-16      [004] d....   389.013554: sched_update_nr_running: cpu=4 change=-1 nr_running=4
           <...>-6803    [011] dns..   389.023532: sched_update_nr_running: cpu=13 change=-1 nr_running=7
           <...>-6609    [041] dns..   389.023532: sched_update_nr_running: cpu=43 change=-1 nr_running=8
      sched_test-6844    [002] dns..   389.023533: sched_update_nr_running: cpu=6 change=-1 nr_running=4
      sched_test-6881    [020] dns..   389.023534: sched_update_nr_running: cpu=22 change=-1 nr_running=8
           <...>-6803    [011] dns..   389.023536: sched_update_nr_running: cpu=11 change=1 nr_running=7
           <...>-6609    [041] dns..   389.023537: sched_update_nr_running: cpu=41 change=1 nr_running=9
      sched_test-6844    [002] dns..   389.023537: sched_update_nr_running: cpu=2 change=1 nr_running=4
      sched_test-6881    [020] dns..   389.023539: sched_update_nr_running: cpu=20 change=1 nr_running=9
           <...>-6694    [000] d.s..   389.063534: sched_update_nr_running: cpu=2 change=-1 nr_running=3
           <...>-6694    [000] d.s..   389.063538: sched_update_nr_running: cpu=0 change=1 nr_running=2
           <...>-6658    [039] dns..   389.073530: sched_update_nr_running: cpu=39 change=1 nr_running=7
           <...>-6761    [103] d.s..   389.073533: sched_update_nr_running: cpu=99 change=-1 nr_running=1
    xfsaild/dm-0-1121    [039] d....   389.073537: sched_update_nr_running: cpu=39 change=-1 nr_running=6
           <...>-6761    [103] d.s..   389.073537: sched_update_nr_running: cpu=103 change=1 nr_running=2
           <...>-6694    [000] d.s..   389.078954: sched_update_nr_running: cpu=0 change=1 nr_running=3
  NetworkManager-1458    [000] d....   389.079048: sched_update_nr_running: cpu=0 change=-1 nr_running=2
           <...>-6694    [000] d.s..   389.080106: sched_update_nr_running: cpu=0 change=1 nr_running=3
  NetworkManager-1458    [000] d....   389.080195: sched_update_nr_running: cpu=0 change=-1 nr_running=2
           <...>-6694    [000] d.s..   389.081105: sched_update_nr_running: cpu=0 change=1 nr_running=3
  NetworkManager-1458    [000] d....   389.081194: sched_update_nr_running: cpu=0 change=-1 nr_running=2
           <...>-6694    [000] dns..   389.083534: sched_update_nr_running: cpu=4 change=1 nr_running=5
           <...>-6975    [036] dns..   389.083536: sched_update_nr_running: cpu=38 change=-1 nr_running=5
           <...>-6670    [032] dns..   389.083536: sched_update_nr_running: cpu=34 change=-1 nr_running=5
      sched_test-6747    [002] dns..   389.083536: sched_update_nr_running: cpu=0 change=-1 nr_running=1
      sched_test-6749    [018] dns..   389.083537: sched_update_nr_running: cpu=20 change=-1 nr_running=8
           <...>-6908    [010] dns..   389.083538: sched_update_nr_running: cpu=8 change=-1 nr_running=7
           <...>-6975    [036] dns..   389.083540: sched_update_nr_running: cpu=36 change=1 nr_running=6
           <...>-6670    [032] dns..   389.083540: sched_update_nr_running: cpu=32 change=1 nr_running=6
      sched_test-6747    [002] dns..   389.083541: sched_update_nr_running: cpu=2 change=1 nr_running=4
      sched_test-6749    [018] dns..   389.083541: sched_update_nr_running: cpu=18 change=1 nr_running=9
           <...>-6908    [010] dns..   389.083542: sched_update_nr_running: cpu=10 change=1 nr_running=8
           <...>-6629    [012] dns..   389.083542: sched_update_nr_running: cpu=8 change=-1 nr_running=6
       rcu_sched-16      [004] d....   389.083545: sched_update_nr_running: cpu=4 change=-1 nr_running=4
           <...>-6629    [012] dns..   389.083545: sched_update_nr_running: cpu=12 change=1 nr_running=8
           <...>-6692    [100] d.s..   389.093534: sched_update_nr_running: cpu=102 change=-1 nr_running=1
           <...>-6692    [100] d.s..   389.093538: sched_update_nr_running: cpu=100 change=1 nr_running=2
           <...>-6847    [004] dns..   389.113532: sched_update_nr_running: cpu=4 change=1 nr_running=5
       rcu_sched-16      [004] d....   389.113551: sched_update_nr_running: cpu=4 change=-1 nr_running=4
           <...>-6694    [000] d.s..   389.123537: sched_update_nr_running: cpu=2 change=-1 nr_running=3
           <...>-6694    [000] d.s..   389.123542: sched_update_nr_running: cpu=0 change=1 nr_running=2
           <...>-6730    [017] d.h..   389.126418: sched_update_nr_running: cpu=17 change=1 nr_running=10
           <...>-1473    [017] d....   389.126440: sched_update_nr_running: cpu=17 change=-1 nr_running=9
           <...>-6634    [054] d.s..   389.133532: sched_update_nr_running: cpu=54 change=1 nr_running=2
           <...>-560     [054] d....   389.133541: sched_update_nr_running: cpu=54 change=-1 nr_running=1
           <...>-6694    [000] d.s..   389.140659: sched_update_nr_running: cpu=0 change=1 nr_running=3
  NetworkManager-1458    [000] d....   389.140752: sched_update_nr_running: cpu=0 change=-1 nr_running=2
      sched_test-6802    [039] dns..   389.143533: sched_update_nr_running: cpu=39 change=1 nr_running=7
      sched_test-6590    [004] dns..   389.143534: sched_update_nr_running: cpu=4 change=1 nr_running=5
           <...>-6811    [043] dns..   389.143538: sched_update_nr_running: cpu=45 change=-1 nr_running=8
      sched_test-6824    [047] dns..   389.143538: sched_update_nr_running: cpu=41 change=-1 nr_running=8
      sched_test-6940    [011] dns..   389.143538: sched_update_nr_running: cpu=15 change=-1 nr_running=7
      sched_test-6919    [022] dns..   389.143538: sched_update_nr_running: cpu=18 change=-1 nr_running=8
           <...>-6976    [002] dns..   389.143539: sched_update_nr_running: cpu=4 change=-1 nr_running=4
      sched_test-6940    [011] dns..   389.143542: sched_update_nr_running: cpu=11 change=1 nr_running=8
      sched_test-6824    [047] dns..   389.143542: sched_update_nr_running: cpu=47 change=1 nr_running=9
           <...>-6811    [043] dns..   389.143542: sched_update_nr_running: cpu=43 change=1 nr_running=9
      sched_test-6919    [022] dns..   389.143542: sched_update_nr_running: cpu=22 change=1 nr_running=9
      sched_test-6959    [013] dns..   389.143543: sched_update_nr_running: cpu=15 change=-1 nr_running=6
    xfsaild/dm-0-1121    [039] d....   389.143544: sched_update_nr_running: cpu=39 change=-1 nr_running=6
           <...>-6976    [002] dns..   389.143544: sched_update_nr_running: cpu=2 change=1 nr_running=4
      sched_test-6959    [013] dns..   389.143547: sched_update_nr_running: cpu=13 change=1 nr_running=8
       rcu_sched-16      [004] d....   389.143557: sched_update_nr_running: cpu=4 change=-1 nr_running=3
      sched_test-6590    [004] dns..   389.173534: sched_update_nr_running: cpu=4 change=1 nr_running=4
       rcu_sched-16      [004] d....   389.173545: sched_update_nr_running: cpu=4 change=-1 nr_running=3
           <...>-6601    [102] d.s..   389.183538: sched_update_nr_running: cpu=100 change=-1 nr_running=1
           <...>-6713    [038] dns..   389.183538: sched_update_nr_running: cpu=32 change=-1 nr_running=5
           <...>-6694    [000] dns..   389.183540: sched_update_nr_running: cpu=2 change=-1 nr_running=3
           <...>-6762    [004] d.h..   389.183542: sched_update_nr_running: cpu=4 change=1 nr_running=4
           <...>-6601    [102] d.s..   389.183543: sched_update_nr_running: cpu=102 change=1 nr_running=2
           <...>-6713    [038] dns..   389.183543: sched_update_nr_running: cpu=38 change=1 nr_running=6
           <...>-6694    [000] dns..   389.183544: sched_update_nr_running: cpu=0 change=1 nr_running=3
       rcu_sched-16      [004] d....   389.183556: sched_update_nr_running: cpu=4 change=-1 nr_running=3
           <...>-6847    [000] dns..   389.193539: sched_update_nr_running: cpu=0 change=1 nr_running=4
           <...>-6836    [008] dns..   389.193541: sched_update_nr_running: cpu=10 change=-1 nr_running=7
           <...>-6836    [008] dns..   389.193545: sched_update_nr_running: cpu=8 change=1 nr_running=7
       rcu_sched-16      [000] d....   389.193550: sched_update_nr_running: cpu=0 change=-1 nr_running=3
           <...>-6932    [000] dns..   389.203536: sched_update_nr_running: cpu=0 change=1 nr_running=4
           <...>-6902    [070] d.s..   389.203537: sched_update_nr_running: cpu=70 change=1 nr_running=2
      sched_test-6844    [002] dns..   389.203539: sched_update_nr_running: cpu=6 change=-1 nr_running=3
           <...>-6633    [015] dns..   389.203540: sched_update_nr_running: cpu=11 change=-1 nr_running=7
      sched_test-6844    [002] dns..   389.203543: sched_update_nr_running: cpu=2 change=1 nr_running=4
           <...>-6633    [015] dns..   389.203544: sched_update_nr_running: cpu=15 change=1 nr_running=7
           <...>-6932    [000] dns..   389.203545: sched_update_nr_running: cpu=7 change=-1 nr_running=4
           <...>-6932    [000] dns..   389.203549: sched_update_nr_running: cpu=7 change=-1 nr_running=3
           <...>-6932    [000] dns..   389.203554: sched_update_nr_running: cpu=0 change=1 nr_running=5
           <...>-6932    [000] dns..   389.203557: sched_update_nr_running: cpu=0 change=1 nr_running=6
      kcompactd0-559     [000] d....   389.203567: sched_update_nr_running: cpu=0 change=-1 nr_running=5
           <...>-6656    [039] dns..   389.213536: sched_update_nr_running: cpu=39 change=1 nr_running=7
           <...>-6961    [064] d.s..   389.213544: sched_update_nr_running: cpu=70 change=-1 nr_running=1
    xfsaild/dm-0-1121    [039] d....   389.213544: sched_update_nr_running: cpu=39 change=-1 nr_running=6
           <...>-653     [070] d....   389.213546: sched_update_nr_running: cpu=70 change=-1 nr_running=0
           <...>-6961    [064] d.s..   389.213549: sched_update_nr_running: cpu=64 change=1 nr_running=2
           <...>-653     [070] d....   389.213555: sched_update_nr_running: cpu=64 change=-1 nr_running=1
           <...>-653     [070] d....   389.213559: sched_update_nr_running: cpu=70 change=1 nr_running=1
           <...>-6766    [000] dns..   389.223537: sched_update_nr_running: cpu=0 change=1 nr_running=6
           <...>-6646    [099] d.s..   389.223541: sched_update_nr_running: cpu=101 change=-1 nr_running=1
           <...>-6646    [099] d.s..   389.223545: sched_update_nr_running: cpu=99 change=1 nr_running=2
       rcu_sched-16      [000] d....   389.223554: sched_update_nr_running: cpu=0 change=-1 nr_running=5
