      sched_test-6590    [000] d.s..   387.827342: sched_update_nr_running: cpu=0 change=1 nr_running=2
  NetworkManager-1458    [000] d....   387.827438: sched_update_nr_running: cpu=0 change=-1 nr_running=1
           <...>-6716    [037] dns..   387.833476: sched_update_nr_running: cpu=39 change=-1 nr_running=6
           <...>-6831    [078] d.s..   387.833478: sched_update_nr_running: cpu=72 change=-1 nr_running=5
           <...>-6716    [037] dns..   387.833480: sched_update_nr_running: cpu=37 change=1 nr_running=7
           <...>-6831    [078] d.s..   387.833482: sched_update_nr_running: cpu=72 change=-1 nr_running=4
           <...>-6831    [078] d.s..   387.833487: sched_update_nr_running: cpu=78 change=1 nr_running=2
           <...>-6831    [078] dns..   387.833491: sched_update_nr_running: cpu=78 change=1 nr_running=3
          <idle>-0       [085] d.s..   387.833498: sched_update_nr_running: cpu=72 change=-1 nr_running=3
          <idle>-0       [085] d.s..   387.833502: sched_update_nr_running: cpu=72 change=-1 nr_running=2
          <idle>-0       [085] d.s..   387.833505: sched_update_nr_running: cpu=72 change=-1 nr_running=1
          <idle>-0       [085] d.s..   387.833510: sched_update_nr_running: cpu=93 change=1 nr_running=1
          <idle>-0       [085] d.s..   387.833515: sched_update_nr_running: cpu=93 change=1 nr_running=2
          <idle>-0       [085] d.s..   387.833517: sched_update_nr_running: cpu=93 change=1 nr_running=3
          <idle>-0       [085] d.s..   387.833529: sched_update_nr_running: cpu=78 change=-1 nr_running=2
          <idle>-0       [085] d.s..   387.833535: sched_update_nr_running: cpu=94 change=1 nr_running=1
          <idle>-0       [085] d.s..   387.833541: sched_update_nr_running: cpu=93 change=-1 nr_running=2
          <idle>-0       [085] d.s..   387.833546: sched_update_nr_running: cpu=95 change=1 nr_running=1
          <idle>-0       [085] d.s..   387.833571: sched_update_nr_running: cpu=78 change=-1 nr_running=1
          <idle>-0       [085] d.s..   387.833576: sched_update_nr_running: cpu=85 change=1 nr_running=1
           <...>-6626    [017] dns..   387.843473: sched_update_nr_running: cpu=17 change=1 nr_running=9
           <...>-868     [017] d....   387.843487: sched_update_nr_running: cpu=17 change=-1 nr_running=8
      sched_test-6878    [008] dns..   387.873479: sched_update_nr_running: cpu=10 change=-1 nr_running=6
      sched_test-6878    [008] dns..   387.873483: sched_update_nr_running: cpu=8 change=1 nr_running=7
           <...>-6562    [037] dns..   387.883474: sched_update_nr_running: cpu=37 change=1 nr_running=8
           <...>-6695    [016] dns..   387.883477: sched_update_nr_running: cpu=22 change=-1 nr_running=12
           <...>-6725    [007] dns..   387.883478: sched_update_nr_running: cpu=5 change=-1 nr_running=5
           <...>-6847    [006] dns..   387.883478: sched_update_nr_running: cpu=2 change=-1 nr_running=4
           <...>-6876    [012] dns..   387.883479: sched_update_nr_running: cpu=8 change=-1 nr_running=6
      sched_test-6802    [039] dns..   387.883479: sched_update_nr_running: cpu=37 change=-1 nr_running=7
           <...>-6952    [024] dns..   387.883479: sched_update_nr_running: cpu=30 change=-1 nr_running=11
      sched_test-6721    [040] dns..   387.883479: sched_update_nr_running: cpu=46 change=-1 nr_running=11
           <...>-6695    [016] dns..   387.883481: sched_update_nr_running: cpu=22 change=-1 nr_running=11
      sched_test-6802    [039] dns..   387.883481: sched_update_nr_running: cpu=39 change=1 nr_running=7
           <...>-6847    [006] dns..   387.883483: sched_update_nr_running: cpu=6 change=1 nr_running=4
           <...>-6725    [007] dns..   387.883483: sched_update_nr_running: cpu=7 change=1 nr_running=4
           <...>-6876    [012] dns..   387.883483: sched_update_nr_running: cpu=12 change=1 nr_running=7
           <...>-6952    [024] dns..   387.883483: sched_update_nr_running: cpu=30 change=-1 nr_running=10
      sched_test-6721    [040] dns..   387.883485: sched_update_nr_running: cpu=40 change=1 nr_running=10
           <...>-6695    [016] dns..   387.883485: sched_update_nr_running: cpu=16 change=1 nr_running=9
      sched_test-6606    [041] dns..   387.883486: sched_update_nr_running: cpu=46 change=-1 nr_running=10
           <...>-6952    [024] dns..   387.883487: sched_update_nr_running: cpu=24 change=1 nr_running=8
    xfsaild/dm-0-1121    [039] d....   387.883487: sched_update_nr_running: cpu=39 change=-1 nr_running=6
           <...>-6695    [016] dns..   387.883489: sched_update_nr_running: cpu=16 change=1 nr_running=10
      sched_test-6606    [041] dns..   387.883490: sched_update_nr_running: cpu=46 change=-1 nr_running=9
           <...>-6952    [024] dns..   387.883491: sched_update_nr_running: cpu=24 change=1 nr_running=9
      sched_test-6606    [041] dns..   387.883494: sched_update_nr_running: cpu=46 change=-1 nr_running=8
      sched_test-6606    [041] dns..   387.883498: sched_update_nr_running: cpu=46 change=-1 nr_running=7
      sched_test-6606    [041] dns..   387.883502: sched_update_nr_running: cpu=46 change=-1 nr_running=6
      sched_test-6606    [041] dns..   387.883507: sched_update_nr_running: cpu=41 change=1 nr_running=8
      sched_test-6606    [041] dns..   387.883511: sched_update_nr_running: cpu=41 change=1 nr_running=9
      sched_test-6606    [041] dns..   387.883514: sched_update_nr_running: cpu=41 change=1 nr_running=10
      sched_test-6606    [041] dns..   387.883518: sched_update_nr_running: cpu=41 change=1 nr_running=11
      sched_test-6606    [041] dns..   387.883521: sched_update_nr_running: cpu=41 change=1 nr_running=12
           <...>-6573    [014] dns..   387.913476: sched_update_nr_running: cpu=14 change=1 nr_running=8
          <idle>-0       [086] d.s..   387.913533: sched_update_nr_running: cpu=1 change=-1 nr_running=2
          <idle>-0       [086] d.s..   387.913542: sched_update_nr_running: cpu=86 change=1 nr_running=1
           <...>-596     [014] d....   387.913569: sched_update_nr_running: cpu=14 change=-1 nr_running=7
           <...>-6829    [003] dns..   387.923479: sched_update_nr_running: cpu=3 change=1 nr_running=5
           <...>-6636    [024] dns..   387.923480: sched_update_nr_running: cpu=24 change=1 nr_running=10
           <...>-6742    [043] dns..   387.923480: sched_update_nr_running: cpu=43 change=1 nr_running=8
           <...>-6950    [023] dns..   387.923481: sched_update_nr_running: cpu=23 change=1 nr_running=10
           <...>-6593    [038] dns..   387.923483: sched_update_nr_running: cpu=36 change=-1 nr_running=8
           <...>-6593    [038] dns..   387.923487: sched_update_nr_running: cpu=38 change=1 nr_running=9
           <...>-1042    [043] d....   387.923492: sched_update_nr_running: cpu=43 change=-1 nr_running=7
           <...>-971     [024] d....   387.923492: sched_update_nr_running: cpu=24 change=-1 nr_running=9
   kworker/23:1H-753     [023] d....   387.923493: sched_update_nr_running: cpu=23 change=-1 nr_running=9
           <...>-1336    [003] d....   387.923550: sched_update_nr_running: cpu=3 change=-1 nr_running=4
      sched_test-6859    [026] dns..   387.933484: sched_update_nr_running: cpu=24 change=-1 nr_running=8
      sched_test-6878    [008] dns..   387.933485: sched_update_nr_running: cpu=14 change=-1 nr_running=6
      sched_test-6859    [026] dns..   387.933488: sched_update_nr_running: cpu=24 change=-1 nr_running=7
      sched_test-6878    [008] dns..   387.933490: sched_update_nr_running: cpu=8 change=1 nr_running=7
      sched_test-6859    [026] dns..   387.933493: sched_update_nr_running: cpu=26 change=1 nr_running=10
      sched_test-6580    [028] dns..   387.933494: sched_update_nr_running: cpu=24 change=-1 nr_running=6
      sched_test-6859    [026] dns..   387.933497: sched_update_nr_running: cpu=26 change=1 nr_running=11
      sched_test-6580    [028] dns..   387.933498: sched_update_nr_running: cpu=24 change=-1 nr_running=5
      sched_test-6580    [028] dns..   387.933502: sched_update_nr_running: cpu=28 change=1 nr_running=10
      sched_test-6580    [028] dns..   387.933506: sched_update_nr_running: cpu=28 change=1 nr_running=11
           <...>-6833    [010] dns..   387.943480: sched_update_nr_running: cpu=12 change=-1 nr_running=6
           <...>-6649    [001] dns..   387.943480: sched_update_nr_running: cpu=5 change=-1 nr_running=4
           <...>-6658    [033] dns..   387.943481: sched_update_nr_running: cpu=37 change=-1 nr_running=6
      sched_test-6733    [017] dns..   387.943481: sched_update_nr_running: cpu=23 change=-1 nr_running=8
           <...>-6786    [030] dns..   387.943482: sched_update_nr_running: cpu=28 change=-1 nr_running=10
           <...>-6682    [032] dns..   387.943482: sched_update_nr_running: cpu=38 change=-1 nr_running=8
           <...>-6833    [010] dns..   387.943484: sched_update_nr_running: cpu=10 change=1 nr_running=7
      sched_test-6733    [017] dns..   387.943484: sched_update_nr_running: cpu=23 change=-1 nr_running=7
           <...>-6658    [033] dns..   387.943485: sched_update_nr_running: cpu=33 change=1 nr_running=7
           <...>-6649    [001] dns..   387.943485: sched_update_nr_running: cpu=5 change=-1 nr_running=3
           <...>-6682    [032] dns..   387.943486: sched_update_nr_running: cpu=32 change=1 nr_running=8
           <...>-6786    [030] dns..   387.943487: sched_update_nr_running: cpu=30 change=1 nr_running=11
      sched_test-6614    [019] dns..   387.943489: sched_update_nr_running: cpu=23 change=-1 nr_running=6
      sched_test-6733    [017] dns..   387.943489: sched_update_nr_running: cpu=17 change=1 nr_running=9
           <...>-6649    [001] dns..   387.943489: sched_update_nr_running: cpu=1 change=1 nr_running=3
      sched_test-6733    [017] dns..   387.943492: sched_update_nr_running: cpu=17 change=1 nr_running=10
      sched_test-6614    [019] dns..   387.943493: sched_update_nr_running: cpu=19 change=1 nr_running=10
           <...>-6649    [001] dns..   387.943493: sched_update_nr_running: cpu=1 change=1 nr_running=4
          <idle>-0       [087] d.s..   387.943542: sched_update_nr_running: cpu=1 change=-1 nr_running=3
          <idle>-0       [087] d.s..   387.943548: sched_update_nr_running: cpu=1 change=-1 nr_running=2
          <idle>-0       [087] d.s..   387.943555: sched_update_nr_running: cpu=87 change=1 nr_running=1
          <idle>-0       [087] dns..   387.943559: sched_update_nr_running: cpu=87 change=1 nr_running=2
           <...>-6656    [039] dns..   387.953483: sched_update_nr_running: cpu=39 change=1 nr_running=7
    xfsaild/dm-0-1121    [039] d....   387.953491: sched_update_nr_running: cpu=39 change=-1 nr_running=6
          <idle>-0       [101] d.s..   387.953500: sched_update_nr_running: cpu=87 change=-1 nr_running=1
          <idle>-0       [101] d.s..   387.953507: sched_update_nr_running: cpu=101 change=1 nr_running=1
      sched_test-6590    [000] d.s..   387.983484: sched_update_nr_running: cpu=4 change=-1 nr_running=4
      sched_test-6590    [000] d.s..   387.983488: sched_update_nr_running: cpu=4 change=-1 nr_running=3
      sched_test-6590    [000] d.s..   387.983492: sched_update_nr_running: cpu=0 change=1 nr_running=2
      sched_test-6590    [000] dns..   387.983496: sched_update_nr_running: cpu=0 change=1 nr_running=3
      sched_test-6802    [039] dns..   388.003483: sched_update_nr_running: cpu=33 change=-1 nr_running=6
           <...>-6775    [023] dns..   388.003483: sched_update_nr_running: cpu=17 change=-1 nr_running=9
           <...>-6649    [001] dns..   388.003484: sched_update_nr_running: cpu=3 change=-1 nr_running=3
           <...>-6720    [046] dns..   388.003484: sched_update_nr_running: cpu=44 change=-1 nr_running=10
           <...>-6933    [045] dns..   388.003484: sched_update_nr_running: cpu=41 change=-1 nr_running=11
           <...>-6668    [015] dns..   388.003485: sched_update_nr_running: cpu=9 change=-1 nr_running=6
      sched_test-6802    [039] dns..   388.003486: sched_update_nr_running: cpu=39 change=1 nr_running=7
           <...>-6775    [023] dns..   388.003488: sched_update_nr_running: cpu=17 change=-1 nr_running=8
           <...>-6649    [001] dns..   388.003488: sched_update_nr_running: cpu=1 change=1 nr_running=3
      sched_test-6866    [047] dns..   388.003488: sched_update_nr_running: cpu=41 change=-1 nr_running=10
           <...>-6720    [046] dns..   388.003488: sched_update_nr_running: cpu=44 change=-1 nr_running=9
           <...>-6933    [045] dns..   388.003488: sched_update_nr_running: cpu=45 change=1 nr_running=9
           <...>-6668    [015] dns..   388.003490: sched_update_nr_running: cpu=15 change=1 nr_running=7
      sched_test-6866    [047] dns..   388.003491: sched_update_nr_running: cpu=41 change=-1 nr_running=9
           <...>-6775    [023] dns..   388.003492: sched_update_nr_running: cpu=23 change=1 nr_running=7
           <...>-6720    [046] dns..   388.003494: sched_update_nr_running: cpu=46 change=1 nr_running=7
      sched_test-6866    [047] dns..   388.003495: sched_update_nr_running: cpu=47 change=1 nr_running=8
           <...>-6775    [023] dns..   388.003497: sched_update_nr_running: cpu=23 change=1 nr_running=8
           <...>-6720    [046] dns..   388.003497: sched_update_nr_running: cpu=46 change=1 nr_running=8
      sched_test-6866    [047] dns..   388.003499: sched_update_nr_running: cpu=47 change=1 nr_running=9
           <...>-6673    [033] dns..   388.013484: sched_update_nr_running: cpu=32 change=-1 nr_running=7
           <...>-6673    [033] dns..   388.013488: sched_update_nr_running: cpu=32 change=-1 nr_running=6
           <...>-6673    [033] dns..   388.013492: sched_update_nr_running: cpu=32 change=-1 nr_running=5
           <...>-6673    [033] dns..   388.013497: sched_update_nr_running: cpu=33 change=1 nr_running=7
           <...>-6673    [033] dns..   388.013500: sched_update_nr_running: cpu=33 change=1 nr_running=8
           <...>-6673    [033] dns..   388.013504: sched_update_nr_running: cpu=33 change=1 nr_running=9
           <...>-6656    [039] dns..   388.023481: sched_update_nr_running: cpu=39 change=1 nr_running=8
    xfsaild/dm-0-1121    [039] d....   388.023489: sched_update_nr_running: cpu=39 change=-1 nr_running=7
           <...>-6681    [035] dns..   388.033485: sched_update_nr_running: cpu=33 change=-1 nr_running=8
           <...>-6681    [035] dns..   388.033489: sched_update_nr_running: cpu=35 change=1 nr_running=7
      sched_test-6844    [004] dns..   388.063486: sched_update_nr_running: cpu=6 change=-1 nr_running=3
           <...>-6563    [046] dns..   388.063486: sched_update_nr_running: cpu=40 change=-1 nr_running=9
           <...>-6561    [024] dns..   388.063487: sched_update_nr_running: cpu=26 change=-1 nr_running=10
      sched_test-6844    [004] dns..   388.063490: sched_update_nr_running: cpu=4 change=1 nr_running=4
           <...>-6563    [046] dns..   388.063491: sched_update_nr_running: cpu=46 change=1 nr_running=9
           <...>-6561    [024] dns..   388.063492: sched_update_nr_running: cpu=26 change=-1 nr_running=9
           <...>-6561    [024] dns..   388.063497: sched_update_nr_running: cpu=24 change=1 nr_running=6
           <...>-6561    [024] dns..   388.063501: sched_update_nr_running: cpu=24 change=1 nr_running=7
      sched_test-6878    [008] dns..   388.073483: sched_update_nr_running: cpu=8 change=1 nr_running=8
           <...>-6562    [037] dns..   388.073487: sched_update_nr_running: cpu=33 change=-1 nr_running=7
           <...>-6562    [037] dns..   388.073491: sched_update_nr_running: cpu=33 change=-1 nr_running=6
           <...>-57      [008] d....   388.073494: sched_update_nr_running: cpu=8 change=-1 nr_running=7
           <...>-6562    [037] dns..   388.073495: sched_update_nr_running: cpu=37 change=1 nr_running=7
           <...>-6562    [037] dns..   388.073499: sched_update_nr_running: cpu=37 change=1 nr_running=8
           <...>-6909    [009] dns..   388.083485: sched_update_nr_running: cpu=9 change=1 nr_running=7
           <...>-886     [009] d....   388.083496: sched_update_nr_running: cpu=9 change=-1 nr_running=6
           <...>-6634    [054] d.s..   388.093483: sched_update_nr_running: cpu=54 change=1 nr_running=2
           <...>-6656    [039] dns..   388.093485: sched_update_nr_running: cpu=39 change=1 nr_running=8
           <...>-560     [054] d....   388.093492: sched_update_nr_running: cpu=54 change=-1 nr_running=1
    xfsaild/dm-0-1121    [039] d....   388.093493: sched_update_nr_running: cpu=39 change=-1 nr_running=7
           <...>-6821    [032] dns..   388.123489: sched_update_nr_running: cpu=34 change=-1 nr_running=7
           <...>-6730    [017] dns..   388.123489: sched_update_nr_running: cpu=19 change=-1 nr_running=9
           <...>-6581    [033] dns..   388.123490: sched_update_nr_running: cpu=37 change=-1 nr_running=7
           <...>-6971    [024] dns..   388.123490: sched_update_nr_running: cpu=30 change=-1 nr_running=10
           <...>-6877    [012] dns..   388.123490: sched_update_nr_running: cpu=8 change=-1 nr_running=6
           <...>-6730    [017] dns..   388.123494: sched_update_nr_running: cpu=17 change=1 nr_running=9
           <...>-6821    [032] dns..   388.123494: sched_update_nr_running: cpu=32 change=1 nr_running=6
           <...>-6971    [024] dns..   388.123494: sched_update_nr_running: cpu=30 change=-1 nr_running=9
           <...>-6581    [033] dns..   388.123495: sched_update_nr_running: cpu=33 change=1 nr_running=7
           <...>-6877    [012] dns..   388.123495: sched_update_nr_running: cpu=12 change=1 nr_running=7
           <...>-6971    [024] dns..   388.123498: sched_update_nr_running: cpu=24 change=1 nr_running=8
           <...>-6971    [024] dns..   388.123502: sched_update_nr_running: cpu=24 change=1 nr_running=9
           <...>-6783    [000] d.s..   388.135723: sched_update_nr_running: cpu=0 change=1 nr_running=4
  NetworkManager-1458    [000] d....   388.135816: sched_update_nr_running: cpu=0 change=-1 nr_running=3
           <...>-6783    [000] dns..   388.143488: sched_update_nr_running: cpu=0 change=1 nr_running=4
       rcu_sched-16      [000] d....   388.143503: sched_update_nr_running: cpu=0 change=-1 nr_running=3
          <idle>-0       [102] d.s..   388.153531: sched_update_nr_running: cpu=0 change=-1 nr_running=2
          <idle>-0       [102] d.s..   388.153539: sched_update_nr_running: cpu=102 change=1 nr_running=1
           <...>-6656    [039] dns..   388.163489: sched_update_nr_running: cpu=39 change=1 nr_running=8
           <...>-6646    [036] dns..   388.163489: sched_update_nr_running: cpu=36 change=1 nr_running=9
      sched_test-6590    [000] dns..   388.163490: sched_update_nr_running: cpu=0 change=1 nr_running=3
      sched_test-6590    [000] dns..   388.163494: sched_update_nr_running: cpu=0 change=1 nr_running=4
    xfsaild/dm-0-1121    [039] d....   388.163497: sched_update_nr_running: cpu=39 change=-1 nr_running=7
      sched_test-6590    [000] dns..   388.163503: sched_update_nr_running: cpu=2 change=-1 nr_running=3
      sched_test-6590    [000] dns..   388.163508: sched_update_nr_running: cpu=0 change=1 nr_running=5
       rcu_sched-16      [000] d....   388.163530: sched_update_nr_running: cpu=0 change=-1 nr_running=4
      kcompactd0-559     [000] d....   388.163536: sched_update_nr_running: cpu=0 change=-1 nr_running=3
          <idle>-0       [103] d.s..   388.173541: sched_update_nr_running: cpu=36 change=-1 nr_running=8
          <idle>-0       [103] d.s..   388.173547: sched_update_nr_running: cpu=36 change=-1 nr_running=7
          <idle>-0       [103] d.s..   388.173552: sched_update_nr_running: cpu=36 change=-1 nr_running=6
          <idle>-0       [103] d.s..   388.173557: sched_update_nr_running: cpu=36 change=-1 nr_running=5
          <idle>-0       [103] d.s..   388.173562: sched_update_nr_running: cpu=36 change=-1 nr_running=4
          <idle>-0       [103] d.s..   388.173566: sched_update_nr_running: cpu=36 change=-1 nr_running=3
          <idle>-0       [103] d.s..   388.173571: sched_update_nr_running: cpu=36 change=-1 nr_running=2
           <...>-621     [036] d....   388.173576: sched_update_nr_running: cpu=36 change=-1 nr_running=1
          <idle>-0       [103] d.s..   388.173579: sched_update_nr_running: cpu=103 change=1 nr_running=1
          <idle>-0       [103] dns..   388.173583: sched_update_nr_running: cpu=103 change=1 nr_running=2
          <idle>-0       [103] dns..   388.173587: sched_update_nr_running: cpu=103 change=1 nr_running=3
          <idle>-0       [103] dns..   388.173591: sched_update_nr_running: cpu=103 change=1 nr_running=4
          <idle>-0       [103] dns..   388.173594: sched_update_nr_running: cpu=103 change=1 nr_running=5
          <idle>-0       [103] dns..   388.173598: sched_update_nr_running: cpu=103 change=1 nr_running=6
          <idle>-0       [103] dns..   388.173601: sched_update_nr_running: cpu=103 change=1 nr_running=7
           <...>-6706    [002] dns..   388.183493: sched_update_nr_running: cpu=4 change=-1 nr_running=3
           <...>-6745    [006] dns..   388.183493: sched_update_nr_running: cpu=0 change=-1 nr_running=2
      sched_test-6931    [043] dns..   388.183494: sched_update_nr_running: cpu=45 change=-1 nr_running=8
           <...>-6797    [009] dns..   388.183494: sched_update_nr_running: cpu=11 change=-1 nr_running=6
           <...>-6795    [032] dns..   388.183494: sched_update_nr_running: cpu=38 change=-1 nr_running=7
           <...>-6745    [006] dns..   388.183497: sched_update_nr_running: cpu=6 change=1 nr_running=4
           <...>-6706    [002] dns..   388.183497: sched_update_nr_running: cpu=2 change=1 nr_running=4
      sched_test-6931    [043] dns..   388.183498: sched_update_nr_running: cpu=43 change=1 nr_running=8
           <...>-6797    [009] dns..   388.183498: sched_update_nr_running: cpu=9 change=1 nr_running=7
           <...>-6795    [032] dns..   388.183499: sched_update_nr_running: cpu=38 change=-1 nr_running=6
           <...>-6795    [032] dns..   388.183503: sched_update_nr_running: cpu=38 change=-1 nr_running=5
           <...>-6795    [032] dns..   388.183506: sched_update_nr_running: cpu=38 change=-1 nr_running=4
           <...>-6795    [032] dns..   388.183510: sched_update_nr_running: cpu=38 change=-1 nr_running=3
           <...>-6795    [032] dns..   388.183514: sched_update_nr_running: cpu=38 change=-1 nr_running=2
           <...>-6795    [032] dns..   388.183517: sched_update_nr_running: cpu=38 change=-1 nr_running=1
           <...>-6795    [032] dns..   388.183522: sched_update_nr_running: cpu=32 change=1 nr_running=7
           <...>-6795    [032] dns..   388.183525: sched_update_nr_running: cpu=32 change=1 nr_running=8
           <...>-6795    [032] dns..   388.183529: sched_update_nr_running: cpu=32 change=1 nr_running=9
           <...>-6795    [032] dns..   388.183532: sched_update_nr_running: cpu=32 change=1 nr_running=10
           <...>-6795    [032] dns..   388.183536: sched_update_nr_running: cpu=32 change=1 nr_running=11
           <...>-6795    [032] dns..   388.183539: sched_update_nr_running: cpu=32 change=1 nr_running=12
           <...>-6795    [032] dns..   388.183543: sched_update_nr_running: cpu=32 change=1 nr_running=13
      sched_test-6590    [000] dns..   388.193489: sched_update_nr_running: cpu=0 change=1 nr_running=3
           <...>-6684    [101] d.s..   388.193493: sched_update_nr_running: cpu=103 change=-1 nr_running=6
           <...>-6684    [101] d.s..   388.193498: sched_update_nr_running: cpu=101 change=1 nr_running=2
       rcu_sched-16      [000] d....   388.193503: sched_update_nr_running: cpu=0 change=-1 nr_running=2
           <...>-6873    [099] d.s..   388.203494: sched_update_nr_running: cpu=103 change=-1 nr_running=5
           <...>-6873    [099] d.s..   388.203498: sched_update_nr_running: cpu=103 change=-1 nr_running=4
           <...>-6873    [099] d.s..   388.203503: sched_update_nr_running: cpu=99 change=1 nr_running=2
           <...>-6873    [099] dns..   388.203512: sched_update_nr_running: cpu=99 change=1 nr_running=3
           <...>-6694    [000] dns..   388.223490: sched_update_nr_running: cpu=0 change=1 nr_running=3
           <...>-6669    [096] d.s..   388.223494: sched_update_nr_running: cpu=103 change=-1 nr_running=3
           <...>-6714    [034] dns..   388.223495: sched_update_nr_running: cpu=32 change=-1 nr_running=12
           <...>-6669    [096] d.s..   388.223499: sched_update_nr_running: cpu=103 change=-1 nr_running=2
           <...>-6714    [034] dns..   388.223499: sched_update_nr_running: cpu=32 change=-1 nr_running=11
           <...>-6694    [000] dns..   388.223499: sched_update_nr_running: cpu=6 change=-1 nr_running=3
           <...>-6694    [000] dns..   388.223503: sched_update_nr_running: cpu=0 change=1 nr_running=4
           <...>-6714    [034] dns..   388.223503: sched_update_nr_running: cpu=32 change=-1 nr_running=10
           <...>-6669    [096] d.s..   388.223504: sched_update_nr_running: cpu=96 change=1 nr_running=2
           <...>-6669    [096] dns..   388.223508: sched_update_nr_running: cpu=96 change=1 nr_running=3
           <...>-6714    [034] dns..   388.223509: sched_update_nr_running: cpu=34 change=1 nr_running=8
           <...>-6714    [034] dns..   388.223513: sched_update_nr_running: cpu=34 change=1 nr_running=9
       rcu_sched-16      [000] d....   388.223514: sched_update_nr_running: cpu=0 change=-1 nr_running=3
           <...>-6714    [034] dns..   388.223516: sched_update_nr_running: cpu=34 change=1 nr_running=10
           <...>-6731    [017] d.h..   388.225452: sched_update_nr_running: cpu=17 change=1 nr_running=10
           <...>-1473    [017] d....   388.225474: sched_update_nr_running: cpu=17 change=-1 nr_running=9
           <...>-6656    [039] dns..   388.233490: sched_update_nr_running: cpu=39 change=1 nr_running=8
           <...>-6601    [097] d.s..   388.233493: sched_update_nr_running: cpu=99 change=-1 nr_running=2
           <...>-6601    [097] d.s..   388.233498: sched_update_nr_running: cpu=99 change=-1 nr_running=1
    xfsaild/dm-0-1121    [039] d....   388.233498: sched_update_nr_running: cpu=39 change=-1 nr_running=7
           <...>-6601    [097] d.s..   388.233502: sched_update_nr_running: cpu=97 change=1 nr_running=2
           <...>-6601    [097] d.s..   388.233506: sched_update_nr_running: cpu=97 change=1 nr_running=3
           <...>-6830    [006] dns..   388.243495: sched_update_nr_running: cpu=2 change=-1 nr_running=3
           <...>-6830    [006] dns..   388.243498: sched_update_nr_running: cpu=6 change=1 nr_running=4
           <...>-6694    [000] d.h..   388.243503: sched_update_nr_running: cpu=0 change=1 nr_running=4
       rcu_sched-16      [000] d....   388.243524: sched_update_nr_running: cpu=0 change=-1 nr_running=3
      sched_test-6747    [004] d.h..   388.273489: sched_update_nr_running: cpu=4 change=1 nr_running=4
           <...>-6847    [006] d.h..   388.273489: sched_update_nr_running: cpu=6 change=1 nr_running=5
           <...>-6611    [000] d.h..   388.273489: sched_update_nr_running: cpu=0 change=1 nr_running=4
      sched_test-6872    [002] d.h..   388.273489: sched_update_nr_running: cpu=2 change=1 nr_running=4
           <...>-6766    [007] d.h..   388.273489: sched_update_nr_running: cpu=7 change=1 nr_running=5
           <...>-6829    [003] d.h..   388.273489: sched_update_nr_running: cpu=3 change=1 nr_running=4
           <...>-6905    [005] d.h..   388.273489: sched_update_nr_running: cpu=5 change=1 nr_running=4
           <...>-6649    [001] d.h..   388.273489: sched_update_nr_running: cpu=1 change=1 nr_running=4
           <...>-6579    [009] d.h..   388.273489: sched_update_nr_running: cpu=9 change=1 nr_running=8
           <...>-6653    [013] d.h..   388.273489: sched_update_nr_running: cpu=13 change=1 nr_running=8
      sched_test-6959    [015] d.h..   388.273489: sched_update_nr_running: cpu=15 change=1 nr_running=8
           <...>-6643    [011] d.h..   388.273489: sched_update_nr_running: cpu=11 change=1 nr_running=7
           <...>-6939    [008] d.h..   388.273489: sched_update_nr_running: cpu=8 change=1 nr_running=7
           <...>-6573    [014] d.h..   388.273489: sched_update_nr_running: cpu=14 change=1 nr_running=7
      sched_test-6850    [012] d.h..   388.273489: sched_update_nr_running: cpu=12 change=1 nr_running=8
      sched_test-6778    [019] d.h..   388.273489: sched_update_nr_running: cpu=19 change=1 nr_running=10
           <...>-6626    [023] d.h..   388.273489: sched_update_nr_running: cpu=23 change=1 nr_running=9
           <...>-6949    [017] d.h..   388.273489: sched_update_nr_running: cpu=17 change=1 nr_running=10
           <...>-6726    [022] d.h..   388.273489: sched_update_nr_running: cpu=22 change=1 nr_running=12
           <...>-6572    [016] d.h..   388.273489: sched_update_nr_running: cpu=16 change=1 nr_running=11
           <...>-6942    [021] d.h..   388.273489: sched_update_nr_running: cpu=21 change=1 nr_running=10
      sched_test-6622    [020] d.h..   388.273489: sched_update_nr_running: cpu=20 change=1 nr_running=11
           <...>-6966    [018] d.h..   388.273489: sched_update_nr_running: cpu=18 change=1 nr_running=11
           <...>-6794    [010] d.h..   388.273489: sched_update_nr_running: cpu=10 change=1 nr_running=8
           <...>-6611    [000] dns..   388.273499: sched_update_nr_running: cpu=0 change=1 nr_running=5
           <...>-45      [006] d....   388.273502: sched_update_nr_running: cpu=6 change=-1 nr_running=4
           <...>-35      [004] d....   388.273502: sched_update_nr_running: cpu=4 change=-1 nr_running=3
           <...>-30      [003] d....   388.273502: sched_update_nr_running: cpu=3 change=-1 nr_running=3
           <...>-50      [007] d....   388.273502: sched_update_nr_running: cpu=7 change=-1 nr_running=4
           <...>-20      [001] d....   388.273502: sched_update_nr_running: cpu=1 change=-1 nr_running=3
           <...>-40      [005] d....   388.273502: sched_update_nr_running: cpu=5 change=-1 nr_running=3
           <...>-70      [011] d....   388.273503: sched_update_nr_running: cpu=11 change=-1 nr_running=6
           <...>-90      [015] d....   388.273503: sched_update_nr_running: cpu=15 change=-1 nr_running=7
           <...>-80      [013] d....   388.273503: sched_update_nr_running: cpu=13 change=-1 nr_running=7
           <...>-60      [009] d....   388.273503: sched_update_nr_running: cpu=9 change=-1 nr_running=7
           <...>-55      [008] d....   388.273503: sched_update_nr_running: cpu=8 change=-1 nr_running=6
           <...>-75      [012] d....   388.273503: sched_update_nr_running: cpu=12 change=-1 nr_running=7
           <...>-65      [010] d....   388.273503: sched_update_nr_running: cpu=10 change=-1 nr_running=7
           <...>-85      [014] d....   388.273503: sched_update_nr_running: cpu=14 change=-1 nr_running=6
           <...>-25      [002] d....   388.273503: sched_update_nr_running: cpu=2 change=-1 nr_running=3
           <...>-130     [023] d....   388.273503: sched_update_nr_running: cpu=23 change=-1 nr_running=8
           <...>-100     [017] d....   388.273503: sched_update_nr_running: cpu=17 change=-1 nr_running=9
           <...>-115     [020] d....   388.273504: sched_update_nr_running: cpu=20 change=-1 nr_running=10
           <...>-95      [016] d....   388.273504: sched_update_nr_running: cpu=16 change=-1 nr_running=10
           <...>-125     [022] d....   388.273504: sched_update_nr_running: cpu=22 change=-1 nr_running=11
           <...>-105     [018] d....   388.273504: sched_update_nr_running: cpu=18 change=-1 nr_running=10
           <...>-17      [000] d....   388.273506: sched_update_nr_running: cpu=0 change=-1 nr_running=4
           <...>-120     [021] d....   388.273506: sched_update_nr_running: cpu=21 change=-1 nr_running=9
           <...>-110     [019] d....   388.273506: sched_update_nr_running: cpu=19 change=-1 nr_running=9
       rcu_sched-16      [000] d....   388.273520: sched_update_nr_running: cpu=0 change=-1 nr_running=3
           <...>-6562    [037] d.h..   388.283487: sched_update_nr_running: cpu=37 change=1 nr_running=8
           <...>-6640    [033] d.h..   388.283487: sched_update_nr_running: cpu=33 change=1 nr_running=8
           <...>-6658    [039] d.h..   388.283487: sched_update_nr_running: cpu=39 change=1 nr_running=8
           <...>-6956    [034] d.h..   388.283487: sched_update_nr_running: cpu=34 change=1 nr_running=11
           <...>-6713    [032] d.h..   388.283487: sched_update_nr_running: cpu=32 change=1 nr_running=11
           <...>-6958    [038] d.h..   388.283487: sched_update_nr_running: cpu=38 change=1 nr_running=2
           <...>-6743    [036] d.h..   388.283487: sched_update_nr_running: cpu=36 change=1 nr_running=2
           <...>-6677    [035] d.h..   388.283487: sched_update_nr_running: cpu=35 change=1 nr_running=8
      sched_test-6921    [030] d.h..   388.283487: sched_update_nr_running: cpu=30 change=1 nr_running=10
           <...>-6675    [024] d.h..   388.283487: sched_update_nr_running: cpu=24 change=1 nr_running=10
           <...>-6754    [028] d.h..   388.283487: sched_update_nr_running: cpu=28 change=1 nr_running=11
           <...>-6972    [025] d.h..   388.283487: sched_update_nr_running: cpu=25 change=1 nr_running=11
           <...>-6712    [026] d.h..   388.283487: sched_update_nr_running: cpu=26 change=1 nr_running=10
           <...>-6857    [027] d.h..   388.283487: sched_update_nr_running: cpu=27 change=1 nr_running=11
           <...>-6568    [031] d.h..   388.283487: sched_update_nr_running: cpu=31 change=1 nr_running=11
      sched_test-6641    [029] d.h..   388.283487: sched_update_nr_running: cpu=29 change=1 nr_running=11
           <...>-6896    [048] d.h..   388.283488: sched_update_nr_running: cpu=48 change=1 nr_running=2
           <...>-6719    [044] d.h..   388.283488: sched_update_nr_running: cpu=44 change=1 nr_running=10
           <...>-6867    [040] d.h..   388.283488: sched_update_nr_running: cpu=40 change=1 nr_running=10
      sched_test-6610    [046] d.h..   388.283488: sched_update_nr_running: cpu=46 change=1 nr_running=10
      sched_test-6744    [043] d.h..   388.283488: sched_update_nr_running: cpu=43 change=1 nr_running=9
           <...>-6662    [047] d.h..   388.283488: sched_update_nr_running: cpu=47 change=1 nr_running=10
      sched_test-6840    [041] d.h..   388.283488: sched_update_nr_running: cpu=41 change=1 nr_running=10
      sched_test-6828    [042] d.h..   388.283488: sched_update_nr_running: cpu=42 change=1 nr_running=11
      sched_test-6647    [045] d.h..   388.283488: sched_update_nr_running: cpu=45 change=1 nr_running=9
           <...>-6783    [102] d.s..   388.283498: sched_update_nr_running: cpu=96 change=-1 nr_running=2
           <...>-200     [037] d....   388.283498: sched_update_nr_running: cpu=37 change=-1 nr_running=7
           <...>-210     [039] d....   388.283498: sched_update_nr_running: cpu=39 change=-1 nr_running=7
           <...>-180     [033] d....   388.283498: sched_update_nr_running: cpu=33 change=-1 nr_running=7
           <...>-190     [035] d....   388.283498: sched_update_nr_running: cpu=35 change=-1 nr_running=7
           <...>-205     [038] d....   388.283498: sched_update_nr_running: cpu=38 change=-1 nr_running=1
           <...>-195     [036] d....   388.283498: sched_update_nr_running: cpu=36 change=-1 nr_running=1
           <...>-175     [032] d....   388.283498: sched_update_nr_running: cpu=32 change=-1 nr_running=10
           <...>-255     [048] d....   388.283500: sched_update_nr_running: cpu=48 change=-1 nr_running=1
           <...>-215     [040] d....   388.283501: sched_update_nr_running: cpu=40 change=-1 nr_running=9
           <...>-225     [042] d....   388.283501: sched_update_nr_running: cpu=42 change=-1 nr_running=10
           <...>-235     [044] d....   388.283501: sched_update_nr_running: cpu=44 change=-1 nr_running=9
           <...>-245     [046] d....   388.283501: sched_update_nr_running: cpu=46 change=-1 nr_running=9
           <...>-220     [041] d....   388.283501: sched_update_nr_running: cpu=41 change=-1 nr_running=9
           <...>-240     [045] d....   388.283501: sched_update_nr_running: cpu=45 change=-1 nr_running=8
           <...>-230     [043] d....   388.283501: sched_update_nr_running: cpu=43 change=-1 nr_running=8
           <...>-250     [047] d....   388.283501: sched_update_nr_running: cpu=47 change=-1 nr_running=9
           <...>-135     [024] d....   388.283501: sched_update_nr_running: cpu=24 change=-1 nr_running=9
           <...>-165     [030] d....   388.283501: sched_update_nr_running: cpu=30 change=-1 nr_running=9
           <...>-155     [028] d....   388.283501: sched_update_nr_running: cpu=28 change=-1 nr_running=10
           <...>-145     [026] d....   388.283501: sched_update_nr_running: cpu=26 change=-1 nr_running=9
           <...>-185     [034] d....   388.283502: sched_update_nr_running: cpu=34 change=-1 nr_running=10
           <...>-160     [029] d....   388.283502: sched_update_nr_running: cpu=29 change=-1 nr_running=10
           <...>-140     [025] d....   388.283502: sched_update_nr_running: cpu=25 change=-1 nr_running=10
           <...>-170     [031] d....   388.283502: sched_update_nr_running: cpu=31 change=-1 nr_running=10
           <...>-150     [027] d....   388.283502: sched_update_nr_running: cpu=27 change=-1 nr_running=10
           <...>-6783    [102] d.s..   388.283503: sched_update_nr_running: cpu=102 change=1 nr_running=2
           <...>-6589    [050] d.h..   388.293487: sched_update_nr_running: cpu=50 change=1 nr_running=2
           <...>-6634    [054] d.h..   388.293487: sched_update_nr_running: cpu=54 change=1 nr_running=2
           <...>-6583    [052] d.h..   388.293487: sched_update_nr_running: cpu=52 change=1 nr_running=2
           <...>-6683    [061] d.h..   388.293487: sched_update_nr_running: cpu=61 change=1 nr_running=2
           <...>-6748    [063] d.h..   388.293487: sched_update_nr_running: cpu=63 change=1 nr_running=2
           <...>-6644    [055] d.h..   388.293487: sched_update_nr_running: cpu=55 change=1 nr_running=2
           <...>-6685    [051] d.h..   388.293487: sched_update_nr_running: cpu=51 change=1 nr_running=2
           <...>-6894    [060] d.h..   388.293487: sched_update_nr_running: cpu=60 change=1 nr_running=2
           <...>-6820    [056] d.h..   388.293487: sched_update_nr_running: cpu=56 change=1 nr_running=2
           <...>-6659    [049] d.h..   388.293488: sched_update_nr_running: cpu=49 change=1 nr_running=2
           <...>-6846    [065] d.h..   388.293488: sched_update_nr_running: cpu=65 change=1 nr_running=2
           <...>-6961    [064] d.h..   388.293488: sched_update_nr_running: cpu=64 change=1 nr_running=2
           <...>-6845    [059] d.h..   388.293488: sched_update_nr_running: cpu=59 change=1 nr_running=2
           <...>-6623    [053] d.h..   388.293488: sched_update_nr_running: cpu=53 change=1 nr_running=2
           <...>-6901    [068] d.h..   388.293488: sched_update_nr_running: cpu=68 change=1 nr_running=2
           <...>-6722    [062] d.h..   388.293488: sched_update_nr_running: cpu=62 change=1 nr_running=2
           <...>-6691    [057] d.h..   388.293488: sched_update_nr_running: cpu=57 change=1 nr_running=2
           <...>-6577    [067] d.h..   388.293488: sched_update_nr_running: cpu=67 change=1 nr_running=2
           <...>-6902    [070] d.h..   388.293488: sched_update_nr_running: cpu=70 change=1 nr_running=2
           <...>-6639    [069] d.h..   388.293488: sched_update_nr_running: cpu=69 change=1 nr_running=2
           <...>-6705    [071] d.h..   388.293488: sched_update_nr_running: cpu=71 change=1 nr_running=2
           <...>-6571    [058] d.h..   388.293488: sched_update_nr_running: cpu=58 change=1 nr_running=2
           <...>-6900    [066] d.h..   388.293488: sched_update_nr_running: cpu=66 change=1 nr_running=2
           <...>-6597    [008] dns..   388.293498: sched_update_nr_running: cpu=10 change=-1 nr_running=6
           <...>-280     [053] d....   388.293498: sched_update_nr_running: cpu=53 change=-1 nr_running=1
           <...>-270     [051] d....   388.293498: sched_update_nr_running: cpu=51 change=-1 nr_running=1
           <...>-260     [049] d....   388.293498: sched_update_nr_running: cpu=49 change=-1 nr_running=1
           <...>-275     [052] d....   388.293499: sched_update_nr_running: cpu=52 change=-1 nr_running=1
           <...>-285     [054] d....   388.293499: sched_update_nr_running: cpu=54 change=-1 nr_running=1
           <...>-290     [055] d....   388.293499: sched_update_nr_running: cpu=55 change=-1 nr_running=1
           <...>-325     [062] d....   388.293499: sched_update_nr_running: cpu=62 change=-1 nr_running=1
           <...>-305     [058] d....   388.293499: sched_update_nr_running: cpu=58 change=-1 nr_running=1
           <...>-315     [060] d....   388.293499: sched_update_nr_running: cpu=60 change=-1 nr_running=1
           <...>-300     [057] d....   388.293499: sched_update_nr_running: cpu=57 change=-1 nr_running=1
           <...>-320     [061] d....   388.293499: sched_update_nr_running: cpu=61 change=-1 nr_running=1
           <...>-310     [059] d....   388.293499: sched_update_nr_running: cpu=59 change=-1 nr_running=1
           <...>-330     [063] d....   388.293499: sched_update_nr_running: cpu=63 change=-1 nr_running=1
           <...>-265     [050] d....   388.293499: sched_update_nr_running: cpu=50 change=-1 nr_running=1
           <...>-365     [070] d....   388.293500: sched_update_nr_running: cpu=70 change=-1 nr_running=1
           <...>-335     [064] d....   388.293500: sched_update_nr_running: cpu=64 change=-1 nr_running=1
           <...>-345     [066] d....   388.293500: sched_update_nr_running: cpu=66 change=-1 nr_running=1
           <...>-355     [068] d....   388.293500: sched_update_nr_running: cpu=68 change=-1 nr_running=1
           <...>-340     [065] d....   388.293501: sched_update_nr_running: cpu=65 change=-1 nr_running=1
           <...>-370     [071] d....   388.293501: sched_update_nr_running: cpu=71 change=-1 nr_running=1
           <...>-350     [067] d....   388.293501: sched_update_nr_running: cpu=67 change=-1 nr_running=1
           <...>-360     [069] d....   388.293501: sched_update_nr_running: cpu=69 change=-1 nr_running=1
           <...>-295     [056] d....   388.293502: sched_update_nr_running: cpu=56 change=-1 nr_running=1
           <...>-6597    [008] dns..   388.293502: sched_update_nr_running: cpu=8 change=1 nr_running=7
           <...>-6627    [072] d.h..   388.303488: sched_update_nr_running: cpu=72 change=1 nr_running=2
           <...>-6727    [078] d.h..   388.303488: sched_update_nr_running: cpu=78 change=1 nr_running=2
           <...>-6871    [079] d.h..   388.303488: sched_update_nr_running: cpu=79 change=1 nr_running=2
           <...>-6617    [088] d.h..   388.303488: sched_update_nr_running: cpu=88 change=1 nr_running=2
           <...>-6768    [076] d.h..   388.303488: sched_update_nr_running: cpu=76 change=1 nr_running=2
           <...>-6899    [077] d.h..   388.303488: sched_update_nr_running: cpu=77 change=1 nr_running=2
           <...>-6898    [074] d.h..   388.303488: sched_update_nr_running: cpu=74 change=1 nr_running=2
           <...>-6819    [073] d.h..   388.303488: sched_update_nr_running: cpu=73 change=1 nr_running=2
           <...>-6765    [091] d.h..   388.303488: sched_update_nr_running: cpu=91 change=1 nr_running=2
           <...>-6897    [075] d.h..   388.303488: sched_update_nr_running: cpu=75 change=1 nr_running=2
           <...>-6895    [090] d.h..   388.303488: sched_update_nr_running: cpu=90 change=1 nr_running=2
           <...>-6831    [085] d.h..   388.303488: sched_update_nr_running: cpu=85 change=1 nr_running=2
           <...>-6664    [089] d.h..   388.303488: sched_update_nr_running: cpu=89 change=1 nr_running=2
           <...>-6904    [092] d.h..   388.303488: sched_update_nr_running: cpu=92 change=1 nr_running=2
           <...>-6903    [087] d.h..   388.303488: sched_update_nr_running: cpu=87 change=1 nr_running=2
           <...>-6624    [084] d.h..   388.303489: sched_update_nr_running: cpu=84 change=1 nr_running=2
           <...>-6746    [086] d.h..   388.303489: sched_update_nr_running: cpu=86 change=1 nr_running=2
           <...>-6620    [080] d.h..   388.303489: sched_update_nr_running: cpu=80 change=1 nr_running=2
           <...>-6564    [082] d.h..   388.303489: sched_update_nr_running: cpu=82 change=1 nr_running=2
           <...>-6767    [083] d.h..   388.303489: sched_update_nr_running: cpu=83 change=1 nr_running=2
           <...>-6618    [081] d.h..   388.303489: sched_update_nr_running: cpu=81 change=1 nr_running=2
           <...>-6656    [039] dns..   388.303495: sched_update_nr_running: cpu=39 change=1 nr_running=8
           <...>-6611    [000] dns..   388.303495: sched_update_nr_running: cpu=0 change=1 nr_running=4
      sched_test-6747    [004] dns..   388.303498: sched_update_nr_running: cpu=6 change=-1 nr_running=3
           <...>-455     [088] d....   388.303498: sched_update_nr_running: cpu=88 change=-1 nr_running=1
           <...>-475     [092] d....   388.303500: sched_update_nr_running: cpu=92 change=-1 nr_running=1
           <...>-410     [079] d....   388.303502: sched_update_nr_running: cpu=79 change=-1 nr_running=1
           <...>-390     [075] d....   388.303502: sched_update_nr_running: cpu=75 change=-1 nr_running=1
           <...>-380     [073] d....   388.303502: sched_update_nr_running: cpu=73 change=-1 nr_running=1
           <...>-385     [074] d....   388.303502: sched_update_nr_running: cpu=74 change=-1 nr_running=1
           <...>-395     [076] d....   388.303502: sched_update_nr_running: cpu=76 change=-1 nr_running=1
           <...>-400     [077] d....   388.303502: sched_update_nr_running: cpu=77 change=-1 nr_running=1
           <...>-375     [072] d....   388.303502: sched_update_nr_running: cpu=72 change=-1 nr_running=1
           <...>-405     [078] d....   388.303502: sched_update_nr_running: cpu=78 change=-1 nr_running=1
           <...>-465     [090] d....   388.303503: sched_update_nr_running: cpu=90 change=-1 nr_running=1
      sched_test-6747    [004] dns..   388.303504: sched_update_nr_running: cpu=4 change=1 nr_running=4
           <...>-470     [091] d....   388.303504: sched_update_nr_running: cpu=91 change=-1 nr_running=1
           <...>-460     [089] d....   388.303504: sched_update_nr_running: cpu=89 change=-1 nr_running=1
           <...>-420     [081] d....   388.303504: sched_update_nr_running: cpu=81 change=-1 nr_running=1
           <...>-430     [083] d....   388.303504: sched_update_nr_running: cpu=83 change=-1 nr_running=1
           <...>-440     [085] d....   388.303504: sched_update_nr_running: cpu=85 change=-1 nr_running=1
           <...>-415     [080] d....   388.303504: sched_update_nr_running: cpu=80 change=-1 nr_running=1
           <...>-425     [082] d....   388.303504: sched_update_nr_running: cpu=82 change=-1 nr_running=1
           <...>-435     [084] d....   388.303504: sched_update_nr_running: cpu=84 change=-1 nr_running=1
           <...>-445     [086] d....   388.303504: sched_update_nr_running: cpu=86 change=-1 nr_running=1
           <...>-450     [087] d....   388.303504: sched_update_nr_running: cpu=87 change=-1 nr_running=1
    xfsaild/dm-0-1121    [039] d....   388.303505: sched_update_nr_running: cpu=39 change=-1 nr_running=7
       rcu_sched-16      [000] d....   388.303509: sched_update_nr_running: cpu=0 change=-1 nr_running=3
           <...>-6874    [039] d.h..   388.304507: sched_update_nr_running: cpu=39 change=1 nr_running=8
           <...>-6724    [093] d.h..   388.313488: sched_update_nr_running: cpu=93 change=1 nr_running=3
           <...>-6715    [102] d.h..   388.313488: sched_update_nr_running: cpu=102 change=1 nr_running=3
           <...>-6941    [095] d.h..   388.313488: sched_update_nr_running: cpu=95 change=1 nr_running=2
           <...>-6717    [096] d.h..   388.313488: sched_update_nr_running: cpu=96 change=1 nr_running=3
           <...>-6736    [099] d.h..   388.313489: sched_update_nr_running: cpu=99 change=1 nr_running=2
           <...>-6646    [101] d.h..   388.313489: sched_update_nr_running: cpu=101 change=1 nr_running=3
           <...>-6737    [097] d.h..   388.313489: sched_update_nr_running: cpu=97 change=1 nr_running=4
           <...>-6569    [103] d.h..   388.313489: sched_update_nr_running: cpu=103 change=1 nr_running=3
           <...>-6707    [098] d.h..   388.313489: sched_update_nr_running: cpu=98 change=1 nr_running=2
           <...>-6752    [094] d.h..   388.313489: sched_update_nr_running: cpu=94 change=1 nr_running=2
           <...>-6692    [100] d.h..   388.313489: sched_update_nr_running: cpu=100 change=1 nr_running=2
           <...>-490     [095] d....   388.313499: sched_update_nr_running: cpu=95 change=-1 nr_running=1
           <...>-500     [097] d....   388.313500: sched_update_nr_running: cpu=97 change=-1 nr_running=3
           <...>-510     [099] d....   388.313500: sched_update_nr_running: cpu=99 change=-1 nr_running=1
           <...>-530     [103] d....   388.313500: sched_update_nr_running: cpu=103 change=-1 nr_running=2
           <...>-480     [093] d....   388.313501: sched_update_nr_running: cpu=93 change=-1 nr_running=2
           <...>-6707    [098] dns..   388.313503: sched_update_nr_running: cpu=102 change=-1 nr_running=2
           <...>-495     [096] d....   388.313503: sched_update_nr_running: cpu=96 change=-1 nr_running=2
