           <...>-6954    [024] dns..   391.263674: sched_update_nr_running: cpu=24 change=1 nr_running=10
           <...>-6954    [024] dns..   391.263677: sched_update_nr_running: cpu=24 change=1 nr_running=11
           <...>-6954    [024] dns..   391.263680: sched_update_nr_running: cpu=24 change=1 nr_running=12
           <...>-6954    [024] dns..   391.263684: sched_update_nr_running: cpu=24 change=1 nr_running=13
           <...>-6666    [000] dns..   391.273633: sched_update_nr_running: cpu=0 change=1 nr_running=7
           <...>-6666    [000] dns..   391.273637: sched_update_nr_running: cpu=0 change=1 nr_running=8
      sched_test-6700    [035] dns..   391.273637: sched_update_nr_running: cpu=33 change=-1 nr_running=6
           <...>-6819    [073] d.s..   391.273638: sched_update_nr_running: cpu=76 change=-1 nr_running=2
      sched_test-6700    [035] dns..   391.273642: sched_update_nr_running: cpu=35 change=1 nr_running=7
           <...>-6819    [073] d.s..   391.273644: sched_update_nr_running: cpu=73 change=1 nr_running=2
       rcu_sched-16      [000] d....   391.273647: sched_update_nr_running: cpu=0 change=-1 nr_running=7
      kcompactd0-559     [000] d....   391.273653: sched_update_nr_running: cpu=0 change=-1 nr_running=6
      sched_test-6642    [002] dns..   391.283634: sched_update_nr_running: cpu=2 change=1 nr_running=7
           <...>-6715    [102] d.s..   391.283636: sched_update_nr_running: cpu=96 change=-1 nr_running=1
           <...>-6715    [102] d.s..   391.283640: sched_update_nr_running: cpu=102 change=1 nr_running=2
      sched_test-6757    [000] d.h..   391.283644: sched_update_nr_running: cpu=0 change=1 nr_running=7
       rcu_sched-16      [000] d....   391.283663: sched_update_nr_running: cpu=0 change=-1 nr_running=6
           <...>-6732    [039] dns..   391.293634: sched_update_nr_running: cpu=39 change=1 nr_running=8
           <...>-6569    [103] d.s..   391.293637: sched_update_nr_running: cpu=101 change=-1 nr_running=1
           <...>-6690    [038] dns..   391.293638: sched_update_nr_running: cpu=32 change=-1 nr_running=6
           <...>-6714    [034] dns..   391.293638: sched_update_nr_running: cpu=36 change=-1 nr_running=6
      sched_test-6757    [000] dns..   391.293639: sched_update_nr_running: cpu=2 change=-1 nr_running=6
           <...>-6569    [103] d.s..   391.293641: sched_update_nr_running: cpu=103 change=1 nr_running=2
           <...>-6714    [034] dns..   391.293642: sched_update_nr_running: cpu=34 change=1 nr_running=7
           <...>-6690    [038] dns..   391.293642: sched_update_nr_running: cpu=38 change=1 nr_running=7
    xfsaild/dm-0-1121    [039] d....   391.293642: sched_update_nr_running: cpu=39 change=-1 nr_running=7
      sched_test-6757    [000] dns..   391.293644: sched_update_nr_running: cpu=2 change=-1 nr_running=5
      sched_test-6757    [000] dns..   391.293648: sched_update_nr_running: cpu=2 change=-1 nr_running=4
      sched_test-6757    [000] dns..   391.293652: sched_update_nr_running: cpu=2 change=-1 nr_running=3
      sched_test-6757    [000] dns..   391.293656: sched_update_nr_running: cpu=2 change=-1 nr_running=2
      sched_test-6757    [000] dns..   391.293660: sched_update_nr_running: cpu=2 change=-1 nr_running=1
           <...>-588     [002] d....   391.293663: sched_update_nr_running: cpu=2 change=-1 nr_running=0
      sched_test-6757    [000] dns..   391.293665: sched_update_nr_running: cpu=0 change=1 nr_running=7
      sched_test-6757    [000] dns..   391.293669: sched_update_nr_running: cpu=0 change=1 nr_running=8
      sched_test-6757    [000] dns..   391.293673: sched_update_nr_running: cpu=0 change=1 nr_running=9
      sched_test-6757    [000] dns..   391.293677: sched_update_nr_running: cpu=0 change=1 nr_running=10
      sched_test-6757    [000] dns..   391.293681: sched_update_nr_running: cpu=0 change=1 nr_running=11
      sched_test-6757    [000] dns..   391.293684: sched_update_nr_running: cpu=0 change=1 nr_running=12
           <...>-588     [002] d....   391.293689: sched_update_nr_running: cpu=0 change=-1 nr_running=11
           <...>-588     [002] d....   391.293694: sched_update_nr_running: cpu=0 change=-1 nr_running=10
           <...>-588     [002] d....   391.293698: sched_update_nr_running: cpu=0 change=-1 nr_running=9
           <...>-588     [002] d....   391.293703: sched_update_nr_running: cpu=2 change=1 nr_running=1
           <...>-588     [002] dn...   391.293707: sched_update_nr_running: cpu=2 change=1 nr_running=2
           <...>-588     [002] dn...   391.293711: sched_update_nr_running: cpu=2 change=1 nr_running=3
      sched_test-6844    [000] dns..   391.303635: sched_update_nr_running: cpu=0 change=1 nr_running=10
           <...>-6599    [033] dns..   391.303639: sched_update_nr_running: cpu=35 change=-1 nr_running=6
           <...>-6955    [030] dns..   391.303639: sched_update_nr_running: cpu=24 change=-1 nr_running=12
      sched_test-6850    [012] d.s..   391.303640: sched_update_nr_running: cpu=14 change=-1 nr_running=7
           <...>-6813    [011] dns..   391.303640: sched_update_nr_running: cpu=13 change=-1 nr_running=7
           <...>-6599    [033] dns..   391.303643: sched_update_nr_running: cpu=33 change=1 nr_running=7
           <...>-6955    [030] dns..   391.303643: sched_update_nr_running: cpu=24 change=-1 nr_running=11
      sched_test-6850    [012] d.s..   391.303644: sched_update_nr_running: cpu=14 change=-1 nr_running=6
           <...>-6813    [011] dns..   391.303645: sched_update_nr_running: cpu=11 change=1 nr_running=7
           <...>-6955    [030] dns..   391.303648: sched_update_nr_running: cpu=30 change=1 nr_running=8
      sched_test-6850    [012] d.s..   391.303649: sched_update_nr_running: cpu=14 change=-1 nr_running=5
           <...>-6955    [030] dns..   391.303651: sched_update_nr_running: cpu=30 change=1 nr_running=9
      sched_test-6850    [012] d.s..   391.303653: sched_update_nr_running: cpu=12 change=1 nr_running=2
       rcu_sched-16      [000] d....   391.303655: sched_update_nr_running: cpu=0 change=-1 nr_running=9
      sched_test-6850    [012] dns..   391.303657: sched_update_nr_running: cpu=12 change=1 nr_running=3
      sched_test-6850    [012] dns..   391.303661: sched_update_nr_running: cpu=12 change=1 nr_running=4
           <...>-6681    [032] d.h..   391.309955: sched_update_nr_running: cpu=32 change=1 nr_running=7
           <...>-1496    [032] d....   391.310010: sched_update_nr_running: cpu=32 change=-1 nr_running=6
           <...>-6717    [098] d.s..   391.313637: sched_update_nr_running: cpu=102 change=-1 nr_running=1
           <...>-6943    [052] dns..   391.313639: sched_update_nr_running: cpu=48 change=-1 nr_running=7
           <...>-6943    [052] dns..   391.313642: sched_update_nr_running: cpu=48 change=-1 nr_running=6
           <...>-6717    [098] d.s..   391.313642: sched_update_nr_running: cpu=98 change=1 nr_running=2
           <...>-6943    [052] dns..   391.313646: sched_update_nr_running: cpu=52 change=1 nr_running=3
           <...>-6952    [054] dns..   391.313646: sched_update_nr_running: cpu=48 change=-1 nr_running=5
           <...>-6943    [052] dns..   391.313649: sched_update_nr_running: cpu=52 change=1 nr_running=4
           <...>-6952    [054] dns..   391.313650: sched_update_nr_running: cpu=54 change=1 nr_running=3
           <...>-6634    [050] dns..   391.323639: sched_update_nr_running: cpu=48 change=-1 nr_running=4
           <...>-6634    [050] dns..   391.323643: sched_update_nr_running: cpu=48 change=-1 nr_running=3
           <...>-6634    [050] dns..   391.323647: sched_update_nr_running: cpu=50 change=1 nr_running=3
           <...>-6634    [050] dns..   391.323651: sched_update_nr_running: cpu=50 change=1 nr_running=4
      sched_test-6642    [000] dns..   391.333636: sched_update_nr_running: cpu=0 change=1 nr_running=10
           <...>-6570    [035] dns..   391.333640: sched_update_nr_running: cpu=33 change=-1 nr_running=6
           <...>-6570    [035] dns..   391.333644: sched_update_nr_running: cpu=35 change=1 nr_running=7
       rcu_sched-16      [000] d....   391.333652: sched_update_nr_running: cpu=0 change=-1 nr_running=9
           <...>-6581    [039] d.h..   391.334646: sched_update_nr_running: cpu=39 change=1 nr_running=8
           <...>-6629    [086] d.s..   391.343640: sched_update_nr_running: cpu=80 change=-1 nr_running=1
           <...>-6583    [049] d.s..   391.343641: sched_update_nr_running: cpu=50 change=-1 nr_running=3
           <...>-6199    [039] d....   391.343645: sched_update_nr_running: cpu=39 change=-1 nr_running=7
           <...>-6583    [049] d.s..   391.343645: sched_update_nr_running: cpu=50 change=-1 nr_running=2
           <...>-6629    [086] d.s..   391.343645: sched_update_nr_running: cpu=86 change=1 nr_running=2
           <...>-6583    [049] d.s..   391.343650: sched_update_nr_running: cpu=49 change=1 nr_running=2
           <...>-6583    [049] d.s..   391.343654: sched_update_nr_running: cpu=49 change=1 nr_running=3
      sched_test-6606    [000] d.s..   391.348340: sched_update_nr_running: cpu=0 change=1 nr_running=10
  NetworkManager-1458    [000] d....   391.348454: sched_update_nr_running: cpu=0 change=-1 nr_running=9
           <...>-6666    [000] d.s..   391.349088: sched_update_nr_running: cpu=0 change=1 nr_running=10
  NetworkManager-1458    [000] d....   391.349179: sched_update_nr_running: cpu=0 change=-1 nr_running=9
           <...>-6666    [000] d.s..   391.349340: sched_update_nr_running: cpu=0 change=1 nr_running=10
  NetworkManager-1458    [000] d....   391.349429: sched_update_nr_running: cpu=0 change=-1 nr_running=9
           <...>-6666    [000] d.s..   391.349589: sched_update_nr_running: cpu=0 change=1 nr_running=10
  NetworkManager-1458    [000] d....   391.349679: sched_update_nr_running: cpu=0 change=-1 nr_running=9
      sched_test-6921    [026] dns..   391.353641: sched_update_nr_running: cpu=24 change=-1 nr_running=10
      sched_test-6921    [026] dns..   391.353645: sched_update_nr_running: cpu=24 change=-1 nr_running=9
      sched_test-6921    [026] dns..   391.353650: sched_update_nr_running: cpu=26 change=1 nr_running=8
           <...>-6755    [028] dns..   391.353650: sched_update_nr_running: cpu=24 change=-1 nr_running=8
      sched_test-6921    [026] dns..   391.353653: sched_update_nr_running: cpu=26 change=1 nr_running=9
           <...>-6755    [028] dns..   391.353655: sched_update_nr_running: cpu=28 change=1 nr_running=8
      sched_test-6711    [000] dns..   391.363637: sched_update_nr_running: cpu=0 change=1 nr_running=10
           <...>-6846    [065] d.s..   391.363637: sched_update_nr_running: cpu=65 change=1 nr_running=2
           <...>-6732    [039] dns..   391.363637: sched_update_nr_running: cpu=39 change=1 nr_running=8
      sched_test-6590    [004] dns..   391.363641: sched_update_nr_running: cpu=2 change=-1 nr_running=2
           <...>-6954    [024] dns..   391.363641: sched_update_nr_running: cpu=26 change=-1 nr_running=8
           <...>-6651    [032] dns..   391.363641: sched_update_nr_running: cpu=34 change=-1 nr_running=6
           <...>-6730    [036] dns..   391.363642: sched_update_nr_running: cpu=38 change=-1 nr_running=6
      sched_test-6760    [033] dns..   391.363642: sched_update_nr_running: cpu=35 change=-1 nr_running=6
           <...>-6573    [014] dns..   391.363643: sched_update_nr_running: cpu=8 change=-1 nr_running=6
           <...>-6769    [008] dns..   391.363643: sched_update_nr_running: cpu=9 change=-1 nr_running=7
      sched_test-6711    [000] dns..   391.363643: sched_update_nr_running: cpu=0 change=1 nr_running=11
      sched_test-6613    [019] dns..   391.363644: sched_update_nr_running: cpu=23 change=-1 nr_running=7
      sched_test-6590    [004] dns..   391.363645: sched_update_nr_running: cpu=2 change=-1 nr_running=1
    xfsaild/dm-0-1121    [039] d....   391.363645: sched_update_nr_running: cpu=39 change=-1 nr_running=7
           <...>-6651    [032] dns..   391.363645: sched_update_nr_running: cpu=32 change=1 nr_running=7
           <...>-6730    [036] dns..   391.363645: sched_update_nr_running: cpu=36 change=1 nr_running=7
      sched_test-6760    [033] dns..   391.363646: sched_update_nr_running: cpu=33 change=1 nr_running=7
           <...>-6954    [024] dns..   391.363646: sched_update_nr_running: cpu=24 change=1 nr_running=9
           <...>-6769    [008] dns..   391.363646: sched_update_nr_running: cpu=9 change=-1 nr_running=6
           <...>-6947    [012] dns..   391.363647: sched_update_nr_running: cpu=8 change=-1 nr_running=5
           <...>-6573    [014] dns..   391.363647: sched_update_nr_running: cpu=14 change=1 nr_running=6
      sched_test-6613    [019] dns..   391.363648: sched_update_nr_running: cpu=23 change=-1 nr_running=6
      sched_test-6590    [004] dns..   391.363649: sched_update_nr_running: cpu=4 change=1 nr_running=7
           <...>-6769    [008] dns..   391.363650: sched_update_nr_running: cpu=9 change=-1 nr_running=5
           <...>-6947    [012] dns..   391.363651: sched_update_nr_running: cpu=12 change=1 nr_running=5
      sched_test-6590    [004] dns..   391.363653: sched_update_nr_running: cpu=4 change=1 nr_running=8
      sched_test-6613    [019] dns..   391.363653: sched_update_nr_running: cpu=19 change=1 nr_running=3
           <...>-6769    [008] dns..   391.363655: sched_update_nr_running: cpu=8 change=1 nr_running=6
      sched_test-6613    [019] dns..   391.363657: sched_update_nr_running: cpu=19 change=1 nr_running=4
           <...>-6769    [008] dns..   391.363659: sched_update_nr_running: cpu=8 change=1 nr_running=7
           <...>-6769    [008] dns..   391.363663: sched_update_nr_running: cpu=8 change=1 nr_running=8
           <...>-6714    [034] d.h..   391.363675: sched_update_nr_running: cpu=34 change=1 nr_running=7
           <...>-6820    [056] d.h..   391.363693: sched_update_nr_running: cpu=56 change=1 nr_running=2
           <...>-6627    [073] d.h..   391.363706: sched_update_nr_running: cpu=73 change=1 nr_running=3
           <...>-636     [056] d....   391.363712: sched_update_nr_running: cpu=56 change=-1 nr_running=1
           <...>-6565    [080] d.h..   391.363714: sched_update_nr_running: cpu=80 change=1 nr_running=2
           <...>-6726    [081] d.h..   391.363718: sched_update_nr_running: cpu=81 change=1 nr_running=2
           <...>-6767    [083] d.h..   391.363724: sched_update_nr_running: cpu=83 change=1 nr_running=4
           <...>-6831    [085] d.h..   391.363729: sched_update_nr_running: cpu=85 change=1 nr_running=2
           <...>-658     [081] d....   391.363732: sched_update_nr_running: cpu=81 change=-1 nr_running=1
           <...>-6765    [088] d.h..   391.363736: sched_update_nr_running: cpu=88 change=1 nr_running=2
    kworker/83:1-664     [083] d....   391.363736: sched_update_nr_running: cpu=83 change=-1 nr_running=3
           <...>-9       [000] d....   391.363738: sched_update_nr_running: cpu=0 change=-1 nr_running=10
           <...>-669     [085] d....   391.363743: sched_update_nr_running: cpu=85 change=-1 nr_running=1
       rcu_sched-16      [000] d....   391.363747: sched_update_nr_running: cpu=0 change=-1 nr_running=9
           <...>-666     [088] d....   391.363750: sched_update_nr_running: cpu=88 change=-1 nr_running=1
           <...>-6563    [046] dns..   391.373640: sched_update_nr_running: cpu=46 change=1 nr_running=9
           <...>-6746    [082] dns..   391.373641: sched_update_nr_running: cpu=80 change=-1 nr_running=1
           <...>-6831    [085] d.s..   391.373642: sched_update_nr_running: cpu=83 change=-1 nr_running=2
           <...>-659     [080] d....   391.373644: sched_update_nr_running: cpu=80 change=-1 nr_running=0
           <...>-6746    [082] dns..   391.373645: sched_update_nr_running: cpu=82 change=1 nr_running=3
           <...>-1737    [034] d....   391.373646: sched_update_nr_running: cpu=34 change=-1 nr_running=6
           <...>-652     [073] d....   391.373647: sched_update_nr_running: cpu=73 change=-1 nr_running=2
           <...>-6831    [085] d.s..   391.373647: sched_update_nr_running: cpu=85 change=1 nr_running=2
           <...>-642     [065] d....   391.373650: sched_update_nr_running: cpu=65 change=-1 nr_running=1
           <...>-659     [080] d....   391.373653: sched_update_nr_running: cpu=82 change=-1 nr_running=2
           <...>-659     [080] d....   391.373658: sched_update_nr_running: cpu=80 change=1 nr_running=1
       rcu_sched-16      [046] d....   391.373661: sched_update_nr_running: cpu=46 change=-1 nr_running=8
           <...>-6951    [050] dns..   391.383641: sched_update_nr_running: cpu=52 change=-1 nr_running=3
           <...>-6761    [099] d.s..   391.383642: sched_update_nr_running: cpu=103 change=-1 nr_running=1
           <...>-6949    [017] dns..   391.383643: sched_update_nr_running: cpu=16 change=-1 nr_running=7
           <...>-6679    [025] dns..   391.383644: sched_update_nr_running: cpu=30 change=-1 nr_running=8
           <...>-6951    [050] dns..   391.383646: sched_update_nr_running: cpu=52 change=-1 nr_running=2
           <...>-6761    [099] d.s..   391.383646: sched_update_nr_running: cpu=99 change=1 nr_running=2
           <...>-6949    [017] dns..   391.383648: sched_update_nr_running: cpu=16 change=-1 nr_running=6
           <...>-6679    [025] dns..   391.383649: sched_update_nr_running: cpu=30 change=-1 nr_running=7
           <...>-6951    [050] dns..   391.383650: sched_update_nr_running: cpu=50 change=1 nr_running=3
           <...>-6949    [017] dns..   391.383652: sched_update_nr_running: cpu=16 change=-1 nr_running=5
           <...>-6679    [025] dns..   391.383653: sched_update_nr_running: cpu=30 change=-1 nr_running=6
           <...>-6951    [050] dns..   391.383654: sched_update_nr_running: cpu=50 change=1 nr_running=4
           <...>-6949    [017] dns..   391.383656: sched_update_nr_running: cpu=17 change=1 nr_running=8
           <...>-6679    [025] dns..   391.383658: sched_update_nr_running: cpu=25 change=1 nr_running=3
           <...>-6949    [017] dns..   391.383660: sched_update_nr_running: cpu=17 change=1 nr_running=9
           <...>-6679    [025] dns..   391.383662: sched_update_nr_running: cpu=25 change=1 nr_running=4
           <...>-6949    [017] dns..   391.383664: sched_update_nr_running: cpu=17 change=1 nr_running=10
           <...>-6679    [025] dns..   391.383666: sched_update_nr_running: cpu=25 change=1 nr_running=5
           <...>-6676    [035] dns..   391.393643: sched_update_nr_running: cpu=33 change=-1 nr_running=6
           <...>-6676    [035] dns..   391.393647: sched_update_nr_running: cpu=35 change=1 nr_running=7
           <...>-6801    [046] dns..   391.403639: sched_update_nr_running: cpu=46 change=1 nr_running=9
           <...>-6897    [075] d.s..   391.403643: sched_update_nr_running: cpu=73 change=-1 nr_running=1
           <...>-6897    [075] d.s..   391.403648: sched_update_nr_running: cpu=75 change=1 nr_running=2
       rcu_sched-16      [046] d....   391.403657: sched_update_nr_running: cpu=46 change=-1 nr_running=8
           <...>-6623    [051] dns..   391.413643: sched_update_nr_running: cpu=49 change=-1 nr_running=2
           <...>-6623    [051] dns..   391.413648: sched_update_nr_running: cpu=51 change=1 nr_running=3
           <...>-6759    [033] dns..   391.423643: sched_update_nr_running: cpu=35 change=-1 nr_running=6
           <...>-6731    [032] dns..   391.423643: sched_update_nr_running: cpu=34 change=-1 nr_running=5
      sched_test-6796    [012] dns..   391.423643: sched_update_nr_running: cpu=8 change=-1 nr_running=7
           <...>-6780    [019] dns..   391.423644: sched_update_nr_running: cpu=17 change=-1 nr_running=9
      sched_test-6913    [016] dns..   391.423644: sched_update_nr_running: cpu=18 change=-1 nr_running=7
           <...>-6694    [006] dns..   391.423645: sched_update_nr_running: cpu=0 change=-1 nr_running=8
           <...>-6731    [032] dns..   391.423646: sched_update_nr_running: cpu=34 change=-1 nr_running=4
           <...>-6759    [033] dns..   391.423647: sched_update_nr_running: cpu=33 change=1 nr_running=7
      sched_test-6796    [012] dns..   391.423647: sched_update_nr_running: cpu=12 change=1 nr_running=6
           <...>-6780    [019] dns..   391.423648: sched_update_nr_running: cpu=17 change=-1 nr_running=8
      sched_test-6913    [016] dns..   391.423649: sched_update_nr_running: cpu=16 change=1 nr_running=6
           <...>-6731    [032] dns..   391.423649: sched_update_nr_running: cpu=34 change=-1 nr_running=3
           <...>-6694    [006] dns..   391.423650: sched_update_nr_running: cpu=0 change=-1 nr_running=7
           <...>-6780    [019] dns..   391.423651: sched_update_nr_running: cpu=17 change=-1 nr_running=7
           <...>-6731    [032] dns..   391.423652: sched_update_nr_running: cpu=34 change=-1 nr_running=2
           <...>-6780    [019] dns..   391.423654: sched_update_nr_running: cpu=19 change=1 nr_running=5
           <...>-6731    [032] dns..   391.423654: sched_update_nr_running: cpu=34 change=-1 nr_running=1
           <...>-6694    [006] dns..   391.423654: sched_update_nr_running: cpu=6 change=1 nr_running=8
           <...>-6780    [019] dns..   391.423658: sched_update_nr_running: cpu=19 change=1 nr_running=6
           <...>-6731    [032] dns..   391.423658: sched_update_nr_running: cpu=32 change=1 nr_running=8
           <...>-6694    [006] dns..   391.423658: sched_update_nr_running: cpu=6 change=1 nr_running=9
           <...>-6780    [019] dns..   391.423661: sched_update_nr_running: cpu=19 change=1 nr_running=7
           <...>-6731    [032] dns..   391.423662: sched_update_nr_running: cpu=32 change=1 nr_running=9
           <...>-6731    [032] dns..   391.423666: sched_update_nr_running: cpu=32 change=1 nr_running=10
           <...>-6731    [032] dns..   391.423669: sched_update_nr_running: cpu=32 change=1 nr_running=11
           <...>-6731    [032] dns..   391.423673: sched_update_nr_running: cpu=32 change=1 nr_running=12
           <...>-6732    [039] dns..   391.433640: sched_update_nr_running: cpu=39 change=1 nr_running=8
           <...>-6672    [046] dns..   391.433640: sched_update_nr_running: cpu=46 change=1 nr_running=9
           <...>-6898    [078] d.s..   391.433643: sched_update_nr_running: cpu=72 change=-1 nr_running=1
           <...>-6684    [101] d.s..   391.433643: sched_update_nr_running: cpu=99 change=-1 nr_running=1
           <...>-6898    [078] d.s..   391.433647: sched_update_nr_running: cpu=78 change=1 nr_running=2
           <...>-6684    [101] d.s..   391.433648: sched_update_nr_running: cpu=101 change=1 nr_running=2
    xfsaild/dm-0-1121    [039] d....   391.433648: sched_update_nr_running: cpu=39 change=-1 nr_running=7
       rcu_sched-16      [046] d....   391.433653: sched_update_nr_running: cpu=46 change=-1 nr_running=8
           <...>-6644    [053] dns..   391.443645: sched_update_nr_running: cpu=51 change=-1 nr_running=2
           <...>-6644    [053] dns..   391.443649: sched_update_nr_running: cpu=53 change=1 nr_running=3
      sched_test-6606    [000] d.s..   391.451605: sched_update_nr_running: cpu=2 change=1 nr_running=2
            sshd-5428    [002] d....   391.451652: sched_update_nr_running: cpu=2 change=1 nr_running=3
  kworker/u321:0-534     [002] d....   391.451664: sched_update_nr_running: cpu=2 change=1 nr_running=4
  kworker/u321:0-534     [002] d....   391.451667: sched_update_nr_running: cpu=2 change=-1 nr_running=3
            sshd-5428    [002] d....   391.451685: sched_update_nr_running: cpu=2 change=-1 nr_running=2
           <...>-6871    [079] d.s..   391.453645: sched_update_nr_running: cpu=75 change=-1 nr_running=1
           <...>-6689    [035] dns..   391.453645: sched_update_nr_running: cpu=33 change=-1 nr_running=6
           <...>-6871    [079] d.s..   391.453650: sched_update_nr_running: cpu=79 change=1 nr_running=2
           <...>-6689    [035] dns..   391.453650: sched_update_nr_running: cpu=35 change=1 nr_running=7
           <...>-6701    [046] dns..   391.463643: sched_update_nr_running: cpu=46 change=1 nr_running=9
           <...>-6601    [102] d.s..   391.463644: sched_update_nr_running: cpu=98 change=-1 nr_running=1
           <...>-6899    [077] d.s..   391.463646: sched_update_nr_running: cpu=79 change=-1 nr_running=1
           <...>-6583    [049] dns..   391.463647: sched_update_nr_running: cpu=50 change=-1 nr_running=3
           <...>-6601    [102] d.s..   391.463649: sched_update_nr_running: cpu=102 change=1 nr_running=2
           <...>-6899    [077] d.s..   391.463650: sched_update_nr_running: cpu=77 change=1 nr_running=2
           <...>-6583    [049] dns..   391.463651: sched_update_nr_running: cpu=50 change=-1 nr_running=2
           <...>-6583    [049] dns..   391.463655: sched_update_nr_running: cpu=49 change=1 nr_running=3
           <...>-6583    [049] dns..   391.463659: sched_update_nr_running: cpu=49 change=1 nr_running=4
       rcu_sched-16      [046] d....   391.463661: sched_update_nr_running: cpu=46 change=-1 nr_running=8
           <...>-6737    [103] d.s..   391.473645: sched_update_nr_running: cpu=101 change=-1 nr_running=1
           <...>-6586    [051] dns..   391.473646: sched_update_nr_running: cpu=49 change=-1 nr_running=3
           <...>-6648    [038] dns..   391.473648: sched_update_nr_running: cpu=32 change=-1 nr_running=11
           <...>-6829    [001] dns..   391.473649: sched_update_nr_running: cpu=6 change=-1 nr_running=8
           <...>-6737    [103] d.s..   391.473650: sched_update_nr_running: cpu=103 change=1 nr_running=2
           <...>-6586    [051] dns..   391.473651: sched_update_nr_running: cpu=51 change=1 nr_running=3
           <...>-6648    [038] dns..   391.473652: sched_update_nr_running: cpu=32 change=-1 nr_running=10
           <...>-6829    [001] dns..   391.473653: sched_update_nr_running: cpu=6 change=-1 nr_running=7
           <...>-6648    [038] dns..   391.473656: sched_update_nr_running: cpu=32 change=-1 nr_running=9
           <...>-6829    [001] dns..   391.473657: sched_update_nr_running: cpu=6 change=-1 nr_running=6
           <...>-6648    [038] dns..   391.473661: sched_update_nr_running: cpu=38 change=1 nr_running=7
           <...>-6829    [001] dns..   391.473662: sched_update_nr_running: cpu=1 change=1 nr_running=8
           <...>-6648    [038] dns..   391.473665: sched_update_nr_running: cpu=38 change=1 nr_running=8
           <...>-6829    [001] dns..   391.473666: sched_update_nr_running: cpu=1 change=1 nr_running=9
           <...>-6648    [038] dns..   391.473668: sched_update_nr_running: cpu=38 change=1 nr_running=9
           <...>-6829    [001] dns..   391.473669: sched_update_nr_running: cpu=1 change=1 nr_running=10
             zsh-5429    [002] d....   391.476236: sched_update_nr_running: cpu=2 change=1 nr_running=3
  kworker/u321:0-534     [002] d....   391.476249: sched_update_nr_running: cpu=2 change=1 nr_running=4
  kworker/u321:0-534     [002] d....   391.476254: sched_update_nr_running: cpu=2 change=-1 nr_running=3
            sshd-5428    [002] d....   391.476322: sched_update_nr_running: cpu=2 change=-1 nr_running=2
           <...>-6664    [089] d....   391.477486: sched_update_nr_running: cpu=89 change=-1 nr_running=0
           <...>-6664    [089] d....   391.477536: sched_update_nr_running: cpu=1 change=-1 nr_running=9
           <...>-6664    [089] d....   391.477542: sched_update_nr_running: cpu=1 change=-1 nr_running=8
           <...>-6664    [089] d....   391.477547: sched_update_nr_running: cpu=1 change=-1 nr_running=7
           <...>-6664    [089] d....   391.477552: sched_update_nr_running: cpu=1 change=-1 nr_running=6
           <...>-6664    [089] d....   391.477557: sched_update_nr_running: cpu=1 change=-1 nr_running=5
           <...>-6664    [089] d....   391.477562: sched_update_nr_running: cpu=1 change=-1 nr_running=4
           <...>-6664    [089] d....   391.477566: sched_update_nr_running: cpu=1 change=-1 nr_running=3
           <...>-6664    [089] d....   391.477571: sched_update_nr_running: cpu=1 change=-1 nr_running=2
           <...>-6664    [089] d....   391.477575: sched_update_nr_running: cpu=1 change=-1 nr_running=1
           <...>-6664    [089] d....   391.477581: sched_update_nr_running: cpu=89 change=1 nr_running=1
           <...>-6664    [089] dn...   391.477585: sched_update_nr_running: cpu=89 change=1 nr_running=2
           <...>-6664    [089] dn...   391.477588: sched_update_nr_running: cpu=89 change=1 nr_running=3
           <...>-6664    [089] dn...   391.477592: sched_update_nr_running: cpu=89 change=1 nr_running=4
           <...>-6664    [089] dn...   391.477596: sched_update_nr_running: cpu=89 change=1 nr_running=5
           <...>-6664    [089] dn...   391.477599: sched_update_nr_running: cpu=89 change=1 nr_running=6
           <...>-6664    [089] dn...   391.477603: sched_update_nr_running: cpu=89 change=1 nr_running=7
           <...>-6664    [089] dn...   391.477606: sched_update_nr_running: cpu=89 change=1 nr_running=8
           <...>-6664    [089] dn...   391.477610: sched_update_nr_running: cpu=89 change=1 nr_running=9
             zsh-5429    [002] dn...   391.480474: sched_update_nr_running: cpu=2 change=-1 nr_running=1
           <...>-6573    [014] dns..   391.483647: sched_update_nr_running: cpu=8 change=-1 nr_running=6
      sched_test-6936    [023] dns..   391.483647: sched_update_nr_running: cpu=19 change=-1 nr_running=6
           <...>-6958    [036] dns..   391.483647: sched_update_nr_running: cpu=38 change=-1 nr_running=8
           <...>-6758    [033] dns..   391.483647: sched_update_nr_running: cpu=35 change=-1 nr_running=6
           <...>-6885    [030] dns..   391.483649: sched_update_nr_running: cpu=24 change=-1 nr_running=8
      sched_test-6928    [044] dns..   391.483649: sched_update_nr_running: cpu=46 change=-1 nr_running=7
      sched_test-6913    [016] dns..   391.483649: sched_update_nr_running: cpu=20 change=-1 nr_running=7
           <...>-6679    [025] dns..   391.483649: sched_update_nr_running: cpu=27 change=-1 nr_running=7
           <...>-6920    [009] dns..   391.483650: sched_update_nr_running: cpu=15 change=-1 nr_running=7
           <...>-6573    [014] dns..   391.483651: sched_update_nr_running: cpu=14 change=1 nr_running=7
      sched_test-6936    [023] dns..   391.483651: sched_update_nr_running: cpu=23 change=1 nr_running=7
           <...>-6758    [033] dns..   391.483652: sched_update_nr_running: cpu=33 change=1 nr_running=7
           <...>-6958    [036] dns..   391.483652: sched_update_nr_running: cpu=38 change=-1 nr_running=7
      sched_test-6840    [040] dns..   391.483653: sched_update_nr_running: cpu=46 change=-1 nr_running=6
      sched_test-6928    [044] dns..   391.483653: sched_update_nr_running: cpu=44 change=1 nr_running=8
           <...>-6885    [030] dns..   391.483653: sched_update_nr_running: cpu=24 change=-1 nr_running=7
      sched_test-6913    [016] dns..   391.483654: sched_update_nr_running: cpu=16 change=1 nr_running=7
           <...>-6679    [025] dns..   391.483654: sched_update_nr_running: cpu=25 change=1 nr_running=6
           <...>-6920    [009] dns..   391.483655: sched_update_nr_running: cpu=9 change=1 nr_running=6
      sched_test-6817    [042] dns..   391.483656: sched_update_nr_running: cpu=46 change=-1 nr_running=5
      sched_test-6840    [040] dns..   391.483656: sched_update_nr_running: cpu=40 change=1 nr_running=8
           <...>-6958    [036] dns..   391.483656: sched_update_nr_running: cpu=36 change=1 nr_running=8
           <...>-6885    [030] dns..   391.483658: sched_update_nr_running: cpu=30 change=1 nr_running=7
      sched_test-6817    [042] dns..   391.483660: sched_update_nr_running: cpu=42 change=1 nr_running=8
           <...>-6958    [036] dns..   391.483660: sched_update_nr_running: cpu=36 change=1 nr_running=9
           <...>-6885    [030] dns..   391.483661: sched_update_nr_running: cpu=30 change=1 nr_running=8
           <...>-6762    [000] d.s..   391.487949: sched_update_nr_running: cpu=0 change=1 nr_running=8
  NetworkManager-1458    [000] d....   391.488052: sched_update_nr_running: cpu=0 change=-1 nr_running=7
      sched_test-6888    [046] dns..   391.493645: sched_update_nr_running: cpu=46 change=1 nr_running=6
           <...>-6943    [052] dns..   391.493646: sched_update_nr_running: cpu=54 change=-1 nr_running=2
           <...>-6589    [055] dns..   391.493646: sched_update_nr_running: cpu=51 change=-1 nr_running=2
           <...>-6941    [091] d.s..   391.493649: sched_update_nr_running: cpu=89 change=-1 nr_running=8
           <...>-6943    [052] dns..   391.493650: sched_update_nr_running: cpu=52 change=1 nr_running=3
           <...>-6589    [055] dns..   391.493651: sched_update_nr_running: cpu=55 change=1 nr_running=3
           <...>-6941    [091] d.s..   391.493653: sched_update_nr_running: cpu=89 change=-1 nr_running=7
           <...>-6941    [091] d.s..   391.493659: sched_update_nr_running: cpu=91 change=1 nr_running=2
           <...>-6724    [095] d.s..   391.493659: sched_update_nr_running: cpu=89 change=-1 nr_running=6
       rcu_sched-16      [046] d....   391.493661: sched_update_nr_running: cpu=46 change=-1 nr_running=5
           <...>-6941    [091] d.s..   391.493663: sched_update_nr_running: cpu=91 change=1 nr_running=3
           <...>-6724    [095] d.s..   391.493664: sched_update_nr_running: cpu=89 change=-1 nr_running=5
           <...>-6724    [095] d.s..   391.493668: sched_update_nr_running: cpu=95 change=1 nr_running=2
           <...>-6724    [095] dns..   391.493672: sched_update_nr_running: cpu=95 change=1 nr_running=3
           <...>-6732    [039] dns..   391.503644: sched_update_nr_running: cpu=39 change=1 nr_running=8
           <...>-6759    [033] dns..   391.503647: sched_update_nr_running: cpu=36 change=-1 nr_running=8
    xfsaild/dm-0-1121    [039] d....   391.503650: sched_update_nr_running: cpu=39 change=-1 nr_running=7
           <...>-6759    [033] dns..   391.503651: sched_update_nr_running: cpu=36 change=-1 nr_running=7
           <...>-6759    [033] dns..   391.503654: sched_update_nr_running: cpu=36 change=-1 nr_running=6
           <...>-6759    [033] dns..   391.503659: sched_update_nr_running: cpu=33 change=1 nr_running=8
           <...>-6759    [033] dns..   391.503663: sched_update_nr_running: cpu=33 change=1 nr_running=9
           <...>-6759    [033] dns..   391.503667: sched_update_nr_running: cpu=33 change=1 nr_running=10
      sched_test-6802    [035] dns..   391.513648: sched_update_nr_running: cpu=33 change=-1 nr_running=9
      sched_test-6802    [035] dns..   391.513653: sched_update_nr_running: cpu=33 change=-1 nr_running=8
      sched_test-6802    [035] dns..   391.513657: sched_update_nr_running: cpu=35 change=1 nr_running=7
      sched_test-6802    [035] dns..   391.513661: sched_update_nr_running: cpu=35 change=1 nr_running=8
           <...>-6720    [046] dns..   391.523644: sched_update_nr_running: cpu=46 change=1 nr_running=6
           <...>-6845    [059] d.s..   391.523644: sched_update_nr_running: cpu=59 change=1 nr_running=2
       rcu_sched-16      [046] d....   391.523656: sched_update_nr_running: cpu=46 change=-1 nr_running=5
           <...>-6583    [051] dns..   391.533649: sched_update_nr_running: cpu=55 change=-1 nr_running=2
           <...>-6683    [063] d.s..   391.533650: sched_update_nr_running: cpu=59 change=-1 nr_running=1
           <...>-641     [059] d....   391.533652: sched_update_nr_running: cpu=59 change=-1 nr_running=0
           <...>-6583    [051] dns..   391.533653: sched_update_nr_running: cpu=51 change=1 nr_running=3
           <...>-6683    [063] d.s..   391.533655: sched_update_nr_running: cpu=63 change=1 nr_running=2
           <...>-641     [059] d....   391.533660: sched_update_nr_running: cpu=63 change=-1 nr_running=1
           <...>-641     [059] d....   391.533664: sched_update_nr_running: cpu=59 change=1 nr_running=1
      sched_test-6923    [025] dns..   391.543651: sched_update_nr_running: cpu=29 change=-1 nr_running=7
      sched_test-6843    [002] d.s..   391.543652: sched_update_nr_running: cpu=4 change=-1 nr_running=7
      sched_test-6843    [002] d.s..   391.543656: sched_update_nr_running: cpu=4 change=-1 nr_running=6
      sched_test-6923    [025] dns..   391.543656: sched_update_nr_running: cpu=25 change=1 nr_running=7
      sched_test-6757    [000] dns..   391.543659: sched_update_nr_running: cpu=40 change=-1 nr_running=7
      sched_test-6843    [002] d.s..   391.543659: sched_update_nr_running: cpu=4 change=-1 nr_running=5
      sched_test-6757    [000] dns..   391.543663: sched_update_nr_running: cpu=40 change=-1 nr_running=6
      sched_test-6843    [002] d.s..   391.543663: sched_update_nr_running: cpu=2 change=1 nr_running=2
      sched_test-6757    [000] dns..   391.543667: sched_update_nr_running: cpu=40 change=-1 nr_running=5
      sched_test-6843    [002] dns..   391.543668: sched_update_nr_running: cpu=2 change=1 nr_running=3
      sched_test-6757    [000] dns..   391.543671: sched_update_nr_running: cpu=40 change=-1 nr_running=4
      sched_test-6843    [002] dns..   391.543672: sched_update_nr_running: cpu=2 change=1 nr_running=4
      sched_test-6757    [000] dns..   391.543675: sched_update_nr_running: cpu=40 change=-1 nr_running=3
      sched_test-6757    [000] dns..   391.543681: sched_update_nr_running: cpu=0 change=1 nr_running=8
      sched_test-6757    [000] dns..   391.543685: sched_update_nr_running: cpu=0 change=1 nr_running=9
      sched_test-6757    [000] dns..   391.543688: sched_update_nr_running: cpu=0 change=1 nr_running=10
      sched_test-6757    [000] dns..   391.543692: sched_update_nr_running: cpu=0 change=1 nr_running=11
      sched_test-6757    [000] dns..   391.543696: sched_update_nr_running: cpu=0 change=1 nr_running=12
           <...>-6666    [000] d.s..   391.550156: sched_update_nr_running: cpu=0 change=1 nr_running=13
  NetworkManager-1458    [000] d....   391.550358: sched_update_nr_running: cpu=0 change=-1 nr_running=12
      sched_test-6840    [000] d.s..   391.550554: sched_update_nr_running: cpu=0 change=1 nr_running=13
  NetworkManager-1458    [000] d....   391.550645: sched_update_nr_running: cpu=0 change=-1 nr_running=12
      sched_test-6840    [000] d.s..   391.550902: sched_update_nr_running: cpu=0 change=1 nr_running=13
  NetworkManager-1458    [000] d....   391.551079: sched_update_nr_running: cpu=0 change=-1 nr_running=12
           <...>-6563    [046] dns..   391.553646: sched_update_nr_running: cpu=46 change=1 nr_running=6
           <...>-6669    [096] d.s..   391.553648: sched_update_nr_running: cpu=100 change=-1 nr_running=1
           <...>-6708    [093] d.s..   391.553649: sched_update_nr_running: cpu=89 change=-1 nr_running=4
      sched_test-6678    [055] dns..   391.553649: sched_update_nr_running: cpu=51 change=-1 nr_running=2
           <...>-6669    [096] d.s..   391.553651: sched_update_nr_running: cpu=96 change=1 nr_running=2
      sched_test-6678    [055] dns..   391.553654: sched_update_nr_running: cpu=55 change=1 nr_running=3
           <...>-6708    [093] d.s..   391.553654: sched_update_nr_running: cpu=89 change=-1 nr_running=3
           <...>-6708    [093] d.s..   391.553659: sched_update_nr_running: cpu=93 change=1 nr_running=2
           <...>-6708    [093] dns..   391.553663: sched_update_nr_running: cpu=93 change=1 nr_running=3
       rcu_sched-16      [046] d....   391.553664: sched_update_nr_running: cpu=46 change=-1 nr_running=5
           <...>-6821    [032] d.h..   391.554056: sched_update_nr_running: cpu=32 change=1 nr_running=10
           <...>-1913    [032] d....   391.554107: sched_update_nr_running: cpu=32 change=-1 nr_running=9
           <...>-6569    [099] d.s..   391.563650: sched_update_nr_running: cpu=103 change=-1 nr_running=1
           <...>-6615    [050] dns..   391.563651: sched_update_nr_running: cpu=52 change=-1 nr_running=2
           <...>-6569    [099] d.s..   391.563654: sched_update_nr_running: cpu=99 change=1 nr_running=2
           <...>-6615    [050] dns..   391.563655: sched_update_nr_running: cpu=50 change=1 nr_running=3
           <...>-6691    [057] d....   391.572322: sched_update_nr_running: cpu=57 change=-1 nr_running=0
           <...>-6691    [057] d....   391.572331: sched_update_nr_running: cpu=61 change=-1 nr_running=1
           <...>-6691    [057] d....   391.572336: sched_update_nr_running: cpu=57 change=1 nr_running=1
           <...>-6720    [046] dns..   391.573647: sched_update_nr_running: cpu=46 change=1 nr_running=6
           <...>-6732    [039] dns..   391.573647: sched_update_nr_running: cpu=39 change=1 nr_running=8
    xfsaild/dm-0-1121    [039] d....   391.573656: sched_update_nr_running: cpu=39 change=-1 nr_running=7
       rcu_sched-16      [046] d....   391.573667: sched_update_nr_running: cpu=46 change=-1 nr_running=5
           <...>-6819    [075] d.s..   391.583651: sched_update_nr_running: cpu=77 change=-1 nr_running=1
           <...>-6819    [075] d.s..   391.583655: sched_update_nr_running: cpu=75 change=1 nr_running=2
           <...>-6583    [051] dns..   391.593651: sched_update_nr_running: cpu=55 change=-1 nr_running=2
      sched_test-6812    [001] d.s..   391.593652: sched_update_nr_running: cpu=0 change=-1 nr_running=11
           <...>-6909    [008] dns..   391.593652: sched_update_nr_running: cpu=10 change=-1 nr_running=6
           <...>-6714    [034] d.s..   391.593653: sched_update_nr_running: cpu=32 change=-1 nr_running=8
           <...>-6583    [051] dns..   391.593656: sched_update_nr_running: cpu=51 change=1 nr_running=3
           <...>-6909    [008] dns..   391.593657: sched_update_nr_running: cpu=8 change=1 nr_running=7
      sched_test-6812    [001] d.s..   391.593657: sched_update_nr_running: cpu=0 change=-1 nr_running=10
           <...>-6714    [034] d.s..   391.593657: sched_update_nr_running: cpu=32 change=-1 nr_running=7
      sched_test-6812    [001] d.s..   391.593661: sched_update_nr_running: cpu=0 change=-1 nr_running=9
           <...>-6714    [034] d.s..   391.593661: sched_update_nr_running: cpu=32 change=-1 nr_running=6
      sched_test-6812    [001] d.s..   391.593665: sched_update_nr_running: cpu=0 change=-1 nr_running=8
           <...>-6714    [034] d.s..   391.593667: sched_update_nr_running: cpu=34 change=1 nr_running=2
      sched_test-6812    [001] d.s..   391.593669: sched_update_nr_running: cpu=0 change=-1 nr_running=7
           <...>-6714    [034] dns..   391.593670: sched_update_nr_running: cpu=34 change=1 nr_running=3
      sched_test-6812    [001] d.s..   391.593674: sched_update_nr_running: cpu=1 change=1 nr_running=2
           <...>-6714    [034] dns..   391.593674: sched_update_nr_running: cpu=34 change=1 nr_running=4
      sched_test-6812    [001] dns..   391.593678: sched_update_nr_running: cpu=1 change=1 nr_running=3
      sched_test-6812    [001] dns..   391.593682: sched_update_nr_running: cpu=1 change=1 nr_running=4
      sched_test-6812    [001] dns..   391.593685: sched_update_nr_running: cpu=1 change=1 nr_running=5
      sched_test-6812    [001] dns..   391.593689: sched_update_nr_running: cpu=1 change=1 nr_running=6
           <...>-6627    [073] d.s..   391.603647: sched_update_nr_running: cpu=73 change=1 nr_running=2
           <...>-6563    [046] dns..   391.603648: sched_update_nr_running: cpu=46 change=1 nr_running=6
      sched_test-6931    [043] dns..   391.603649: sched_update_nr_running: cpu=43 change=1 nr_running=8
           <...>-6791    [024] dns..   391.603649: sched_update_nr_running: cpu=24 change=1 nr_running=8
           <...>-6775    [023] dns..   391.603649: sched_update_nr_running: cpu=23 change=1 nr_running=8
           <...>-6957    [009] dns..   391.603652: sched_update_nr_running: cpu=11 change=-1 nr_running=6
           <...>-6764    [002] dns..   391.603653: sched_update_nr_running: cpu=0 change=-1 nr_running=6
           <...>-6874    [039] dns..   391.603653: sched_update_nr_running: cpu=35 change=-1 nr_running=7
           <...>-6957    [009] dns..   391.603656: sched_update_nr_running: cpu=9 change=1 nr_running=7
           <...>-6874    [039] dns..   391.603658: sched_update_nr_running: cpu=39 change=1 nr_running=8
           <...>-6791    [024] dns..   391.603658: sched_update_nr_running: cpu=26 change=-1 nr_running=7
           <...>-6764    [002] dns..   391.603659: sched_update_nr_running: cpu=2 change=1 nr_running=5
           <...>-6791    [024] dns..   391.603663: sched_update_nr_running: cpu=24 change=1 nr_running=9
       rcu_sched-16      [046] d....   391.603669: sched_update_nr_running: cpu=46 change=-1 nr_running=5
           <...>-607     [023] d....   391.603671: sched_update_nr_running: cpu=23 change=-1 nr_running=7
    kworker/43:2-1154    [043] d....   391.603677: sched_update_nr_running: cpu=43 change=-1 nr_running=7
    kworker/24:2-6466    [024] d....   391.603685: sched_update_nr_running: cpu=24 change=-1 nr_running=8
           <...>-652     [073] d....   391.603709: sched_update_nr_running: cpu=73 change=-1 nr_running=1
           <...>-6883    [023] d.s..   391.603717: sched_update_nr_running: cpu=23 change=1 nr_running=8
      sched_test-6744    [043] d.s..   391.603722: sched_update_nr_running: cpu=43 change=1 nr_running=8
           <...>-6789    [024] d.s..   391.603726: sched_update_nr_running: cpu=24 change=1 nr_running=9
           <...>-607     [023] d....   391.603727: sched_update_nr_running: cpu=23 change=-1 nr_running=7
    kworker/43:2-1154    [043] d....   391.603731: sched_update_nr_running: cpu=43 change=-1 nr_running=7
    kworker/24:2-6466    [024] d....   391.603736: sched_update_nr_running: cpu=24 change=-1 nr_running=8
           <...>-6715    [098] d.s..   391.613652: sched_update_nr_running: cpu=96 change=-1 nr_running=1
           <...>-6684    [101] d.s..   391.613652: sched_update_nr_running: cpu=99 change=-1 nr_running=1
           <...>-6736    [072] d.s..   391.613652: sched_update_nr_running: cpu=76 change=-1 nr_running=1
           <...>-6623    [055] dns..   391.613652: sched_update_nr_running: cpu=51 change=-1 nr_running=2
           <...>-6952    [054] dns..   391.613652: sched_update_nr_running: cpu=50 change=-1 nr_running=2
           <...>-6738    [037] dns..   391.613654: sched_update_nr_running: cpu=39 change=-1 nr_running=7
           <...>-6715    [098] d.s..   391.613656: sched_update_nr_running: cpu=98 change=1 nr_running=2
           <...>-6684    [101] d.s..   391.613656: sched_update_nr_running: cpu=101 change=1 nr_running=2
           <...>-6623    [055] dns..   391.613657: sched_update_nr_running: cpu=55 change=1 nr_running=3
           <...>-6952    [054] dns..   391.613657: sched_update_nr_running: cpu=54 change=1 nr_running=3
           <...>-6736    [072] d.s..   391.613657: sched_update_nr_running: cpu=72 change=1 nr_running=2
           <...>-6738    [037] dns..   391.613659: sched_update_nr_running: cpu=37 change=1 nr_running=8
           <...>-6615    [050] dns..   391.623652: sched_update_nr_running: cpu=54 change=-1 nr_running=2
           <...>-6615    [050] dns..   391.623657: sched_update_nr_running: cpu=50 change=1 nr_running=3
           <...>-6801    [046] dns..   391.633649: sched_update_nr_running: cpu=46 change=1 nr_running=6
      sched_test-6779    [032] dns..   391.633655: sched_update_nr_running: cpu=37 change=-1 nr_running=7
      sched_test-6779    [032] dns..   391.633659: sched_update_nr_running: cpu=37 change=-1 nr_running=6
       rcu_sched-16      [046] d....   391.633659: sched_update_nr_running: cpu=46 change=-1 nr_running=5
      sched_test-6779    [032] dns..   391.633663: sched_update_nr_running: cpu=37 change=-1 nr_running=5
      sched_test-6779    [032] dns..   391.633667: sched_update_nr_running: cpu=32 change=1 nr_running=7
      sched_test-6779    [032] dns..   391.633671: sched_update_nr_running: cpu=32 change=1 nr_running=8
      sched_test-6779    [032] dns..   391.633674: sched_update_nr_running: cpu=32 change=1 nr_running=9
           <...>-6624    [084] dn...   391.643607: sched_update_nr_running: cpu=84 change=-1 nr_running=1
           <...>-6732    [039] dns..   391.643651: sched_update_nr_running: cpu=39 change=1 nr_running=8
           <...>-6638    [010] dns..   391.643653: sched_update_nr_running: cpu=10 change=1 nr_running=7
    xfsaild/dm-0-1121    [039] d....   391.643658: sched_update_nr_running: cpu=39 change=-1 nr_running=7
       rcu_sched-16      [010] d....   391.643673: sched_update_nr_running: cpu=10 change=-1 nr_running=6
      sched_test-6840    [000] d.s..   391.650963: sched_update_nr_running: cpu=0 change=1 nr_running=7
  NetworkManager-1458    [000] d....   391.651057: sched_update_nr_running: cpu=0 change=-1 nr_running=6
           <...>-6761    [103] d.s..   391.653654: sched_update_nr_running: cpu=101 change=-1 nr_running=1
      sched_test-6678    [051] dns..   391.653654: sched_update_nr_running: cpu=55 change=-1 nr_running=2
           <...>-6764    [002] dns..   391.653655: sched_update_nr_running: cpu=2 change=1 nr_running=6
           <...>-6625    [034] dns..   391.653656: sched_update_nr_running: cpu=32 change=-1 nr_running=8
           <...>-6761    [103] d.s..   391.653658: sched_update_nr_running: cpu=103 change=1 nr_running=2
      sched_test-6678    [051] dns..   391.653659: sched_update_nr_running: cpu=51 change=1 nr_running=3
           <...>-6625    [034] dns..   391.653661: sched_update_nr_running: cpu=32 change=-1 nr_running=7
           <...>-6625    [034] dns..   391.653666: sched_update_nr_running: cpu=34 change=1 nr_running=5
           <...>-6625    [034] dns..   391.653670: sched_update_nr_running: cpu=34 change=1 nr_running=6
